Archive member included to satisfy reference by file (symbol)

c:/mounriver/mrs_community/toolchain/risc-v embedded gcc/bin/../lib/gcc/riscv-none-embed/8.2.0/../../../../riscv-none-embed/lib/rv32imac/ilp32\libg_nano.a(lib_a-printf.o)
                              ./main.o (printf)
c:/mounriver/mrs_community/toolchain/risc-v embedded gcc/bin/../lib/gcc/riscv-none-embed/8.2.0/../../../../riscv-none-embed/lib/rv32imac/ilp32\libg_nano.a(lib_a-putchar.o)
                              ./usb.o (putchar)
c:/mounriver/mrs_community/toolchain/risc-v embedded gcc/bin/../lib/gcc/riscv-none-embed/8.2.0/../../../../riscv-none-embed/lib/rv32imac/ilp32\libg_nano.a(lib_a-puts.o)
                              ./USBLIB/CONFIG/hw_config.o (puts)
c:/mounriver/mrs_community/toolchain/risc-v embedded gcc/bin/../lib/gcc/riscv-none-embed/8.2.0/../../../../riscv-none-embed/lib/rv32imac/ilp32\libg_nano.a(lib_a-wbuf.o)
                              c:/mounriver/mrs_community/toolchain/risc-v embedded gcc/bin/../lib/gcc/riscv-none-embed/8.2.0/../../../../riscv-none-embed/lib/rv32imac/ilp32\libg_nano.a(lib_a-puts.o) (__swbuf_r)
c:/mounriver/mrs_community/toolchain/risc-v embedded gcc/bin/../lib/gcc/riscv-none-embed/8.2.0/../../../../riscv-none-embed/lib/rv32imac/ilp32\libg_nano.a(lib_a-wsetup.o)
                              c:/mounriver/mrs_community/toolchain/risc-v embedded gcc/bin/../lib/gcc/riscv-none-embed/8.2.0/../../../../riscv-none-embed/lib/rv32imac/ilp32\libg_nano.a(lib_a-puts.o) (__swsetup_r)
c:/mounriver/mrs_community/toolchain/risc-v embedded gcc/bin/../lib/gcc/riscv-none-embed/8.2.0/../../../../riscv-none-embed/lib/rv32imac/ilp32\libg_nano.a(lib_a-fflush.o)
                              c:/mounriver/mrs_community/toolchain/risc-v embedded gcc/bin/../lib/gcc/riscv-none-embed/8.2.0/../../../../riscv-none-embed/lib/rv32imac/ilp32\libg_nano.a(lib_a-wbuf.o) (_fflush_r)
c:/mounriver/mrs_community/toolchain/risc-v embedded gcc/bin/../lib/gcc/riscv-none-embed/8.2.0/../../../../riscv-none-embed/lib/rv32imac/ilp32\libg_nano.a(lib_a-findfp.o)
                              c:/mounriver/mrs_community/toolchain/risc-v embedded gcc/bin/../lib/gcc/riscv-none-embed/8.2.0/../../../../riscv-none-embed/lib/rv32imac/ilp32\libg_nano.a(lib_a-printf.o) (__sinit)
c:/mounriver/mrs_community/toolchain/risc-v embedded gcc/bin/../lib/gcc/riscv-none-embed/8.2.0/../../../../riscv-none-embed/lib/rv32imac/ilp32\libg_nano.a(lib_a-fwalk.o)
                              c:/mounriver/mrs_community/toolchain/risc-v embedded gcc/bin/../lib/gcc/riscv-none-embed/8.2.0/../../../../riscv-none-embed/lib/rv32imac/ilp32\libg_nano.a(lib_a-findfp.o) (_fwalk)
c:/mounriver/mrs_community/toolchain/risc-v embedded gcc/bin/../lib/gcc/riscv-none-embed/8.2.0/../../../../riscv-none-embed/lib/rv32imac/ilp32\libg_nano.a(lib_a-impure.o)
                              c:/mounriver/mrs_community/toolchain/risc-v embedded gcc/bin/../lib/gcc/riscv-none-embed/8.2.0/../../../../riscv-none-embed/lib/rv32imac/ilp32\libg_nano.a(lib_a-fflush.o) (_global_impure_ptr)
c:/mounriver/mrs_community/toolchain/risc-v embedded gcc/bin/../lib/gcc/riscv-none-embed/8.2.0/../../../../riscv-none-embed/lib/rv32imac/ilp32\libg_nano.a(lib_a-makebuf.o)
                              c:/mounriver/mrs_community/toolchain/risc-v embedded gcc/bin/../lib/gcc/riscv-none-embed/8.2.0/../../../../riscv-none-embed/lib/rv32imac/ilp32\libg_nano.a(lib_a-wsetup.o) (__smakebuf_r)
c:/mounriver/mrs_community/toolchain/risc-v embedded gcc/bin/../lib/gcc/riscv-none-embed/8.2.0/../../../../riscv-none-embed/lib/rv32imac/ilp32\libg_nano.a(lib_a-memset.o)
                              c:/mounriver/mrs_community/toolchain/risc-v embedded gcc/bin/../lib/gcc/riscv-none-embed/8.2.0/../../../../riscv-none-embed/lib/rv32imac/ilp32\libg_nano.a(lib_a-findfp.o) (memset)
c:/mounriver/mrs_community/toolchain/risc-v embedded gcc/bin/../lib/gcc/riscv-none-embed/8.2.0/../../../../riscv-none-embed/lib/rv32imac/ilp32\libg_nano.a(lib_a-nano-freer.o)
                              c:/mounriver/mrs_community/toolchain/risc-v embedded gcc/bin/../lib/gcc/riscv-none-embed/8.2.0/../../../../riscv-none-embed/lib/rv32imac/ilp32\libg_nano.a(lib_a-wsetup.o) (_free_r)
c:/mounriver/mrs_community/toolchain/risc-v embedded gcc/bin/../lib/gcc/riscv-none-embed/8.2.0/../../../../riscv-none-embed/lib/rv32imac/ilp32\libg_nano.a(lib_a-nano-mallocr.o)
                              c:/mounriver/mrs_community/toolchain/risc-v embedded gcc/bin/../lib/gcc/riscv-none-embed/8.2.0/../../../../riscv-none-embed/lib/rv32imac/ilp32\libg_nano.a(lib_a-findfp.o) (_malloc_r)
c:/mounriver/mrs_community/toolchain/risc-v embedded gcc/bin/../lib/gcc/riscv-none-embed/8.2.0/../../../../riscv-none-embed/lib/rv32imac/ilp32\libg_nano.a(lib_a-nano-vfprintf.o)
                              c:/mounriver/mrs_community/toolchain/risc-v embedded gcc/bin/../lib/gcc/riscv-none-embed/8.2.0/../../../../riscv-none-embed/lib/rv32imac/ilp32\libg_nano.a(lib_a-printf.o) (_vfprintf_r)
[...]
Memory Configuration

Name             Origin             Length             Attributes
FLASH            0x0000000000000000 0x0000000000010000 xr
RAM              0x0000000020000000 0x0000000000005000 xrw
*default*        0x0000000000000000 0xffffffffffffffff

Linker script and memory map

LOAD ./USBLIB/USB-Driver/src/usb_core.o
LOAD ./USBLIB/USB-Driver/src/usb_init.o
LOAD ./USBLIB/USB-Driver/src/usb_int.o
LOAD ./USBLIB/USB-Driver/src/usb_mem.o
LOAD ./USBLIB/USB-Driver/src/usb_regs.o
LOAD ./USBLIB/USB-Driver/src/usb_sil.o
LOAD ./USBLIB/CONFIG/hw_config.o
LOAD ./USBLIB/CONFIG/usb_desc.o
LOAD ./USBLIB/CONFIG/usb_endp.o
LOAD ./USBLIB/CONFIG/usb_istr.o
LOAD ./USBLIB/CONFIG/usb_prop.o
LOAD ./USBLIB/CONFIG/usb_pwr.o
LOAD ./UART/UART.o
LOAD ./UART/cdc_fifo.o
LOAD ./ch32v20x_adc.o
LOAD ./ch32v20x_bkp.o
LOAD ./ch32v20x_can.o
LOAD ./ch32v20x_crc.o
LOAD ./ch32v20x_dbgmcu.o
LOAD ./ch32v20x_dma.o
LOAD ./ch32v20x_exti.o
LOAD ./ch32v20x_flash.o
LOAD ./ch32v20x_gpio.o
LOAD ./ch32v20x_i2c.o
LOAD ./ch32v20x_it.o
LOAD ./ch32v20x_iwdg.o
LOAD ./ch32v20x_misc.o
LOAD ./ch32v20x_pwr.o
LOAD ./ch32v20x_rcc.o
LOAD ./ch32v20x_rtc.o
LOAD ./ch32v20x_spi.o
LOAD ./ch32v20x_tim.o
LOAD ./ch32v20x_usart.o
LOAD ./ch32v20x_wwdg.o
LOAD ./core_riscv.o
LOAD ./debug.o
LOAD ./display.o
LOAD ./main.o
LOAD ./startup_ch32v20x_D6.o
LOAD ./support.o
LOAD ./system_ch32v20x.o
LOAD ./usb.o
LOAD c:/mounriver/mrs_community/toolchain/risc-v embedded gcc/bin/../lib/gcc/riscv-none-embed/8.2.0/rv32imac/ilp32\libgcc.a
LOAD c:/mounriver/mrs_community/toolchain/risc-v embedded gcc/bin/../lib/gcc/riscv-none-embed/8.2.0/../../../../riscv-none-embed/lib/rv32imac/ilp32\libg_nano.a
LOAD c:/mounriver/mrs_community/toolchain/risc-v embedded gcc/bin/../lib/gcc/riscv-none-embed/8.2.0/../../../../riscv-none-embed/lib/rv32imac/ilp32\libc_nano.a
LOAD c:/mounriver/mrs_community/toolchain/risc-v embedded gcc/bin/../lib/gcc/riscv-none-embed/8.2.0/rv32imac/ilp32\libgcc.a
START GROUP
LOAD c:/mounriver/mrs_community/toolchain/risc-v embedded gcc/bin/../lib/gcc/riscv-none-embed/8.2.0/rv32imac/ilp32\libgcc.a
LOAD c:/mounriver/mrs_community/toolchain/risc-v embedded gcc/bin/../lib/gcc/riscv-none-embed/8.2.0/../../../../riscv-none-embed/lib/rv32imac/ilp32\libc_nano.a
LOAD c:/mounriver/mrs_community/toolchain/risc-v embedded gcc/bin/../lib/gcc/riscv-none-embed/8.2.0/../../../../riscv-none-embed/lib/rv32imac/ilp32\libnosys.a
END GROUP
START GROUP
LOAD c:/mounriver/mrs_community/toolchain/risc-v embedded gcc/bin/../lib/gcc/riscv-none-embed/8.2.0/rv32imac/ilp32\libgcc.a
LOAD c:/mounriver/mrs_community/toolchain/risc-v embedded gcc/bin/../lib/gcc/riscv-none-embed/8.2.0/../../../../riscv-none-embed/lib/rv32imac/ilp32\libc_nano.a
LOAD c:/mounriver/mrs_community/toolchain/risc-v embedded gcc/bin/../lib/gcc/riscv-none-embed/8.2.0/../../../../riscv-none-embed/lib/rv32imac/ilp32\libnosys.a
END GROUP
                0x0000000000000800                __stack_size = 0x800
                [!provide]                        PROVIDE (_stack_size = __stack_size)

.init           0x0000000000000000       0x38
                0x0000000000000000                _sinit = .
                0x0000000000000000                . = ALIGN (0x4)
 *(SORT_NONE(.init))
 .init          0x0000000000000000       0x38 ./startup_ch32v20x_D6.o
                0x0000000000000000                _start
                0x0000000000000038                . = ALIGN (0x4)
                0x0000000000000038                _einit = .

.vector         0x0000000000000038      0x108
 *(.vector)
 .vector        0x0000000000000038       0xfc ./startup_ch32v20x_D6.o
                0x0000000000000140                . = ALIGN (0x40)
 *fill*         0x0000000000000134        0xc 

.text           0x0000000000000140     0x7114
                0x0000000000000140                . = ALIGN (0x4)
 *(.text)
 .text          0x0000000000000140       0xa8 c:/mounriver/mrs_community/toolchain/risc-v embedded gcc/bin/../lib/gcc/riscv-none-embed/8.2.0/../../../../riscv-none-embed/lib/rv32imac/ilp32\libg_nano.a(lib_a-memset.o)
                0x0000000000000140                memset
 *(.text.*)
 .text.Standard_GetConfiguration
                0x00000000000001e8       0x3a ./USBLIB/USB-Driver/src/usb_core.o
                0x00000000000001e8                Standard_GetConfiguration
 .text.Standard_SetConfiguration
                0x0000000000000222       0x5c ./USBLIB/USB-Driver/src/usb_core.o
                0x0000000000000222                Standard_SetConfiguration
 .text.Standard_GetInterface
                0x000000000000027e       0x3a ./USBLIB/USB-Driver/src/usb_core.o
                0x000000000000027e                Standard_GetInterface
 .text.Standard_SetInterface
                0x00000000000002b8       0x8e ./USBLIB/USB-Driver/src/usb_core.o
                0x00000000000002b8                Standard_SetInterface
 .text.Standard_GetStatus
                0x0000000000000346      0x162 ./USBLIB/USB-Driver/src/usb_core.o
                0x0000000000000346                Standard_GetStatus
 .text.Standard_ClearFeature
                0x00000000000004a8      0x332 ./USBLIB/USB-Driver/src/usb_core.o
                0x00000000000004a8                Standard_ClearFeature
 .text.Standard_SetEndPointFeature
                0x00000000000007da      0x21c ./USBLIB/USB-Driver/src/usb_core.o
                0x00000000000007da                Standard_SetEndPointFeature
 .text.Standard_SetDeviceFeature
                0x00000000000009f6       0x34 ./USBLIB/USB-Driver/src/usb_core.o
                0x00000000000009f6                Standard_SetDeviceFeature
 .text.Standard_GetDescriptorData
                0x0000000000000a2a       0x5c ./USBLIB/USB-Driver/src/usb_core.o
                0x0000000000000a2a                Standard_GetDescriptorData
 .text.DataStageOut
                0x0000000000000a86      0x15c ./USBLIB/USB-Driver/src/usb_core.o
 .text.DataStageIn
                0x0000000000000be2      0x168 ./USBLIB/USB-Driver/src/usb_core.o
 .text.NoData_Setup0
                0x0000000000000d4a      0x1e0 ./USBLIB/USB-Driver/src/usb_core.o
 .text.Data_Setup0
                0x0000000000000f2a      0x3be ./USBLIB/USB-Driver/src/usb_core.o
 .text.Setup0_Process
                0x00000000000012e8      0x128 ./USBLIB/USB-Driver/src/usb_core.o
                0x00000000000012e8                Setup0_Process
 .text.In0_Process
                0x0000000000001410       0xa8 ./USBLIB/USB-Driver/src/usb_core.o
                0x0000000000001410                In0_Process
 .text.Out0_Process
                0x00000000000014b8       0x94 ./USBLIB/USB-Driver/src/usb_core.o
                0x00000000000014b8                Out0_Process
 .text.Post0_Process
                0x000000000000154c       0x56 ./USBLIB/USB-Driver/src/usb_core.o
                0x000000000000154c                Post0_Process
 .text.SetDeviceAddress
                0x00000000000015a2       0xa6 ./USBLIB/USB-Driver/src/usb_core.o
                0x00000000000015a2                SetDeviceAddress
 .text.NOP_Process
                0x0000000000001648        0xe ./USBLIB/USB-Driver/src/usb_core.o
                0x0000000000001648                NOP_Process
 .text.USB_Init
                0x0000000000001656       0x44 ./USBLIB/USB-Driver/src/usb_init.o
                0x0000000000001656                USB_Init
 .text.CTR_LP   0x000000000000169a      0x66e ./USBLIB/USB-Driver/src/usb_int.o
                0x000000000000169a                CTR_LP
 .text.UserToPMABufferCopy
                0x0000000000001d08       0xae ./USBLIB/USB-Driver/src/usb_mem.o
                0x0000000000001d08                UserToPMABufferCopy
 .text.PMAToUserBufferCopy
                0x0000000000001db6       0x84 ./USBLIB/USB-Driver/src/usb_mem.o
                0x0000000000001db6                PMAToUserBufferCopy
 .text.SetBTABLE
                0x0000000000001e3a       0x28 ./USBLIB/USB-Driver/src/usb_regs.o
                0x0000000000001e3a                SetBTABLE
 .text.SetEPType
                0x0000000000001e62       0x6a ./USBLIB/USB-Driver/src/usb_regs.o
                0x0000000000001e62                SetEPType
 .text.SetEPTxStatus
                0x0000000000001ecc       0xe4 ./USBLIB/USB-Driver/src/usb_regs.o
                0x0000000000001ecc                SetEPTxStatus
 .text.SetEPRxStatus
                0x0000000000001fb0       0xe8 ./USBLIB/USB-Driver/src/usb_regs.o
                0x0000000000001fb0                SetEPRxStatus
 .text.SetEPRxValid
                0x0000000000002098       0xc2 ./USBLIB/USB-Driver/src/usb_regs.o
                0x0000000000002098                SetEPRxValid
 .text.Clear_Status_Out
                0x000000000000215a       0x64 ./USBLIB/USB-Driver/src/usb_regs.o
                0x000000000000215a                Clear_Status_Out
 .text.ClearDTOG_RX
                0x00000000000021be       0x76 ./USBLIB/USB-Driver/src/usb_regs.o
                0x00000000000021be                ClearDTOG_RX
 .text.ClearDTOG_TX
                0x0000000000002234       0x74 ./USBLIB/USB-Driver/src/usb_regs.o
                0x0000000000002234                ClearDTOG_TX
 .text.SetEPTxAddr
                0x00000000000022a8       0x4e ./USBLIB/USB-Driver/src/usb_regs.o
                0x00000000000022a8                SetEPTxAddr
 .text.SetEPRxAddr
                0x00000000000022f6       0x50 ./USBLIB/USB-Driver/src/usb_regs.o
                0x00000000000022f6                SetEPRxAddr
 .text.GetEPTxAddr
                0x0000000000002346       0x3a ./USBLIB/USB-Driver/src/usb_regs.o
                0x0000000000002346                GetEPTxAddr
 .text.GetEPRxAddr
                0x0000000000002380       0x3c ./USBLIB/USB-Driver/src/usb_regs.o
                0x0000000000002380                GetEPRxAddr
 .text.SetEPTxCount
                0x00000000000023bc       0x46 ./USBLIB/USB-Driver/src/usb_regs.o
                0x00000000000023bc                SetEPTxCount
 .text.SetEPRxCount
                0x0000000000002402      0x154 ./USBLIB/USB-Driver/src/usb_regs.o
                0x0000000000002402                SetEPRxCount
 .text.GetEPRxCount
                0x0000000000002556       0x44 ./USBLIB/USB-Driver/src/usb_regs.o
                0x0000000000002556                GetEPRxCount
 .text.ByteSwap
                0x000000000000259a       0x44 ./USBLIB/USB-Driver/src/usb_regs.o
                0x000000000000259a                ByteSwap
 .text.USB_SIL_Init
                0x00000000000025de       0x34 ./USBLIB/USB-Driver/src/usb_sil.o
                0x00000000000025de                USB_SIL_Init
 .text.USB_SIL_Write
                0x0000000000002612       0x64 ./USBLIB/USB-Driver/src/usb_sil.o
                0x0000000000002612                USB_SIL_Write
 .text.USBWakeUp_IRQHandler
                0x0000000000002676       0x18 ./USBLIB/CONFIG/hw_config.o
                0x0000000000002676                USBWakeUp_IRQHandler
 .text.USB_LP_CAN1_RX0_IRQHandler
                0x000000000000268e       0x12 ./USBLIB/CONFIG/hw_config.o
                0x000000000000268e                USB_LP_CAN1_RX0_IRQHandler
 .text.Set_USBConfig
                0x00000000000026a0       0x62 ./USBLIB/CONFIG/hw_config.o
                0x00000000000026a0                Set_USBConfig
 .text.Enter_LowPowerMode
                0x0000000000002702       0x22 ./USBLIB/CONFIG/hw_config.o
                0x0000000000002702                Enter_LowPowerMode
 .text.Leave_LowPowerMode
                0x0000000000002724       0x3c ./USBLIB/CONFIG/hw_config.o
                0x0000000000002724                Leave_LowPowerMode
 .text.USB_Interrupts_Config
                0x0000000000002760       0x74 ./USBLIB/CONFIG/hw_config.o
                0x0000000000002760                USB_Interrupts_Config
 .text.USB_Port_Set
                0x00000000000027d4      0x142 ./USBLIB/CONFIG/hw_config.o
                0x00000000000027d4                USB_Port_Set
 .text.EP1_IN_Callback
                0x0000000000002916        0xe ./USBLIB/CONFIG/usb_endp.o
                0x0000000000002916                EP1_IN_Callback
 .text.EP2_OUT_Callback
                0x0000000000002924      0x1f4 ./USBLIB/CONFIG/usb_endp.o
                0x0000000000002924                EP2_OUT_Callback
 .text.EP3_IN_Callback
                0x0000000000002b18       0x1a ./USBLIB/CONFIG/usb_endp.o
                0x0000000000002b18                EP3_IN_Callback
 .text.USBD_ENDPx_DataUp
                0x0000000000002b32       0x84 ./USBLIB/CONFIG/usb_endp.o
                0x0000000000002b32                USBD_ENDPx_DataUp
 .text.USB_Istr
                0x0000000000002bb6      0x316 ./USBLIB/CONFIG/usb_istr.o
                0x0000000000002bb6                USB_Istr
 .text.USBD_SetConfiguration
                0x0000000000002ecc       0x26 ./USBLIB/CONFIG/usb_prop.o
                0x0000000000002ecc                USBD_SetConfiguration
 .text.USBD_SetDeviceAddress
                0x0000000000002ef2       0x14 ./USBLIB/CONFIG/usb_prop.o
                0x0000000000002ef2                USBD_SetDeviceAddress
 .text.USBD_SetDeviceFeature
                0x0000000000002f06        0xe ./USBLIB/CONFIG/usb_prop.o
                0x0000000000002f06                USBD_SetDeviceFeature
 .text.USBD_ClearFeature
                0x0000000000002f14        0xe ./USBLIB/CONFIG/usb_prop.o
                0x0000000000002f14                USBD_ClearFeature
 .text.USBD_Status_In
                0x0000000000002f22       0x42 ./USBLIB/CONFIG/usb_prop.o
                0x0000000000002f22                USBD_Status_In
 .text.USBD_Status_Out
                0x0000000000002f64        0xe ./USBLIB/CONFIG/usb_prop.o
                0x0000000000002f64                USBD_Status_Out
 .text.USBD_init
                0x0000000000002f72       0x98 ./USBLIB/CONFIG/usb_prop.o
                0x0000000000002f72                USBD_init
 .text.USBD_Reset
                0x000000000000300a      0x302 ./USBLIB/CONFIG/usb_prop.o
                0x000000000000300a                USBD_Reset
 .text.USBD_GetDeviceDescriptor
                0x000000000000330c       0x2c ./USBLIB/CONFIG/usb_prop.o
                0x000000000000330c                USBD_GetDeviceDescriptor
 .text.USBD_GetConfigDescriptor
                0x0000000000003338       0x28 ./USBLIB/CONFIG/usb_prop.o
                0x0000000000003338                USBD_GetConfigDescriptor
 .text.USBD_GetStringDescriptor
                0x0000000000003360       0x52 ./USBLIB/CONFIG/usb_prop.o
                0x0000000000003360                USBD_GetStringDescriptor
 .text.USBD_Get_Interface_Setting
                0x00000000000033b2       0x36 ./USBLIB/CONFIG/usb_prop.o
                0x00000000000033b2                USBD_Get_Interface_Setting
 .text.USB_CDC_GetLineCoding
                0x00000000000033e8       0x2c ./USBLIB/CONFIG/usb_prop.o
                0x00000000000033e8                USB_CDC_GetLineCoding
 .text.USB_CDC_SetLineCoding
                0x0000000000003414       0x2c ./USBLIB/CONFIG/usb_prop.o
                0x0000000000003414                USB_CDC_SetLineCoding
 .text.USBD_Data_Setup
                0x0000000000003440       0xb0 ./USBLIB/CONFIG/usb_prop.o
                0x0000000000003440                USBD_Data_Setup
 .text.USBD_NoData_Setup
                0x00000000000034f0       0x52 ./USBLIB/CONFIG/usb_prop.o
                0x00000000000034f0                USBD_NoData_Setup
 .text.PowerOn  0x0000000000003542       0x5a ./USBLIB/CONFIG/usb_pwr.o
                0x0000000000003542                PowerOn
 .text.Suspend  0x000000000000359c      0x162 ./USBLIB/CONFIG/usb_pwr.o
                0x000000000000359c                Suspend
 .text.Resume_Init
                0x00000000000036fe       0x4c ./USBLIB/CONFIG/usb_pwr.o
                0x00000000000036fe                Resume_Init
 .text.Resume   0x000000000000374a      0x14e ./USBLIB/CONFIG/usb_pwr.o
                0x000000000000374a                Resume
 .text.NVIC_EnableIRQ
                0x0000000000003898       0x32 ./UART/UART.o
 .text.NVIC_DisableIRQ
                0x00000000000038ca       0x32 ./UART/UART.o
 .text.RCC_Configuration
                0x00000000000038fc       0x36 ./UART/UART.o
                0x00000000000038fc                RCC_Configuration
 .text.TIM2_Init
                0x0000000000003932       0x88 ./UART/UART.o
                0x0000000000003932                TIM2_Init
 .text.UART2_ParaInit
                0x00000000000039ba      0x1a4 ./UART/UART.o
                0x00000000000039ba                UART2_ParaInit
 .text.UART2_USB_Init
                0x0000000000003b5e       0x18 ./UART/UART.o
                0x0000000000003b5e                UART2_USB_Init
 .text.UART2_DataTx_Deal
                0x0000000000003b76      0x48e ./UART/UART.o
                0x0000000000003b76                UART2_DataTx_Deal
 .text.UART2_DataRx_Deal
                0x0000000000004004      0x3b2 ./UART/UART.o
                0x0000000000004004                UART2_DataRx_Deal
 .text.EXTI_Init
                0x00000000000043b6      0x170 ./ch32v20x_exti.o
                0x00000000000043b6                EXTI_Init
 .text.EXTI_ClearITPendingBit
                0x0000000000004526       0x20 ./ch32v20x_exti.o
                0x0000000000004526                EXTI_ClearITPendingBit
 .text.GPIO_Init
                0x0000000000004546      0x26c ./ch32v20x_gpio.o
                0x0000000000004546                GPIO_Init
 .text.GPIO_WriteBit
                0x00000000000047b2       0x54 ./ch32v20x_gpio.o
                0x00000000000047b2                GPIO_WriteBit
 .text.GPIO_PinRemapConfig
                0x0000000000004806      0x1f6 ./ch32v20x_gpio.o
                0x0000000000004806                GPIO_PinRemapConfig
 .text.NMI_Handler
                0x00000000000049fc       0x10 ./ch32v20x_it.o
                0x00000000000049fc                NMI_Handler
 .text.TIM2_IRQHandler
                0x0000000000004a0c       0x8c ./ch32v20x_it.o
                0x0000000000004a0c                TIM2_IRQHandler
 .text.HardFault_Handler
                0x0000000000004a98        0x8 ./ch32v20x_it.o
                0x0000000000004a98                HardFault_Handler
 .text.NVIC_EnableIRQ
                0x0000000000004aa0       0x32 ./ch32v20x_misc.o
 .text.NVIC_DisableIRQ
                0x0000000000004ad2       0x32 ./ch32v20x_misc.o
 .text.NVIC_SetPriority
                0x0000000000004b04       0x2a ./ch32v20x_misc.o
 .text.NVIC_PriorityGroupConfig
                0x0000000000004b2e       0x1a ./ch32v20x_misc.o
                0x0000000000004b2e                NVIC_PriorityGroupConfig
 .text.NVIC_Init
                0x0000000000004b48      0x23a ./ch32v20x_misc.o
                0x0000000000004b48                NVIC_Init
 .text.RCC_USBCLKConfig
                0x0000000000004d82       0x3c ./ch32v20x_rcc.o
                0x0000000000004d82                RCC_USBCLKConfig
 .text.RCC_GetClocksFreq
                0x0000000000004dbe      0x24c ./ch32v20x_rcc.o
                0x0000000000004dbe                RCC_GetClocksFreq
 .text.RCC_AHBPeriphClockCmd
                0x000000000000500a       0x46 ./ch32v20x_rcc.o
                0x000000000000500a                RCC_AHBPeriphClockCmd
 .text.RCC_APB2PeriphClockCmd
                0x0000000000005050       0x46 ./ch32v20x_rcc.o
                0x0000000000005050                RCC_APB2PeriphClockCmd
 .text.RCC_APB1PeriphClockCmd
                0x0000000000005096       0x46 ./ch32v20x_rcc.o
                0x0000000000005096                RCC_APB1PeriphClockCmd
 .text.RCC_APB2PeriphResetCmd
                0x00000000000050dc       0x46 ./ch32v20x_rcc.o
                0x00000000000050dc                RCC_APB2PeriphResetCmd
 .text.RCC_APB1PeriphResetCmd
                0x0000000000005122       0x46 ./ch32v20x_rcc.o
                0x0000000000005122                RCC_APB1PeriphResetCmd
 .text.TIM_DeInit
                0x0000000000005168       0xc2 ./ch32v20x_tim.o
                0x0000000000005168                TIM_DeInit
 .text.TIM_TimeBaseInit
                0x000000000000522a      0x10a ./ch32v20x_tim.o
                0x000000000000522a                TIM_TimeBaseInit
 .text.TIM_Cmd  0x0000000000005334       0x58 ./ch32v20x_tim.o
                0x0000000000005334                TIM_Cmd
 .text.TIM_ITConfig
                0x000000000000538c       0x70 ./ch32v20x_tim.o
                0x000000000000538c                TIM_ITConfig
 .text.TIM_ClearFlag
                0x00000000000053fc       0x2e ./ch32v20x_tim.o
                0x00000000000053fc                TIM_ClearFlag
 .text.USART_Init
                0x000000000000542a      0x234 ./ch32v20x_usart.o
                0x000000000000542a                USART_Init
 .text.USART_Cmd
                0x000000000000565e       0x60 ./ch32v20x_usart.o
                0x000000000000565e                USART_Cmd
 .text.USART_SendData
                0x00000000000056be       0x2e ./ch32v20x_usart.o
                0x00000000000056be                USART_SendData
 .text.USART_GetFlagStatus
                0x00000000000056ec       0x46 ./ch32v20x_usart.o
                0x00000000000056ec                USART_GetFlagStatus
 .text.uart_print_string
                0x0000000000005732       0x6c ./ch32v20x_usart.o
                0x0000000000005732                uart_print_string
 .text.Delay_Init
                0x000000000000579e       0x42 ./debug.o
                0x000000000000579e                Delay_Init
 .text.Delay_Ms
                0x00000000000057e0       0x84 ./debug.o
                0x00000000000057e0                Delay_Ms
 .text.USART_Printf_Init
                0x0000000000005864       0xac ./debug.o
                0x0000000000005864                USART_Printf_Init
 .text._write   0x0000000000005910       0x76 ./debug.o
                0x0000000000005910                _write
 .text._sbrk    0x0000000000005986       0x5a ./debug.o
                0x0000000000005986                _sbrk
 .text.gpio_init
                0x00000000000059e0       0x60 ./main.o
                0x00000000000059e0                gpio_init
 .text.main     0x0000000000005a40       0x8a ./main.o
                0x0000000000005a40                main
 .text.vector_handler
                0x0000000000005aca       0x6c ./startup_ch32v20x_D6.o
                0x0000000000005ace                Ecall_M_Mode_Handler
                0x0000000000005ad0                Ecall_U_Mode_Handler
                0x0000000000005ad2                Break_Point_Handler
                0x0000000000005ad4                SysTick_Handler
                0x0000000000005ad6                SW_Handler
                0x0000000000005ad8                WWDG_IRQHandler
                0x0000000000005ada                PVD_IRQHandler
                0x0000000000005adc                TAMPER_IRQHandler
                0x0000000000005ade                RTC_IRQHandler
                0x0000000000005ae0                FLASH_IRQHandler
                0x0000000000005ae2                RCC_IRQHandler
                0x0000000000005ae4                EXTI0_IRQHandler
                0x0000000000005ae6                EXTI1_IRQHandler
                0x0000000000005ae8                EXTI2_IRQHandler
                0x0000000000005aea                EXTI3_IRQHandler
                0x0000000000005aec                EXTI4_IRQHandler
                0x0000000000005aee                DMA1_Channel1_IRQHandler
                0x0000000000005af0                DMA1_Channel2_IRQHandler
                0x0000000000005af2                DMA1_Channel3_IRQHandler
                0x0000000000005af4                DMA1_Channel4_IRQHandler
                0x0000000000005af6                DMA1_Channel5_IRQHandler
                0x0000000000005af8                DMA1_Channel6_IRQHandler
                0x0000000000005afa                DMA1_Channel7_IRQHandler
                0x0000000000005afc                ADC1_2_IRQHandler
                0x0000000000005afe                USB_HP_CAN1_TX_IRQHandler
                0x0000000000005b02                CAN1_RX1_IRQHandler
                0x0000000000005b04                CAN1_SCE_IRQHandler
                0x0000000000005b06                EXTI9_5_IRQHandler
                0x0000000000005b08                TIM1_BRK_IRQHandler
                0x0000000000005b0a                TIM1_UP_IRQHandler
                0x0000000000005b0c                TIM1_TRG_COM_IRQHandler
                0x0000000000005b0e                TIM1_CC_IRQHandler
                0x0000000000005b12                TIM3_IRQHandler
                0x0000000000005b14                TIM4_IRQHandler
                0x0000000000005b16                I2C1_EV_IRQHandler
                0x0000000000005b18                I2C1_ER_IRQHandler
                0x0000000000005b1a                I2C2_EV_IRQHandler
                0x0000000000005b1c                I2C2_ER_IRQHandler
                0x0000000000005b1e                SPI1_IRQHandler
                0x0000000000005b20                SPI2_IRQHandler
                0x0000000000005b22                USART1_IRQHandler
                0x0000000000005b24                USART2_IRQHandler
                0x0000000000005b26                USART3_IRQHandler
                0x0000000000005b28                EXTI15_10_IRQHandler
                0x0000000000005b2a                RTCAlarm_IRQHandler
                0x0000000000005b2e                USBHD_IRQHandler
                0x0000000000005b30                USBHDWakeUp_IRQHandler
                0x0000000000005b32                UART4_IRQHandler
                0x0000000000005b34                DMA1_Channel8_IRQHandler
 .text.handle_reset
                0x0000000000005b36       0x86 ./startup_ch32v20x_D6.o
                0x0000000000005b36                handle_reset
 .text.byte_to_hex
                0x0000000000005bbc       0x84 ./support.o
                0x0000000000005bbc                byte_to_hex
 .text.word_to_hex
                0x0000000000005c40       0x4a ./support.o
                0x0000000000005c40                word_to_hex
 .text.print_hex_word
                0x0000000000005c8a       0x3c ./support.o
                0x0000000000005c8a                print_hex_word
 .text.SystemInit
                0x0000000000005cc6       0x7c ./system_ch32v20x.o
                0x0000000000005cc6                SystemInit
 .text.SetSysClock
                0x0000000000005d42       0x14 ./system_ch32v20x.o
 .text.SetSysClockTo96_HSE
                0x0000000000005d56      0x114 ./system_ch32v20x.o
 .text.printf   0x0000000000005e6a       0x40 c:/mounriver/mrs_community/toolchain/risc-v embedded gcc/bin/../lib/gcc/riscv-none-embed/8.2.0/../../../../riscv-none-embed/lib/rv32imac/ilp32\libg_nano.a(lib_a-printf.o)
                0x0000000000005e6a                iprintf
                0x0000000000005e6a                printf
 .text._puts_r  0x0000000000005eaa       0xda c:/mounriver/mrs_community/toolchain/risc-v embedded gcc/bin/../lib/gcc/riscv-none-embed/8.2.0/../../../../riscv-none-embed/lib/rv32imac/ilp32\libg_nano.a(lib_a-puts.o)
                0x0000000000005eaa                _puts_r
 .text.puts     0x0000000000005f84        0xc c:/mounriver/mrs_community/toolchain/risc-v embedded gcc/bin/../lib/gcc/riscv-none-embed/8.2.0/../../../../riscv-none-embed/lib/rv32imac/ilp32\libg_nano.a(lib_a-puts.o)
                0x0000000000005f84                puts
 .text.__swbuf_r
                0x0000000000005f90       0xc0 c:/mounriver/mrs_community/toolchain/risc-v embedded gcc/bin/../lib/gcc/riscv-none-embed/8.2.0/../../../../riscv-none-embed/lib/rv32imac/ilp32\libg_nano.a(lib_a-wbuf.o)
                0x0000000000005f90                __swbuf_r
 .text.__swsetup_r
                0x0000000000006050      0x10c c:/mounriver/mrs_community/toolchain/risc-v embedded gcc/bin/../lib/gcc/riscv-none-embed/8.2.0/../../../../riscv-none-embed/lib/rv32imac/ilp32\libg_nano.a(lib_a-wsetup.o)
                0x0000000000006050                __swsetup_r
 .text.__sflush_r
                0x000000000000615c      0x13c c:/mounriver/mrs_community/toolchain/risc-v embedded gcc/bin/../lib/gcc/riscv-none-embed/8.2.0/../../../../riscv-none-embed/lib/rv32imac/ilp32\libg_nano.a(lib_a-fflush.o)
                0x000000000000615c                __sflush_r
 .text._fflush_r
                0x0000000000006298       0x66 c:/mounriver/mrs_community/toolchain/risc-v embedded gcc/bin/../lib/gcc/riscv-none-embed/8.2.0/../../../../riscv-none-embed/lib/rv32imac/ilp32\libg_nano.a(lib_a-fflush.o)
                0x0000000000006298                _fflush_r
 .text.std      0x00000000000062fe       0x6a c:/mounriver/mrs_community/toolchain/risc-v embedded gcc/bin/../lib/gcc/riscv-none-embed/8.2.0/../../../../riscv-none-embed/lib/rv32imac/ilp32\libg_nano.a(lib_a-findfp.o)
 .text._cleanup_r
                0x0000000000006368        0xa c:/mounriver/mrs_community/toolchain/risc-v embedded gcc/bin/../lib/gcc/riscv-none-embed/8.2.0/../../../../riscv-none-embed/lib/rv32imac/ilp32\libg_nano.a(lib_a-findfp.o)
                0x0000000000006368                _cleanup_r
 .text.__sfmoreglue
                0x0000000000006372       0x46 c:/mounriver/mrs_community/toolchain/risc-v embedded gcc/bin/../lib/gcc/riscv-none-embed/8.2.0/../../../../riscv-none-embed/lib/rv32imac/ilp32\libg_nano.a(lib_a-findfp.o)
                0x0000000000006372                __sfmoreglue
 .text.__sinit  0x00000000000063b8       0x6c c:/mounriver/mrs_community/toolchain/risc-v embedded gcc/bin/../lib/gcc/riscv-none-embed/8.2.0/../../../../riscv-none-embed/lib/rv32imac/ilp32\libg_nano.a(lib_a-findfp.o)
                0x00000000000063b8                __sinit
 .text.__sfp    0x0000000000006424       0xa0 c:/mounriver/mrs_community/toolchain/risc-v embedded gcc/bin/../lib/gcc/riscv-none-embed/8.2.0/../../../../riscv-none-embed/lib/rv32imac/ilp32\libg_nano.a(lib_a-findfp.o)
                0x0000000000006424                __sfp
 .text._fwalk_reent
                0x00000000000064c4       0x6c c:/mounriver/mrs_community/toolchain/risc-v embedded gcc/bin/../lib/gcc/riscv-none-embed/8.2.0/../../../../riscv-none-embed/lib/rv32imac/ilp32\libg_nano.a(lib_a-fwalk.o)
                0x00000000000064c4                _fwalk_reent
 .text.__swhatbuf_r
                0x0000000000006530       0x5a c:/mounriver/mrs_community/toolchain/risc-v embedded gcc/bin/../lib/gcc/riscv-none-embed/8.2.0/../../../../riscv-none-embed/lib/rv32imac/ilp32\libg_nano.a(lib_a-makebuf.o)
                0x0000000000006530                __swhatbuf_r
 .text.__smakebuf_r
                0x000000000000658a       0xa0 c:/mounriver/mrs_community/toolchain/risc-v embedded gcc/bin/../lib/gcc/riscv-none-embed/8.2.0/../../../../riscv-none-embed/lib/rv32imac/ilp32\libg_nano.a(lib_a-makebuf.o)
                0x000000000000658a                __smakebuf_r
 .text._free_r  0x000000000000662a       0xa8 c:/mounriver/mrs_community/toolchain/risc-v embedded gcc/bin/../lib/gcc/riscv-none-embed/8.2.0/../../../../riscv-none-embed/lib/rv32imac/ilp32\libg_nano.a(lib_a-nano-freer.o)
                0x000000000000662a                _free_r
 .text._malloc_r
                0x00000000000066d2       0xd4 c:/mounriver/mrs_community/toolchain/risc-v embedded gcc/bin/../lib/gcc/riscv-none-embed/8.2.0/../../../../riscv-none-embed/lib/rv32imac/ilp32\libg_nano.a(lib_a-nano-mallocr.o)
                0x00000000000066d2                _malloc_r
 .text.__sfputc_r
                0x00000000000067a6       0x2a c:/mounriver/mrs_community/toolchain/risc-v embedded gcc/bin/../lib/gcc/riscv-none-embed/8.2.0/../../../../riscv-none-embed/lib/rv32imac/ilp32\libg_nano.a(lib_a-nano-vfprintf.o)
 .text.__sfputs_r
                0x00000000000067d0       0x44 c:/mounriver/mrs_community/toolchain/risc-v embedded gcc/bin/../lib/gcc/riscv-none-embed/8.2.0/../../../../riscv-none-embed/lib/rv32imac/ilp32\libg_nano.a(lib_a-nano-vfprintf.o)
                0x00000000000067d0                __sfputs_r
 .text._vfprintf_r
                0x0000000000006814      0x29c c:/mounriver/mrs_community/toolchain/risc-v embedded gcc/bin/../lib/gcc/riscv-none-embed/8.2.0/../../../../riscv-none-embed/lib/rv32imac/ilp32\libg_nano.a(lib_a-nano-vfprintf.o)
                0x0000000000006814                _vfprintf_r
                0x0000000000006814                _vfiprintf_r
 .text._printf_common
                0x0000000000006ab0      0x10c c:/mounriver/mrs_community/toolchain/risc-v embedded gcc/bin/../lib/gcc/riscv-none-embed/8.2.0/../../../../riscv-none-embed/lib/rv32imac/ilp32\libg_nano.a(lib_a-nano-vfprintf_i.o)
                0x0000000000006ab0                _printf_common
 .text._printf_i
                0x0000000000006bbc      0x2aa c:/mounriver/mrs_community/toolchain/risc-v embedded gcc/bin/../lib/gcc/riscv-none-embed/8.2.0/../../../../riscv-none-embed/lib/rv32imac/ilp32\libg_nano.a(lib_a-nano-vfprintf_i.o)
                0x0000000000006bbc                _printf_i
 .text._sbrk_r  0x0000000000006e66       0x2a c:/mounriver/mrs_community/toolchain/risc-v embedded gcc/bin/../lib/gcc/riscv-none-embed/8.2.0/../../../../riscv-none-embed/lib/rv32imac/ilp32\libg_nano.a(lib_a-sbrkr.o)
                0x0000000000006e66                _sbrk_r
 .text.__sread  0x0000000000006e90       0x30 c:/mounriver/mrs_community/toolchain/risc-v embedded gcc/bin/../lib/gcc/riscv-none-embed/8.2.0/../../../../riscv-none-embed/lib/rv32imac/ilp32\libg_nano.a(lib_a-stdio.o)
                0x0000000000006e90                __sread
 .text.__swrite
                0x0000000000006ec0       0x4e c:/mounriver/mrs_community/toolchain/risc-v embedded gcc/bin/../lib/gcc/riscv-none-embed/8.2.0/../../../../riscv-none-embed/lib/rv32imac/ilp32\libg_nano.a(lib_a-stdio.o)
                0x0000000000006ec0                __swrite
 .text.__sseek  0x0000000000006f0e       0x36 c:/mounriver/mrs_community/toolchain/risc-v embedded gcc/bin/../lib/gcc/riscv-none-embed/8.2.0/../../../../riscv-none-embed/lib/rv32imac/ilp32\libg_nano.a(lib_a-stdio.o)
                0x0000000000006f0e                __sseek
 .text.__sclose
                0x0000000000006f44        0x6 c:/mounriver/mrs_community/toolchain/risc-v embedded gcc/bin/../lib/gcc/riscv-none-embed/8.2.0/../../../../riscv-none-embed/lib/rv32imac/ilp32\libg_nano.a(lib_a-stdio.o)
                0x0000000000006f44                __sclose
 .text._write_r
                0x0000000000006f4a       0x2e c:/mounriver/mrs_community/toolchain/risc-v embedded gcc/bin/../lib/gcc/riscv-none-embed/8.2.0/../../../../riscv-none-embed/lib/rv32imac/ilp32\libg_nano.a(lib_a-writer.o)
                0x0000000000006f4a                _write_r
 .text._close_r
                0x0000000000006f78       0x28 c:/mounriver/mrs_community/toolchain/risc-v embedded gcc/bin/../lib/gcc/riscv-none-embed/8.2.0/../../../../riscv-none-embed/lib/rv32imac/ilp32\libg_nano.a(lib_a-closer.o)
                0x0000000000006f78                _close_r
 .text._fstat_r
                0x0000000000006fa0       0x2a c:/mounriver/mrs_community/toolchain/risc-v embedded gcc/bin/../lib/gcc/riscv-none-embed/8.2.0/../../../../riscv-none-embed/lib/rv32imac/ilp32\libg_nano.a(lib_a-fstatr.o)
                0x0000000000006fa0                _fstat_r
 .text._isatty_r
                0x0000000000006fca       0x28 c:/mounriver/mrs_community/toolchain/risc-v embedded gcc/bin/../lib/gcc/riscv-none-embed/8.2.0/../../../../riscv-none-embed/lib/rv32imac/ilp32\libg_nano.a(lib_a-isattyr.o)
                0x0000000000006fca                _isatty_r
 .text._lseek_r
                0x0000000000006ff2       0x2c c:/mounriver/mrs_community/toolchain/risc-v embedded gcc/bin/../lib/gcc/riscv-none-embed/8.2.0/../../../../riscv-none-embed/lib/rv32imac/ilp32\libg_nano.a(lib_a-lseekr.o)
                0x0000000000006ff2                _lseek_r
 .text.memchr   0x000000000000701e       0x1a c:/mounriver/mrs_community/toolchain/risc-v embedded gcc/bin/../lib/gcc/riscv-none-embed/8.2.0/../../../../riscv-none-embed/lib/rv32imac/ilp32\libg_nano.a(lib_a-memchr.o)
                0x000000000000701e                memchr
 .text.__malloc_lock
                0x0000000000007038        0x2 c:/mounriver/mrs_community/toolchain/risc-v embedded gcc/bin/../lib/gcc/riscv-none-embed/8.2.0/../../../../riscv-none-embed/lib/rv32imac/ilp32\libg_nano.a(lib_a-mlock.o)
                0x0000000000007038                __malloc_lock
 .text.__malloc_unlock
                0x000000000000703a        0x2 c:/mounriver/mrs_community/toolchain/risc-v embedded gcc/bin/../lib/gcc/riscv-none-embed/8.2.0/../../../../riscv-none-embed/lib/rv32imac/ilp32\libg_nano.a(lib_a-mlock.o)
                0x000000000000703a                __malloc_unlock
 .text._read_r  0x000000000000703c       0x2c c:/mounriver/mrs_community/toolchain/risc-v embedded gcc/bin/../lib/gcc/riscv-none-embed/8.2.0/../../../../riscv-none-embed/lib/rv32imac/ilp32\libg_nano.a(lib_a-readr.o)
                0x000000000000703c                _read_r
 .text._close   0x0000000000007068        0xc c:/mounriver/mrs_community/toolchain/risc-v embedded gcc/bin/../lib/gcc/riscv-none-embed/8.2.0/../../../../riscv-none-embed/lib/rv32imac/ilp32\libnosys.a(close.o)
                0x0000000000007068                _close
 .text._fstat   0x0000000000007074        0xc c:/mounriver/mrs_community/toolchain/risc-v embedded gcc/bin/../lib/gcc/riscv-none-embed/8.2.0/../../../../riscv-none-embed/lib/rv32imac/ilp32\libnosys.a(fstat.o)
                0x0000000000007074                _fstat
 .text._isatty  0x0000000000007080        0xc c:/mounriver/mrs_community/toolchain/risc-v embedded gcc/bin/../lib/gcc/riscv-none-embed/8.2.0/../../../../riscv-none-embed/lib/rv32imac/ilp32\libnosys.a(isatty.o)
                0x0000000000007080                _isatty
 .text._lseek   0x000000000000708c        0xc c:/mounriver/mrs_community/toolchain/risc-v embedded gcc/bin/../lib/gcc/riscv-none-embed/8.2.0/../../../../riscv-none-embed/lib/rv32imac/ilp32\libnosys.a(lseek.o)
                0x000000000000708c                _lseek
 .text._read    0x0000000000007098        0xc c:/mounriver/mrs_community/toolchain/risc-v embedded gcc/bin/../lib/gcc/riscv-none-embed/8.2.0/../../../../riscv-none-embed/lib/rv32imac/ilp32\libnosys.a(read.o)
                0x0000000000007098                _read
 *(.rodata)
 .rodata        0x00000000000070a4       0x36 ./USBLIB/CONFIG/hw_config.o
 *fill*         0x00000000000070da        0x2 
 .rodata        0x00000000000070dc        0x5 ./UART/UART.o
 *fill*         0x00000000000070e1        0x3 
 .rodata        0x00000000000070e4       0x27 ./main.o
 *fill*         0x000000000000710b        0x1 
 .rodata        0x000000000000710c       0x12 ./support.o
 *(.rodata*)
 *fill*         0x000000000000711e        0x2 
 .rodata.USBD_DeviceDescriptor
                0x0000000000007120       0x12 ./USBLIB/CONFIG/usb_desc.o
                0x0000000000007120                USBD_DeviceDescriptor
 *fill*         0x0000000000007132        0x2 
 .rodata.USBD_ConfigDescriptor
                0x0000000000007134       0x43 ./USBLIB/CONFIG/usb_desc.o
                0x0000000000007134                USBD_ConfigDescriptor
 *fill*         0x0000000000007177        0x1 
 .rodata.USBD_StringVendor
                0x0000000000007178        0xe ./USBLIB/CONFIG/usb_desc.o
                0x0000000000007178                USBD_StringVendor
 *fill*         0x0000000000007186        0x2 
 .rodata.USBD_StringProduct
                0x0000000000007188       0x16 ./USBLIB/CONFIG/usb_desc.o
                0x0000000000007188                USBD_StringProduct
 *fill*         0x000000000000719e        0x2 
 .rodata.Resume
                0x00000000000071a0       0x18 ./USBLIB/CONFIG/usb_pwr.o
 .rodata.__sf_fake_stderr
                0x00000000000071b8       0x20 c:/mounriver/mrs_community/toolchain/risc-v embedded gcc/bin/../lib/gcc/riscv-none-embed/8.2.0/../../../../riscv-none-embed/lib/rv32imac/ilp32\libg_nano.a(lib_a-findfp.o)
                0x00000000000071b8                __sf_fake_stderr
 .rodata.__sf_fake_stdin
                0x00000000000071d8       0x20 c:/mounriver/mrs_community/toolchain/risc-v embedded gcc/bin/../lib/gcc/riscv-none-embed/8.2.0/../../../../riscv-none-embed/lib/rv32imac/ilp32\libg_nano.a(lib_a-findfp.o)
                0x00000000000071d8                __sf_fake_stdin
 .rodata.__sf_fake_stdout
                0x00000000000071f8       0x20 c:/mounriver/mrs_community/toolchain/risc-v embedded gcc/bin/../lib/gcc/riscv-none-embed/8.2.0/../../../../riscv-none-embed/lib/rv32imac/ilp32\libg_nano.a(lib_a-findfp.o)
                0x00000000000071f8                __sf_fake_stdout
 .rodata._vfprintf_r.str1.4
                0x0000000000007218       0x13 c:/mounriver/mrs_community/toolchain/risc-v embedded gcc/bin/../lib/gcc/riscv-none-embed/8.2.0/../../../../riscv-none-embed/lib/rv32imac/ilp32\libg_nano.a(lib_a-nano-vfprintf.o)
 *fill*         0x000000000000722b        0x1 
 .rodata._printf_i.str1.4
                0x000000000000722c       0x28 c:/mounriver/mrs_community/toolchain/risc-v embedded gcc/bin/../lib/gcc/riscv-none-embed/8.2.0/../../../../riscv-none-embed/lib/rv32imac/ilp32\libg_nano.a(lib_a-nano-vfprintf_i.o)
                                         0x25 (size before relaxing)
 *(.gnu.linkonce.t.*)
                0x0000000000007254                . = ALIGN (0x4)

.rela.dyn       0x0000000000007254        0x0
 .rela.text.Standard_GetConfiguration
                0x0000000000007254        0x0 ./USBLIB/USB-Driver/src/usb_core.o
 .rela.text.Standard_SetConfiguration
                0x0000000000007254        0x0 ./USBLIB/USB-Driver/src/usb_core.o
 .rela.text.Standard_GetInterface
                0x0000000000007254        0x0 ./USBLIB/USB-Driver/src/usb_core.o
 .rela.text.Standard_SetInterface
                0x0000000000007254        0x0 ./USBLIB/USB-Driver/src/usb_core.o
 .rela.text.Standard_GetStatus
                0x0000000000007254        0x0 ./USBLIB/USB-Driver/src/usb_core.o
 .rela.text.Standard_ClearFeature
                0x0000000000007254        0x0 ./USBLIB/USB-Driver/src/usb_core.o
 .rela.text.Standard_SetEndPointFeature
                0x0000000000007254        0x0 ./USBLIB/USB-Driver/src/usb_core.o
 .rela.text.Standard_SetDeviceFeature
                0x0000000000007254        0x0 ./USBLIB/USB-Driver/src/usb_core.o
 .rela.text.Standard_GetDescriptorData
                0x0000000000007254        0x0 ./USBLIB/USB-Driver/src/usb_core.o
 .rela.text.DataStageOut
                0x0000000000007254        0x0 ./USBLIB/USB-Driver/src/usb_core.o
 .rela.text.DataStageIn
                0x0000000000007254        0x0 ./USBLIB/USB-Driver/src/usb_core.o
 .rela.text.NoData_Setup0
                0x0000000000007254        0x0 ./USBLIB/USB-Driver/src/usb_core.o
 .rela.text.Data_Setup0
                0x0000000000007254        0x0 ./USBLIB/USB-Driver/src/usb_core.o
 .rela.text.Setup0_Process
                0x0000000000007254        0x0 ./USBLIB/USB-Driver/src/usb_core.o
 .rela.text.In0_Process
                0x0000000000007254        0x0 ./USBLIB/USB-Driver/src/usb_core.o
 .rela.text.Out0_Process
                0x0000000000007254        0x0 ./USBLIB/USB-Driver/src/usb_core.o
 .rela.text.Post0_Process
                0x0000000000007254        0x0 ./USBLIB/USB-Driver/src/usb_core.o
 .rela.text.USB_Init
                0x0000000000007254        0x0 ./USBLIB/USB-Driver/src/usb_core.o
 .rela.text.CTR_LP
                0x0000000000007254        0x0 ./USBLIB/USB-Driver/src/usb_core.o
 .rela.text.SetEPRxCount
                0x0000000000007254        0x0 ./USBLIB/USB-Driver/src/usb_core.o
 .rela.text.USB_SIL_Init
                0x0000000000007254        0x0 ./USBLIB/USB-Driver/src/usb_core.o
 .rela.text.Leave_LowPowerMode
                0x0000000000007254        0x0 ./USBLIB/USB-Driver/src/usb_core.o
 .rela.text.EP2_OUT_Callback
                0x0000000000007254        0x0 ./USBLIB/USB-Driver/src/usb_core.o
 .rela.text.EP3_IN_Callback
                0x0000000000007254        0x0 ./USBLIB/USB-Driver/src/usb_core.o
 .rela.text.USBD_ENDPx_DataUp
                0x0000000000007254        0x0 ./USBLIB/USB-Driver/src/usb_core.o
 .rela.text.USB_Istr
                0x0000000000007254        0x0 ./USBLIB/USB-Driver/src/usb_core.o
 .rela.text.USBD_SetConfiguration
                0x0000000000007254        0x0 ./USBLIB/USB-Driver/src/usb_core.o
 .rela.text.USBD_Status_In
                0x0000000000007254        0x0 ./USBLIB/USB-Driver/src/usb_core.o
 .rela.text.USBD_init
                0x0000000000007254        0x0 ./USBLIB/USB-Driver/src/usb_core.o
 .rela.text.USBD_Reset
                0x0000000000007254        0x0 ./USBLIB/USB-Driver/src/usb_core.o
 .rela.text.USBD_GetStringDescriptor
                0x0000000000007254        0x0 ./USBLIB/USB-Driver/src/usb_core.o
 .rela.text.USB_CDC_GetLineCoding
                0x0000000000007254        0x0 ./USBLIB/USB-Driver/src/usb_core.o
 .rela.text.USB_CDC_SetLineCoding
                0x0000000000007254        0x0 ./USBLIB/USB-Driver/src/usb_core.o
 .rela.text.USBD_Data_Setup
                0x0000000000007254        0x0 ./USBLIB/USB-Driver/src/usb_core.o
 .rela.text.USBD_NoData_Setup
                0x0000000000007254        0x0 ./USBLIB/USB-Driver/src/usb_core.o
 .rela.text.PowerOn
                0x0000000000007254        0x0 ./USBLIB/USB-Driver/src/usb_core.o
 .rela.text.Suspend
                0x0000000000007254        0x0 ./USBLIB/USB-Driver/src/usb_core.o
 .rela.text.Resume
                0x0000000000007254        0x0 ./USBLIB/USB-Driver/src/usb_core.o
 .rela.text.UART2_ParaInit
                0x0000000000007254        0x0 ./USBLIB/USB-Driver/src/usb_core.o
 .rela.text.UART2_DataTx_Deal
                0x0000000000007254        0x0 ./USBLIB/USB-Driver/src/usb_core.o
 .rela.text.UART2_DataRx_Deal
                0x0000000000007254        0x0 ./USBLIB/USB-Driver/src/usb_core.o
 .rela.text.TIM2_IRQHandler
                0x0000000000007254        0x0 ./USBLIB/USB-Driver/src/usb_core.o
 .rela.sdata.curbrk.4591
                0x0000000000007254        0x0 ./USBLIB/USB-Driver/src/usb_core.o
 .rela.text._sbrk
                0x0000000000007254        0x0 ./USBLIB/USB-Driver/src/usb_core.o
 .rela.init     0x0000000000007254        0x0 ./USBLIB/USB-Driver/src/usb_core.o
 .rela.vector   0x0000000000007254        0x0 ./USBLIB/USB-Driver/src/usb_core.o
 .rela.text.handle_reset
                0x0000000000007254        0x0 ./USBLIB/USB-Driver/src/usb_core.o
 .rela.text._vfprintf_r
                0x0000000000007254        0x0 ./USBLIB/USB-Driver/src/usb_core.o
 .rela.text._sbrk_r
                0x0000000000007254        0x0 ./USBLIB/USB-Driver/src/usb_core.o
 .rela.text._write_r
                0x0000000000007254        0x0 ./USBLIB/USB-Driver/src/usb_core.o
 .rela.text._close_r
                0x0000000000007254        0x0 ./USBLIB/USB-Driver/src/usb_core.o
 .rela.text._fstat_r
                0x0000000000007254        0x0 ./USBLIB/USB-Driver/src/usb_core.o
 .rela.text._isatty_r
                0x0000000000007254        0x0 ./USBLIB/USB-Driver/src/usb_core.o
 .rela.text._lseek_r
                0x0000000000007254        0x0 ./USBLIB/USB-Driver/src/usb_core.o
 .rela.text._read_r
                0x0000000000007254        0x0 ./USBLIB/USB-Driver/src/usb_core.o
 .rela.text._close
                0x0000000000007254        0x0 ./USBLIB/USB-Driver/src/usb_core.o
 .rela.text._fstat
                0x0000000000007254        0x0 ./USBLIB/USB-Driver/src/usb_core.o
 .rela.text._isatty
                0x0000000000007254        0x0 ./USBLIB/USB-Driver/src/usb_core.o
 .rela.text._lseek
                0x0000000000007254        0x0 ./USBLIB/USB-Driver/src/usb_core.o
 .rela.text._read
                0x0000000000007254        0x0 ./USBLIB/USB-Driver/src/usb_core.o

.fini           0x0000000000007254        0x0
 *(SORT_NONE(.fini))
                0x0000000000007254                . = ALIGN (0x4)
                [!provide]                        PROVIDE (_etext = .)
                [!provide]                        PROVIDE (_eitcm = .)

.preinit_array  0x0000000000007254        0x0
                [!provide]                        PROVIDE (__preinit_array_start = .)
 *(.preinit_array)
                [!provide]                        PROVIDE (__preinit_array_end = .)

.init_array     0x0000000000007254        0x0
                [!provide]                        PROVIDE (__init_array_start = .)
 *(SORT_BY_INIT_PRIORITY(.init_array.*) SORT_BY_INIT_PRIORITY(.ctors.*))
 *(.init_array EXCLUDE_FILE(*crtend?.o *crtend.o *crtbegin?.o *crtbegin.o) .ctors)
                [!provide]                        PROVIDE (__init_array_end = .)

.fini_array     0x0000000000007254        0x0
                [!provide]                        PROVIDE (__fini_array_start = .)
 *(SORT_BY_INIT_PRIORITY(.fini_array.*) SORT_BY_INIT_PRIORITY(.dtors.*))
 *(.fini_array EXCLUDE_FILE(*crtend?.o *crtend.o *crtbegin?.o *crtbegin.o) .dtors)
                [!provide]                        PROVIDE (__fini_array_end = .)

.ctors
 *crtbegin.o(.ctors)
 *crtbegin?.o(.ctors)
 *(EXCLUDE_FILE(*crtend?.o *crtend.o) .ctors)
 *(SORT_BY_NAME(.ctors.*))
 *(.ctors)

.dtors
 *crtbegin.o(.dtors)
 *crtbegin?.o(.dtors)
 *(EXCLUDE_FILE(*crtend?.o *crtend.o) .dtors)
 *(SORT_BY_NAME(.dtors.*))
 *(.dtors)

.dalign         0x0000000020000000        0x0 load address 0x0000000000007254
                0x0000000020000000                . = ALIGN (0x4)
                0x0000000020000000                PROVIDE (_data_vma = .)

.dlalign        0x0000000000007254        0x0
                0x0000000000007254                . = ALIGN (0x4)
                0x0000000000007254                PROVIDE (_data_lma = .)

.data           0x0000000020000000      0x168 load address 0x0000000000007254
 *(.gnu.linkonce.r.*)
 *(.data .data.*)
 .data.USBD_StringSerial
                0x0000000020000000       0x16 ./USBLIB/CONFIG/usb_desc.o
                0x0000000020000000                USBD_StringSerial
 *fill*         0x0000000020000016        0x2 
 .data.pEpInt_IN
                0x0000000020000018       0x1c ./USBLIB/CONFIG/usb_istr.o
                0x0000000020000018                pEpInt_IN
 .data.pEpInt_OUT
                0x0000000020000034       0x1c ./USBLIB/CONFIG/usb_istr.o
                0x0000000020000034                pEpInt_OUT
 .data.Device_Property
                0x0000000020000050       0x30 ./USBLIB/CONFIG/usb_prop.o
                0x0000000020000050                Device_Property
 .data.User_Standard_Requests
                0x0000000020000080       0x24 ./USBLIB/CONFIG/usb_prop.o
                0x0000000020000080                User_Standard_Requests
 .data.String_Descriptor
                0x00000000200000a4       0x20 ./USBLIB/CONFIG/usb_prop.o
                0x00000000200000a4                String_Descriptor
 .data.APBAHBPrescTable
                0x00000000200000c4       0x10 ./ch32v20x_rcc.o
 .data.impure_data
                0x00000000200000d4       0x60 c:/mounriver/mrs_community/toolchain/risc-v embedded gcc/bin/../lib/gcc/riscv-none-embed/8.2.0/../../../../riscv-none-embed/lib/rv32imac/ilp32\libg_nano.a(lib_a-impure.o)
 *(.gnu.linkonce.d.*)
                0x0000000020000138                . = ALIGN (0x8)
 *fill*         0x0000000020000134        0x4 
                0x0000000020000938                PROVIDE (__global_pointer$ = (. + 0x800))
 *(.sdata .sdata.*)
 .sdata.Device_Table
                0x0000000020000138        0x2 ./USBLIB/CONFIG/usb_prop.o
                0x0000000020000138                Device_Table
 *fill*         0x000000002000013a        0x2 
 .sdata.Device_Descriptor
                0x000000002000013c        0x8 ./USBLIB/CONFIG/usb_prop.o
                0x000000002000013c                Device_Descriptor
 .sdata.Config_Descriptor
                0x0000000020000144        0x8 ./USBLIB/CONFIG/usb_prop.o
                0x0000000020000144                Config_Descriptor
 .sdata.fSuspendEnabled
                0x000000002000014c        0x4 ./USBLIB/CONFIG/usb_pwr.o
                0x000000002000014c                fSuspendEnabled
 .sdata.ADCPrescTable
                0x0000000020000150        0x4 ./ch32v20x_rcc.o
 .sdata.curbrk.4591
                0x0000000020000154        0x4 ./debug.o
 .sdata.SystemCoreClock
                0x0000000020000158        0x4 ./system_ch32v20x.o
                0x0000000020000158                SystemCoreClock
 .sdata._impure_ptr
                0x000000002000015c        0x4 c:/mounriver/mrs_community/toolchain/risc-v embedded gcc/bin/../lib/gcc/riscv-none-embed/8.2.0/../../../../riscv-none-embed/lib/rv32imac/ilp32\libg_nano.a(lib_a-impure.o)
                0x000000002000015c                _impure_ptr
 *(.sdata2.*)
 .sdata2.USBD_StringLangID
                0x0000000020000160        0x4 ./USBLIB/CONFIG/usb_desc.o
                0x0000000020000160                USBD_StringLangID
 .sdata2._global_impure_ptr
                0x0000000020000164        0x4 c:/mounriver/mrs_community/toolchain/risc-v embedded gcc/bin/../lib/gcc/riscv-none-embed/8.2.0/../../../../riscv-none-embed/lib/rv32imac/ilp32\libg_nano.a(lib_a-impure.o)
                0x0000000020000164                _global_impure_ptr
 *(.gnu.linkonce.s.*)
                0x0000000020000168                . = ALIGN (0x8)
 *(.srodata.cst16)
 *(.srodata.cst8)
 *(.srodata.cst4)
 *(.srodata.cst2)
 *(.srodata .srodata.*)
                0x0000000020000168                . = ALIGN (0x4)
                0x0000000020000168                PROVIDE (_edata = .)

.bss            0x0000000020000168      0xce0 load address 0x00000000000073bc
                0x0000000020000168                . = ALIGN (0x4)
                0x0000000020000168                PROVIDE (_sbss = .)
 *(.sbss*)
 .sbss.Data_Mul_MaxPacketSize
                0x0000000020000168        0x4 ./USBLIB/USB-Driver/src/usb_core.o
                0x0000000020000168                Data_Mul_MaxPacketSize
 .sbss.led_state
                0x000000002000016c        0x1 ./USBLIB/CONFIG/usb_endp.o
                0x000000002000016c                led_state
 .sbss.bIntPackSOF
                0x000000002000016d        0x1 ./USBLIB/CONFIG/usb_istr.o
                0x000000002000016d                bIntPackSOF
 *fill*         0x000000002000016e        0x2 
 .sbss.esof_counter
                0x0000000020000170        0x4 ./USBLIB/CONFIG/usb_istr.o
                0x0000000020000170                esof_counter
 .sbss.wCNTR    0x0000000020000174        0x4 ./USBLIB/CONFIG/usb_istr.o
                0x0000000020000174                wCNTR
 .sbss.bDeviceState
                0x0000000020000178        0x4 ./USBLIB/CONFIG/usb_pwr.o
                0x0000000020000178                bDeviceState
 .sbss.remotewakeupon
                0x000000002000017c        0x4 ./USBLIB/CONFIG/usb_pwr.o
                0x000000002000017c                remotewakeupon
 .sbss.MCU_Version
                0x0000000020000180        0x1 ./ch32v20x_gpio.o
                0x0000000020000180                MCU_Version
 *fill*         0x0000000020000181        0x3 
 .sbss.NVIC_Priority_Group
                0x0000000020000184        0x4 ./ch32v20x_misc.o
                0x0000000020000184                NVIC_Priority_Group
 .sbss.p_us     0x0000000020000188        0x1 ./debug.o
 *fill*         0x0000000020000189        0x1 
 .sbss.p_ms     0x000000002000018a        0x2 ./debug.o
 .sbss.__malloc_free_list
                0x000000002000018c        0x4 c:/mounriver/mrs_community/toolchain/risc-v embedded gcc/bin/../lib/gcc/riscv-none-embed/8.2.0/../../../../riscv-none-embed/lib/rv32imac/ilp32\libg_nano.a(lib_a-nano-mallocr.o)
                0x000000002000018c                __malloc_free_list
 .sbss.__malloc_sbrk_start
                0x0000000020000190        0x4 c:/mounriver/mrs_community/toolchain/risc-v embedded gcc/bin/../lib/gcc/riscv-none-embed/8.2.0/../../../../riscv-none-embed/lib/rv32imac/ilp32\libg_nano.a(lib_a-nano-mallocr.o)
                0x0000000020000190                __malloc_sbrk_start
 *(.gnu.linkonce.sb.*)
 *(.bss*)
 *(.gnu.linkonce.b.*)
 *(COMMON*)
 COMMON         0x0000000020000194        0x2 ./USBLIB/USB-Driver/src/usb_core.o
                0x0000000020000194                StatusInfo
 *fill*         0x0000000020000196        0x2 
 COMMON         0x0000000020000198       0x32 ./USBLIB/USB-Driver/src/usb_init.o
                0x0000000020000198                SaveState
                0x000000002000019c                pProperty
                0x00000000200001a0                EPindex
                0x00000000200001a4                Device_Info
                0x00000000200001c0                pUser_Standard_Requests
                0x00000000200001c4                pInformation
                0x00000000200001c8                wInterrupt_Mask
 COMMON         0x00000000200001ca        0x4 ./USBLIB/USB-Driver/src/usb_int.o
                0x00000000200001ca                SaveRState
                0x00000000200001cc                SaveTState
 COMMON         0x00000000200001ce        0x1 ./USBLIB/CONFIG/usb_endp.o
                0x00000000200001ce                USBD_Endp3_Busy
 *fill*         0x00000000200001cf        0x1 
 COMMON         0x00000000200001d0        0x4 ./USBLIB/CONFIG/usb_istr.o
                0x00000000200001d0                Ep0RxBlks
                0x00000000200001d2                wIstr
 COMMON         0x00000000200001d4       0x28 ./USBLIB/CONFIG/usb_pwr.o
                0x00000000200001d4                ResumeS
                0x00000000200001dc                EP
 COMMON         0x00000000200001fc      0xc48 ./UART/UART.o
                0x00000000200001fc                UART2_Rx_Buf
                0x00000000200009fc                Uart
                0x0000000020000a44                UART2_Tx_Buf
 COMMON         0x0000000020000e44        0x4 c:/mounriver/mrs_community/toolchain/risc-v embedded gcc/bin/../lib/gcc/riscv-none-embed/8.2.0/../../../../riscv-none-embed/lib/rv32imac/ilp32\libg_nano.a(lib_a-reent.o)
                0x0000000020000e44                errno
                0x0000000020000e48                . = ALIGN (0x4)
                0x0000000020000e48                PROVIDE (_ebss = .)
                0x0000000020000e48                PROVIDE (_end = _ebss)
                [!provide]                        PROVIDE (end = .)

.stack          0x0000000020004800      0x800
                0x0000000020004800                PROVIDE (_heap_end = .)
                0x0000000020004800                . = ALIGN (0x4)
                [!provide]                        PROVIDE (_susrstack = .)
                0x0000000020005000                . = (. + __stack_size)
 *fill*         0x0000000020004800      0x800 
                0x0000000020005000                PROVIDE (_eusrstack = .)
OUTPUT(ch32v203_usb_cdc.elf elf32-littleriscv)

.debug_info     0x0000000000000000    0x1a20a
 .debug_info    0x0000000000000000     0x1502 ./USBLIB/USB-Driver/src/usb_core.o
 .debug_info    0x0000000000001502      0xdf0 ./USBLIB/USB-Driver/src/usb_init.o
 .debug_info    0x00000000000022f2      0xeac ./USBLIB/USB-Driver/src/usb_int.o
 .debug_info    0x000000000000319e      0xe80 ./USBLIB/USB-Driver/src/usb_mem.o
 .debug_info    0x000000000000401e     0x1a21 ./USBLIB/USB-Driver/src/usb_regs.o
 .debug_info    0x0000000000005a3f      0xe22 ./USBLIB/USB-Driver/src/usb_sil.o
 .debug_info    0x0000000000006861     0x12a0 ./USBLIB/CONFIG/hw_config.o
 .debug_info    0x0000000000007b01      0xe8e ./USBLIB/CONFIG/usb_desc.o
 .debug_info    0x000000000000898f     0x1192 ./USBLIB/CONFIG/usb_endp.o
 .debug_info    0x0000000000009b21      0xed6 ./USBLIB/CONFIG/usb_istr.o
 .debug_info    0x000000000000a9f7     0x13ea ./USBLIB/CONFIG/usb_prop.o
 .debug_info    0x000000000000bde1      0xfa9 ./USBLIB/CONFIG/usb_pwr.o
 .debug_info    0x000000000000cd8a     0x1792 ./UART/UART.o
 .debug_info    0x000000000000e51c      0xc18 ./ch32v20x_exti.o
 .debug_info    0x000000000000f134     0x100e ./ch32v20x_gpio.o
 .debug_info    0x0000000000010142      0xda6 ./ch32v20x_it.o
 .debug_info    0x0000000000010ee8      0xe4f ./ch32v20x_misc.o
 .debug_info    0x0000000000011d37     0x1233 ./ch32v20x_rcc.o
 .debug_info    0x0000000000012f6a     0x2694 ./ch32v20x_tim.o
 .debug_info    0x00000000000155fe     0x139b ./ch32v20x_usart.o
 .debug_info    0x0000000000016999      0xe46 ./debug.o
 .debug_info    0x00000000000177df     0x10c8 ./main.o
 .debug_info    0x00000000000188a7       0x22 ./startup_ch32v20x_D6.o
 .debug_info    0x00000000000188c9      0xdcf ./support.o
 .debug_info    0x0000000000019698      0xb72 ./system_ch32v20x.o

.debug_abbrev   0x0000000000000000     0x417a
 .debug_abbrev  0x0000000000000000      0x3ca ./USBLIB/USB-Driver/src/usb_core.o
 .debug_abbrev  0x00000000000003ca      0x226 ./USBLIB/USB-Driver/src/usb_init.o
 .debug_abbrev  0x00000000000005f0      0x267 ./USBLIB/USB-Driver/src/usb_int.o
 .debug_abbrev  0x0000000000000857      0x24c ./USBLIB/USB-Driver/src/usb_mem.o
 .debug_abbrev  0x0000000000000aa3      0x333 ./USBLIB/USB-Driver/src/usb_regs.o
 .debug_abbrev  0x0000000000000dd6      0x259 ./USBLIB/USB-Driver/src/usb_sil.o
 .debug_abbrev  0x000000000000102f      0x279 ./USBLIB/CONFIG/hw_config.o
 .debug_abbrev  0x00000000000012a8      0x208 ./USBLIB/CONFIG/usb_desc.o
 .debug_abbrev  0x00000000000014b0      0x2da ./USBLIB/CONFIG/usb_endp.o
 .debug_abbrev  0x000000000000178a      0x25d ./USBLIB/CONFIG/usb_istr.o
 .debug_abbrev  0x00000000000019e7      0x33b ./USBLIB/CONFIG/usb_prop.o
 .debug_abbrev  0x0000000000001d22      0x2cc ./USBLIB/CONFIG/usb_pwr.o
 .debug_abbrev  0x0000000000001fee      0x33a ./UART/UART.o
 .debug_abbrev  0x0000000000002328      0x26b ./ch32v20x_exti.o
 .debug_abbrev  0x0000000000002593      0x30d ./ch32v20x_gpio.o
 .debug_abbrev  0x00000000000028a0      0x209 ./ch32v20x_it.o
 .debug_abbrev  0x0000000000002aa9      0x2d2 ./ch32v20x_misc.o
 .debug_abbrev  0x0000000000002d7b      0x2fd ./ch32v20x_rcc.o
 .debug_abbrev  0x0000000000003078      0x2f0 ./ch32v20x_tim.o
 .debug_abbrev  0x0000000000003368      0x310 ./ch32v20x_usart.o
 .debug_abbrev  0x0000000000003678      0x2db ./debug.o
 .debug_abbrev  0x0000000000003953      0x285 ./main.o
 .debug_abbrev  0x0000000000003bd8       0x12 ./startup_ch32v20x_D6.o
 .debug_abbrev  0x0000000000003bea      0x2ef ./support.o
 .debug_abbrev  0x0000000000003ed9      0x2a1 ./system_ch32v20x.o

.debug_aranges  0x0000000000000000      0xd10
 .debug_aranges
                0x0000000000000000       0xb0 ./USBLIB/USB-Driver/src/usb_core.o
 .debug_aranges
                0x00000000000000b0       0x20 ./USBLIB/USB-Driver/src/usb_init.o
 .debug_aranges
                0x00000000000000d0       0x28 ./USBLIB/USB-Driver/src/usb_int.o
 .debug_aranges
                0x00000000000000f8       0x28 ./USBLIB/USB-Driver/src/usb_mem.o
 .debug_aranges
                0x0000000000000120      0x1f0 ./USBLIB/USB-Driver/src/usb_regs.o
 .debug_aranges
                0x0000000000000310       0x30 ./USBLIB/USB-Driver/src/usb_sil.o
 .debug_aranges
                0x0000000000000340       0x50 ./USBLIB/CONFIG/hw_config.o
 .debug_aranges
                0x0000000000000390       0x18 ./USBLIB/CONFIG/usb_desc.o
 .debug_aranges
                0x00000000000003a8       0x38 ./USBLIB/CONFIG/usb_endp.o
 .debug_aranges
                0x00000000000003e0       0x20 ./USBLIB/CONFIG/usb_istr.o
 .debug_aranges
                0x0000000000000400       0x98 ./USBLIB/CONFIG/usb_prop.o
 .debug_aranges
                0x0000000000000498       0x40 ./USBLIB/CONFIG/usb_pwr.o
 .debug_aranges
                0x00000000000004d8       0x58 ./UART/UART.o
 .debug_aranges
                0x0000000000000530       0x58 ./ch32v20x_exti.o
 .debug_aranges
                0x0000000000000588       0xa8 ./ch32v20x_gpio.o
 .debug_aranges
                0x0000000000000630       0x30 ./ch32v20x_it.o
 .debug_aranges
                0x0000000000000660       0x40 ./ch32v20x_misc.o
 .debug_aranges
                0x00000000000006a0      0x128 ./ch32v20x_rcc.o
 .debug_aranges
                0x00000000000007c8      0x2f0 ./ch32v20x_tim.o
 .debug_aranges
                0x0000000000000ab8      0x110 ./ch32v20x_usart.o
 .debug_aranges
                0x0000000000000bc8       0x48 ./debug.o
 .debug_aranges
                0x0000000000000c10       0x28 ./main.o
 .debug_aranges
                0x0000000000000c38       0x30 ./startup_ch32v20x_D6.o
 .debug_aranges
                0x0000000000000c68       0x70 ./support.o
 .debug_aranges
                0x0000000000000cd8       0x38 ./system_ch32v20x.o

.debug_ranges   0x0000000000000000      0xc58
 .debug_ranges  0x0000000000000000       0xa0 ./USBLIB/USB-Driver/src/usb_core.o
 .debug_ranges  0x00000000000000a0       0x10 ./USBLIB/USB-Driver/src/usb_init.o
 .debug_ranges  0x00000000000000b0       0x18 ./USBLIB/USB-Driver/src/usb_int.o
 .debug_ranges  0x00000000000000c8       0x18 ./USBLIB/USB-Driver/src/usb_mem.o
 .debug_ranges  0x00000000000000e0      0x2b8 ./USBLIB/USB-Driver/src/usb_regs.o
 .debug_ranges  0x0000000000000398       0x20 ./USBLIB/USB-Driver/src/usb_sil.o
 .debug_ranges  0x00000000000003b8       0x40 ./USBLIB/CONFIG/hw_config.o
 .debug_ranges  0x00000000000003f8       0x28 ./USBLIB/CONFIG/usb_endp.o
 .debug_ranges  0x0000000000000420       0x10 ./USBLIB/CONFIG/usb_istr.o
 .debug_ranges  0x0000000000000430       0x88 ./USBLIB/CONFIG/usb_prop.o
 .debug_ranges  0x00000000000004b8       0x30 ./USBLIB/CONFIG/usb_pwr.o
 .debug_ranges  0x00000000000004e8       0x48 ./UART/UART.o
 .debug_ranges  0x0000000000000530       0x48 ./ch32v20x_exti.o
 .debug_ranges  0x0000000000000578       0x98 ./ch32v20x_gpio.o
 .debug_ranges  0x0000000000000610       0x20 ./ch32v20x_it.o
 .debug_ranges  0x0000000000000630       0x30 ./ch32v20x_misc.o
 .debug_ranges  0x0000000000000660      0x118 ./ch32v20x_rcc.o
 .debug_ranges  0x0000000000000778      0x2e0 ./ch32v20x_tim.o
 .debug_ranges  0x0000000000000a58      0x100 ./ch32v20x_usart.o
 .debug_ranges  0x0000000000000b58       0x38 ./debug.o
 .debug_ranges  0x0000000000000b90       0x18 ./main.o
 .debug_ranges  0x0000000000000ba8       0x28 ./startup_ch32v20x_D6.o
 .debug_ranges  0x0000000000000bd0       0x60 ./support.o
 .debug_ranges  0x0000000000000c30       0x28 ./system_ch32v20x.o

.debug_macro    0x0000000000000000     0xea93
 .debug_macro   0x0000000000000000      0x36a ./USBLIB/USB-Driver/src/usb_core.o
 .debug_macro   0x000000000000036a      0x754 ./USBLIB/USB-Driver/src/usb_core.o
 .debug_macro   0x0000000000000abe       0x22 ./USBLIB/USB-Driver/src/usb_core.o
 .debug_macro   0x0000000000000ae0       0x52 ./USBLIB/USB-Driver/src/usb_core.o
 .debug_macro   0x0000000000000b32       0x19 ./USBLIB/USB-Driver/src/usb_core.o
 .debug_macro   0x0000000000000b4b       0x94 ./USBLIB/USB-Driver/src/usb_core.o
 .debug_macro   0x0000000000000bdf       0x34 ./USBLIB/USB-Driver/src/usb_core.o
 .debug_macro   0x0000000000000c13       0x34 ./USBLIB/USB-Driver/src/usb_core.o
 .debug_macro   0x0000000000000c47       0x16 ./USBLIB/USB-Driver/src/usb_core.o
 .debug_macro   0x0000000000000c5d       0x57 ./USBLIB/USB-Driver/src/usb_core.o
 .debug_macro   0x0000000000000cb4       0x97 ./USBLIB/USB-Driver/src/usb_core.o
 .debug_macro   0x0000000000000d4b      0x330 ./USBLIB/USB-Driver/src/usb_core.o
 .debug_macro   0x000000000000107b       0xfd ./USBLIB/USB-Driver/src/usb_core.o
 .debug_macro   0x0000000000001178       0x10 ./USBLIB/USB-Driver/src/usb_core.o
 .debug_macro   0x0000000000001188       0x58 ./USBLIB/USB-Driver/src/usb_core.o
 .debug_macro   0x00000000000011e0       0x1f ./USBLIB/USB-Driver/src/usb_core.o
 .debug_macro   0x00000000000011ff       0x43 ./USBLIB/USB-Driver/src/usb_core.o
 .debug_macro   0x0000000000001242       0x20 ./USBLIB/USB-Driver/src/usb_core.o
 .debug_macro   0x0000000000001262      0x18e ./USBLIB/USB-Driver/src/usb_core.o
 .debug_macro   0x00000000000013f0       0x10 ./USBLIB/USB-Driver/src/usb_core.o
 .debug_macro   0x0000000000001400       0x6a ./USBLIB/USB-Driver/src/usb_core.o
 .debug_macro   0x000000000000146a       0x1c ./USBLIB/USB-Driver/src/usb_core.o
 .debug_macro   0x0000000000001486       0x52 ./USBLIB/USB-Driver/src/usb_core.o
 .debug_macro   0x00000000000014d8       0x40 ./USBLIB/USB-Driver/src/usb_core.o
 .debug_macro   0x0000000000001518       0x10 ./USBLIB/USB-Driver/src/usb_core.o
 .debug_macro   0x0000000000001528       0x40 ./USBLIB/USB-Driver/src/usb_core.o
 .debug_macro   0x0000000000001568       0xd7 ./USBLIB/USB-Driver/src/usb_core.o
 .debug_macro   0x000000000000163f       0x1c ./USBLIB/USB-Driver/src/usb_core.o
 .debug_macro   0x000000000000165b       0x3d ./USBLIB/USB-Driver/src/usb_core.o
 .debug_macro   0x0000000000001698       0x16 ./USBLIB/USB-Driver/src/usb_core.o
 .debug_macro   0x00000000000016ae      0x16f ./USBLIB/USB-Driver/src/usb_core.o
 .debug_macro   0x000000000000181d       0x3a ./USBLIB/USB-Driver/src/usb_core.o
 .debug_macro   0x0000000000001857       0xef ./USBLIB/USB-Driver/src/usb_core.o
 .debug_macro   0x0000000000001946      0x1df ./USBLIB/USB-Driver/src/usb_core.o
 .debug_macro   0x0000000000001b25       0x46 ./USBLIB/USB-Driver/src/usb_core.o
 .debug_macro   0x0000000000001b6b     0x5603 ./USBLIB/USB-Driver/src/usb_core.o
 .debug_macro   0x000000000000716e      0x24f ./USBLIB/USB-Driver/src/usb_core.o
 .debug_macro   0x00000000000073bd      0x12a ./USBLIB/USB-Driver/src/usb_core.o
 .debug_macro   0x00000000000074e7      0x32f ./USBLIB/USB-Driver/src/usb_core.o
 .debug_macro   0x0000000000007816       0x7c ./USBLIB/USB-Driver/src/usb_core.o
 .debug_macro   0x0000000000007892      0x239 ./USBLIB/USB-Driver/src/usb_core.o
 .debug_macro   0x0000000000007acb       0x88 ./USBLIB/USB-Driver/src/usb_core.o
 .debug_macro   0x0000000000007b53      0x142 ./USBLIB/USB-Driver/src/usb_core.o
 .debug_macro   0x0000000000007c95      0x239 ./USBLIB/USB-Driver/src/usb_core.o
 .debug_macro   0x0000000000007ece      0x206 ./USBLIB/USB-Driver/src/usb_core.o
 .debug_macro   0x00000000000080d4       0x4c ./USBLIB/USB-Driver/src/usb_core.o
 .debug_macro   0x0000000000008120       0x64 ./USBLIB/USB-Driver/src/usb_core.o
 .debug_macro   0x0000000000008184      0x35c ./USBLIB/USB-Driver/src/usb_core.o
 .debug_macro   0x00000000000084e0       0x3a ./USBLIB/USB-Driver/src/usb_core.o
 .debug_macro   0x000000000000851a      0x1f1 ./USBLIB/USB-Driver/src/usb_core.o
 .debug_macro   0x000000000000870b      0x564 ./USBLIB/USB-Driver/src/usb_core.o
 .debug_macro   0x0000000000008c6f      0x15e ./USBLIB/USB-Driver/src/usb_core.o
 .debug_macro   0x0000000000008dcd       0x22 ./USBLIB/USB-Driver/src/usb_core.o
 .debug_macro   0x0000000000008def       0x28 ./USBLIB/USB-Driver/src/usb_core.o
 .debug_macro   0x0000000000008e17       0x22 ./USBLIB/USB-Driver/src/usb_core.o
 .debug_macro   0x0000000000008e39       0x7c ./USBLIB/USB-Driver/src/usb_core.o
 .debug_macro   0x0000000000008eb5      0x44c ./USBLIB/USB-Driver/src/usb_core.o
 .debug_macro   0x0000000000009301       0x28 ./USBLIB/USB-Driver/src/usb_core.o
 .debug_macro   0x0000000000009329       0x5e ./USBLIB/USB-Driver/src/usb_core.o
 .debug_macro   0x0000000000009387      0x32e ./USBLIB/USB-Driver/src/usb_init.o
 .debug_macro   0x00000000000096b5      0x32e ./USBLIB/USB-Driver/src/usb_int.o
 .debug_macro   0x00000000000099e3      0x32e ./USBLIB/USB-Driver/src/usb_mem.o
 .debug_macro   0x0000000000009d11      0x32e ./USBLIB/USB-Driver/src/usb_regs.o
 .debug_macro   0x000000000000a03f      0x338 ./USBLIB/USB-Driver/src/usb_sil.o
 .debug_macro   0x000000000000a377      0x396 ./USBLIB/CONFIG/hw_config.o
 .debug_macro   0x000000000000a70d       0x40 ./USBLIB/CONFIG/hw_config.o
 .debug_macro   0x000000000000a74d       0x58 ./USBLIB/CONFIG/hw_config.o
 .debug_macro   0x000000000000a7a5       0x16 ./USBLIB/CONFIG/hw_config.o
 .debug_macro   0x000000000000a7bb       0x35 ./USBLIB/CONFIG/hw_config.o
 .debug_macro   0x000000000000a7f0       0x4c ./USBLIB/CONFIG/hw_config.o
 .debug_macro   0x000000000000a83c      0x337 ./USBLIB/CONFIG/usb_desc.o
 .debug_macro   0x000000000000ab73      0x3a0 ./USBLIB/CONFIG/usb_endp.o
 .debug_macro   0x000000000000af13       0x4c ./USBLIB/CONFIG/usb_endp.o
 .debug_macro   0x000000000000af5f      0x34f ./USBLIB/CONFIG/usb_istr.o
 .debug_macro   0x000000000000b2ae      0x392 ./USBLIB/CONFIG/usb_prop.o
 .debug_macro   0x000000000000b640      0x340 ./USBLIB/CONFIG/usb_pwr.o
 .debug_macro   0x000000000000b980      0x38a ./UART/UART.o
 .debug_macro   0x000000000000bd0a      0x2c2 ./ch32v20x_exti.o
 .debug_macro   0x000000000000bfcc       0x82 ./ch32v20x_exti.o
 .debug_macro   0x000000000000c04e      0x2e0 ./ch32v20x_gpio.o
 .debug_macro   0x000000000000c32e      0x233 ./ch32v20x_gpio.o
 .debug_macro   0x000000000000c561      0x2f4 ./ch32v20x_it.o
 .debug_macro   0x000000000000c855      0x2bc ./ch32v20x_misc.o
 .debug_macro   0x000000000000cb11       0x22 ./ch32v20x_misc.o
 .debug_macro   0x000000000000cb33      0x37c ./ch32v20x_rcc.o
 .debug_macro   0x000000000000ceaf      0x356 ./ch32v20x_rcc.o
 .debug_macro   0x000000000000d205      0x2d4 ./ch32v20x_tim.o
 .debug_macro   0x000000000000d4d9      0x55e ./ch32v20x_tim.o
 .debug_macro   0x000000000000da37      0x370 ./ch32v20x_usart.o
 .debug_macro   0x000000000000dda7      0x158 ./ch32v20x_usart.o
 .debug_macro   0x000000000000deff      0x2b0 ./debug.o
 .debug_macro   0x000000000000e1af      0x372 ./main.o
 .debug_macro   0x000000000000e521      0x2ba ./support.o
 .debug_macro   0x000000000000e7db      0x2b8 ./system_ch32v20x.o

.debug_line     0x0000000000000000    0x12660
 .debug_line    0x0000000000000000     0x1bba ./USBLIB/USB-Driver/src/usb_core.o
 .debug_line    0x0000000000001bba      0x6da ./USBLIB/USB-Driver/src/usb_init.o
 .debug_line    0x0000000000002294      0xa9a ./USBLIB/USB-Driver/src/usb_int.o
 .debug_line    0x0000000000002d2e      0x80b ./USBLIB/USB-Driver/src/usb_mem.o
 .debug_line    0x0000000000003539     0x13ae ./USBLIB/USB-Driver/src/usb_regs.o
 .debug_line    0x00000000000048e7      0x741 ./USBLIB/USB-Driver/src/usb_sil.o
 .debug_line    0x0000000000005028      0x94d ./USBLIB/CONFIG/hw_config.o
 .debug_line    0x0000000000005975      0x68e ./USBLIB/CONFIG/usb_desc.o
 .debug_line    0x0000000000006003      0x8c8 ./USBLIB/CONFIG/usb_endp.o
 .debug_line    0x00000000000068cb      0x989 ./USBLIB/CONFIG/usb_istr.o
 .debug_line    0x0000000000007254      0xcda ./USBLIB/CONFIG/usb_prop.o
 .debug_line    0x0000000000007f2e      0xa36 ./USBLIB/CONFIG/usb_pwr.o
 .debug_line    0x0000000000008964      0xcf0 ./UART/UART.o
 .debug_line    0x0000000000009654      0x893 ./ch32v20x_exti.o
 .debug_line    0x0000000000009ee7      0xf5c ./ch32v20x_gpio.o
 .debug_line    0x000000000000ae43      0x687 ./ch32v20x_it.o
 .debug_line    0x000000000000b4ca      0x858 ./ch32v20x_misc.o
 .debug_line    0x000000000000bd22     0x1112 ./ch32v20x_rcc.o
 .debug_line    0x000000000000ce34     0x2362 ./ch32v20x_tim.o
 .debug_line    0x000000000000f196     0x107b ./ch32v20x_usart.o
 .debug_line    0x0000000000010211      0x7e2 ./debug.o
 .debug_line    0x00000000000109f3      0x7fe ./main.o
 .debug_line    0x00000000000111f1      0x257 ./startup_ch32v20x_D6.o
 .debug_line    0x0000000000011448      0x98b ./support.o
 .debug_line    0x0000000000011dd3      0x88d ./system_ch32v20x.o

.debug_str      0x0000000000000000    0x341df
 .debug_str     0x0000000000000000    0x30443 ./USBLIB/USB-Driver/src/usb_core.o
                                      0x30802 (size before relaxing)
 .debug_str     0x0000000000030443       0x24 ./USBLIB/USB-Driver/src/usb_init.o
                                      0x3015c (size before relaxing)
 .debug_str     0x0000000000030467       0x63 ./USBLIB/USB-Driver/src/usb_int.o
                                      0x30192 (size before relaxing)
 .debug_str     0x00000000000304ca       0x7b ./USBLIB/USB-Driver/src/usb_mem.o
                                      0x301aa (size before relaxing)
 .debug_str     0x0000000000030545      0x3e7 ./USBLIB/USB-Driver/src/usb_regs.o
                                      0x30532 (size before relaxing)
 .debug_str     0x000000000003092c       0x85 ./USBLIB/USB-Driver/src/usb_sil.o
                                      0x301b4 (size before relaxing)
 .debug_str     0x00000000000309b1      0x9ea ./USBLIB/CONFIG/hw_config.o
                                      0x30b6e (size before relaxing)
 .debug_str     0x000000000003139b       0x1c ./USBLIB/CONFIG/usb_desc.o
                                      0x30348 (size before relaxing)
 .debug_str     0x00000000000313b7      0x353 ./USBLIB/CONFIG/usb_endp.o
                                      0x3083c (size before relaxing)
 .debug_str     0x000000000003170a       0xb9 ./USBLIB/CONFIG/usb_istr.o
                                      0x3034f (size before relaxing)
 .debug_str     0x00000000000317c3      0x196 ./USBLIB/CONFIG/usb_prop.o
                                      0x30a40 (size before relaxing)
 .debug_str     0x0000000000031959       0x75 ./USBLIB/CONFIG/usb_pwr.o
                                      0x302bf (size before relaxing)
 .debug_str     0x00000000000319ce      0x2b8 ./UART/UART.o
                                      0x30d22 (size before relaxing)
 .debug_str     0x0000000000031c86      0x10b ./ch32v20x_exti.o
                                      0x2d83c (size before relaxing)
 .debug_str     0x0000000000031d91      0x426 ./ch32v20x_gpio.o
                                      0x2dae6 (size before relaxing)
 .debug_str     0x00000000000321b7       0x3f ./ch32v20x_it.o
                                      0x2dacc (size before relaxing)
 .debug_str     0x00000000000321f6       0x8e ./ch32v20x_misc.o
                                      0x2db12 (size before relaxing)
 .debug_str     0x0000000000032284      0x982 ./ch32v20x_rcc.o
                                      0x2e057 (size before relaxing)
 .debug_str     0x0000000000032c06      0xab5 ./ch32v20x_tim.o
                                      0x2e35f (size before relaxing)
 .debug_str     0x00000000000336bb      0x86a ./ch32v20x_usart.o
                                      0x2dfcc (size before relaxing)
 .debug_str     0x0000000000033f25       0xa8 ./debug.o
                                      0x2d93c (size before relaxing)
 .debug_str     0x0000000000033fcd       0x19 ./main.o
                                      0x305a0 (size before relaxing)
 .debug_str     0x0000000000033fe6       0x25 ./startup_ch32v20x_D6.o
                                         0x76 (size before relaxing)
 .debug_str     0x000000000003400b      0x157 ./support.o
                                      0x2d7d0 (size before relaxing)
 .debug_str     0x0000000000034162       0x7d ./system_ch32v20x.o
                                      0x2d782 (size before relaxing)

.comment        0x0000000000000000       0x33
 .comment       0x0000000000000000       0x33 ./USBLIB/USB-Driver/src/usb_core.o
                                         0x34 (size before relaxing)
 .comment       0x0000000000000033       0x34 ./USBLIB/USB-Driver/src/usb_init.o
 .comment       0x0000000000000033       0x34 ./USBLIB/USB-Driver/src/usb_int.o
 .comment       0x0000000000000033       0x34 ./USBLIB/USB-Driver/src/usb_mem.o
 .comment       0x0000000000000033       0x34 ./USBLIB/USB-Driver/src/usb_regs.o
 .comment       0x0000000000000033       0x34 ./USBLIB/USB-Driver/src/usb_sil.o
 .comment       0x0000000000000033       0x34 ./USBLIB/CONFIG/hw_config.o
 .comment       0x0000000000000033       0x34 ./USBLIB/CONFIG/usb_desc.o
 .comment       0x0000000000000033       0x34 ./USBLIB/CONFIG/usb_endp.o
 .comment       0x0000000000000033       0x34 ./USBLIB/CONFIG/usb_istr.o
 .comment       0x0000000000000033       0x34 ./USBLIB/CONFIG/usb_prop.o
 .comment       0x0000000000000033       0x34 ./USBLIB/CONFIG/usb_pwr.o
 .comment       0x0000000000000033       0x34 ./UART/UART.o
 .comment       0x0000000000000033       0x34 ./ch32v20x_exti.o
 .comment       0x0000000000000033       0x34 ./ch32v20x_gpio.o
 .comment       0x0000000000000033       0x34 ./ch32v20x_it.o
 .comment       0x0000000000000033       0x34 ./ch32v20x_misc.o
 .comment       0x0000000000000033       0x34 ./ch32v20x_rcc.o
 .comment       0x0000000000000033       0x34 ./ch32v20x_tim.o
 .comment       0x0000000000000033       0x34 ./ch32v20x_usart.o
 .comment       0x0000000000000033       0x34 ./debug.o
 .comment       0x0000000000000033       0x34 ./main.o
 .comment       0x0000000000000033       0x34 ./support.o
 .comment       0x0000000000000033       0x34 ./system_ch32v20x.o

.debug_frame    0x0000000000000000     0x36e4
 .debug_frame   0x0000000000000000      0x2d4 ./USBLIB/USB-Driver/src/usb_core.o
 .debug_frame   0x00000000000002d4       0x34 ./USBLIB/USB-Driver/src/usb_init.o
 .debug_frame   0x0000000000000308       0x68 ./USBLIB/USB-Driver/src/usb_int.o
 .debug_frame   0x0000000000000370       0x50 ./USBLIB/USB-Driver/src/usb_mem.o
 .debug_frame   0x00000000000003c0      0x790 ./USBLIB/USB-Driver/src/usb_regs.o
 .debug_frame   0x0000000000000b50       0x78 ./USBLIB/USB-Driver/src/usb_sil.o
 .debug_frame   0x0000000000000bc8      0x108 ./USBLIB/CONFIG/hw_config.o
 .debug_frame   0x0000000000000cd0       0xa0 ./USBLIB/CONFIG/usb_endp.o
 .debug_frame   0x0000000000000d70       0x38 ./USBLIB/CONFIG/usb_istr.o
 .debug_frame   0x0000000000000da8      0x230 ./USBLIB/CONFIG/usb_prop.o
 .debug_frame   0x0000000000000fd8       0xc4 ./USBLIB/CONFIG/usb_pwr.o
 .debug_frame   0x000000000000109c      0x130 ./UART/UART.o
 .debug_frame   0x00000000000011cc      0x114 ./ch32v20x_exti.o
 .debug_frame   0x00000000000012e0      0x260 ./ch32v20x_gpio.o
 .debug_frame   0x0000000000001540       0x6c ./ch32v20x_it.o
 .debug_frame   0x00000000000015ac       0xb8 ./ch32v20x_misc.o
 .debug_frame   0x0000000000001664      0x458 ./ch32v20x_rcc.o
 .debug_frame   0x0000000000001abc      0xbb8 ./ch32v20x_tim.o
 .debug_frame   0x0000000000002674      0x404 ./ch32v20x_usart.o
 .debug_frame   0x0000000000002a78       0xd8 ./debug.o
 .debug_frame   0x0000000000002b50       0x50 ./main.o
 .debug_frame   0x0000000000002ba0      0x190 ./support.o
 .debug_frame   0x0000000000002d30       0xa0 ./system_ch32v20x.o
 .debug_frame   0x0000000000002dd0       0x54 c:/mounriver/mrs_community/toolchain/risc-v embedded gcc/bin/../lib/gcc/riscv-none-embed/8.2.0/../../../../riscv-none-embed/lib/rv32imac/ilp32\libg_nano.a(lib_a-printf.o)
 .debug_frame   0x0000000000002e24       0x54 c:/mounriver/mrs_community/toolchain/risc-v embedded gcc/bin/../lib/gcc/riscv-none-embed/8.2.0/../../../../riscv-none-embed/lib/rv32imac/ilp32\libg_nano.a(lib_a-puts.o)
 .debug_frame   0x0000000000002e78       0x50 c:/mounriver/mrs_community/toolchain/risc-v embedded gcc/bin/../lib/gcc/riscv-none-embed/8.2.0/../../../../riscv-none-embed/lib/rv32imac/ilp32\libg_nano.a(lib_a-wbuf.o)
 .debug_frame   0x0000000000002ec8       0x3c c:/mounriver/mrs_community/toolchain/risc-v embedded gcc/bin/../lib/gcc/riscv-none-embed/8.2.0/../../../../riscv-none-embed/lib/rv32imac/ilp32\libg_nano.a(lib_a-wsetup.o)
 .debug_frame   0x0000000000002f04       0x7c c:/mounriver/mrs_community/toolchain/risc-v embedded gcc/bin/../lib/gcc/riscv-none-embed/8.2.0/../../../../riscv-none-embed/lib/rv32imac/ilp32\libg_nano.a(lib_a-fflush.o)
 .debug_frame   0x0000000000002f80      0x148 c:/mounriver/mrs_community/toolchain/risc-v embedded gcc/bin/../lib/gcc/riscv-none-embed/8.2.0/../../../../riscv-none-embed/lib/rv32imac/ilp32\libg_nano.a(lib_a-findfp.o)
 .debug_frame   0x00000000000030c8       0x88 c:/mounriver/mrs_community/toolchain/risc-v embedded gcc/bin/../lib/gcc/riscv-none-embed/8.2.0/../../../../riscv-none-embed/lib/rv32imac/ilp32\libg_nano.a(lib_a-fwalk.o)
 .debug_frame   0x0000000000003150       0x64 c:/mounriver/mrs_community/toolchain/risc-v embedded gcc/bin/../lib/gcc/riscv-none-embed/8.2.0/../../../../riscv-none-embed/lib/rv32imac/ilp32\libg_nano.a(lib_a-makebuf.o)
 .debug_frame   0x00000000000031b4       0x40 c:/mounriver/mrs_community/toolchain/risc-v embedded gcc/bin/../lib/gcc/riscv-none-embed/8.2.0/../../../../riscv-none-embed/lib/rv32imac/ilp32\libg_nano.a(lib_a-nano-freer.o)
 .debug_frame   0x00000000000031f4       0x40 c:/mounriver/mrs_community/toolchain/risc-v embedded gcc/bin/../lib/gcc/riscv-none-embed/8.2.0/../../../../riscv-none-embed/lib/rv32imac/ilp32\libg_nano.a(lib_a-nano-mallocr.o)
 .debug_frame   0x0000000000003234       0xd0 c:/mounriver/mrs_community/toolchain/risc-v embedded gcc/bin/../lib/gcc/riscv-none-embed/8.2.0/../../../../riscv-none-embed/lib/rv32imac/ilp32\libg_nano.a(lib_a-nano-vfprintf.o)
 .debug_frame   0x0000000000003304       0x8c c:/mounriver/mrs_community/toolchain/risc-v embedded gcc/bin/../lib/gcc/riscv-none-embed/8.2.0/../../../../riscv-none-embed/lib/rv32imac/ilp32\libg_nano.a(lib_a-nano-vfprintf_i.o)
 .debug_frame   0x0000000000003390       0x30 c:/mounriver/mrs_community/toolchain/risc-v embedded gcc/bin/../lib/gcc/riscv-none-embed/8.2.0/../../../../riscv-none-embed/lib/rv32imac/ilp32\libg_nano.a(lib_a-sbrkr.o)
 .debug_frame   0x00000000000033c0       0xa4 c:/mounriver/mrs_community/toolchain/risc-v embedded gcc/bin/../lib/gcc/riscv-none-embed/8.2.0/../../../../riscv-none-embed/lib/rv32imac/ilp32\libg_nano.a(lib_a-stdio.o)
 .debug_frame   0x0000000000003464       0x30 c:/mounriver/mrs_community/toolchain/risc-v embedded gcc/bin/../lib/gcc/riscv-none-embed/8.2.0/../../../../riscv-none-embed/lib/rv32imac/ilp32\libg_nano.a(lib_a-writer.o)
 .debug_frame   0x0000000000003494       0x30 c:/mounriver/mrs_community/toolchain/risc-v embedded gcc/bin/../lib/gcc/riscv-none-embed/8.2.0/../../../../riscv-none-embed/lib/rv32imac/ilp32\libg_nano.a(lib_a-closer.o)
 .debug_frame   0x00000000000034c4       0x30 c:/mounriver/mrs_community/toolchain/risc-v embedded gcc/bin/../lib/gcc/riscv-none-embed/8.2.0/../../../../riscv-none-embed/lib/rv32imac/ilp32\libg_nano.a(lib_a-fstatr.o)
 .debug_frame   0x00000000000034f4       0x30 c:/mounriver/mrs_community/toolchain/risc-v embedded gcc/bin/../lib/gcc/riscv-none-embed/8.2.0/../../../../riscv-none-embed/lib/rv32imac/ilp32\libg_nano.a(lib_a-isattyr.o)
 .debug_frame   0x0000000000003524       0x30 c:/mounriver/mrs_community/toolchain/risc-v embedded gcc/bin/../lib/gcc/riscv-none-embed/8.2.0/../../../../riscv-none-embed/lib/rv32imac/ilp32\libg_nano.a(lib_a-lseekr.o)
 .debug_frame   0x0000000000003554       0x20 c:/mounriver/mrs_community/toolchain/risc-v embedded gcc/bin/../lib/gcc/riscv-none-embed/8.2.0/../../../../riscv-none-embed/lib/rv32imac/ilp32\libg_nano.a(lib_a-memchr.o)
 .debug_frame   0x0000000000003574       0x30 c:/mounriver/mrs_community/toolchain/risc-v embedded gcc/bin/../lib/gcc/riscv-none-embed/8.2.0/../../../../riscv-none-embed/lib/rv32imac/ilp32\libg_nano.a(lib_a-mlock.o)
 .debug_frame   0x00000000000035a4       0x30 c:/mounriver/mrs_community/toolchain/risc-v embedded gcc/bin/../lib/gcc/riscv-none-embed/8.2.0/../../../../riscv-none-embed/lib/rv32imac/ilp32\libg_nano.a(lib_a-readr.o)
 .debug_frame   0x00000000000035d4       0x70 c:/mounriver/mrs_community/toolchain/risc-v embedded gcc/bin/../lib/gcc/riscv-none-embed/8.2.0/../../../../riscv-none-embed/lib/rv32imac/ilp32\libg_nano.a(lib_a-reent.o)
 .debug_frame   0x0000000000003644       0x20 c:/mounriver/mrs_community/toolchain/risc-v embedded gcc/bin/../lib/gcc/riscv-none-embed/8.2.0/../../../../riscv-none-embed/lib/rv32imac/ilp32\libnosys.a(close.o)
 .debug_frame   0x0000000000003664       0x20 c:/mounriver/mrs_community/toolchain/risc-v embedded gcc/bin/../lib/gcc/riscv-none-embed/8.2.0/../../../../riscv-none-embed/lib/rv32imac/ilp32\libnosys.a(fstat.o)
 .debug_frame   0x0000000000003684       0x20 c:/mounriver/mrs_community/toolchain/risc-v embedded gcc/bin/../lib/gcc/riscv-none-embed/8.2.0/../../../../riscv-none-embed/lib/rv32imac/ilp32\libnosys.a(isatty.o)
 .debug_frame   0x00000000000036a4       0x20 c:/mounriver/mrs_community/toolchain/risc-v embedded gcc/bin/../lib/gcc/riscv-none-embed/8.2.0/../../../../riscv-none-embed/lib/rv32imac/ilp32\libnosys.a(lseek.o)
 .debug_frame   0x00000000000036c4       0x20 c:/mounriver/mrs_community/toolchain/risc-v embedded gcc/bin/../lib/gcc/riscv-none-embed/8.2.0/../../../../riscv-none-embed/lib/rv32imac/ilp32\libnosys.a(read.o)

.stab           0x0000000000000000       0x84
 .stab          0x0000000000000000       0x24 c:/mounriver/mrs_community/toolchain/risc-v embedded gcc/bin/../lib/gcc/riscv-none-embed/8.2.0/../../../../riscv-none-embed/lib/rv32imac/ilp32\libnosys.a(close.o)
 .stab          0x0000000000000024       0x18 c:/mounriver/mrs_community/toolchain/risc-v embedded gcc/bin/../lib/gcc/riscv-none-embed/8.2.0/../../../../riscv-none-embed/lib/rv32imac/ilp32\libnosys.a(fstat.o)
                                         0x24 (size before relaxing)
 .stab          0x000000000000003c       0x18 c:/mounriver/mrs_community/toolchain/risc-v embedded gcc/bin/../lib/gcc/riscv-none-embed/8.2.0/../../../../riscv-none-embed/lib/rv32imac/ilp32\libnosys.a(isatty.o)
                                         0x24 (size before relaxing)
 .stab          0x0000000000000054       0x18 c:/mounriver/mrs_community/toolchain/risc-v embedded gcc/bin/../lib/gcc/riscv-none-embed/8.2.0/../../../../riscv-none-embed/lib/rv32imac/ilp32\libnosys.a(lseek.o)
                                         0x24 (size before relaxing)
 .stab          0x000000000000006c       0x18 c:/mounriver/mrs_community/toolchain/risc-v embedded gcc/bin/../lib/gcc/riscv-none-embed/8.2.0/../../../../riscv-none-embed/lib/rv32imac/ilp32\libnosys.a(read.o)
                                         0x24 (size before relaxing)

.stabstr        0x0000000000000000      0x117
 .stabstr       0x0000000000000000      0x117 c:/mounriver/mrs_community/toolchain/risc-v embedded gcc/bin/../lib/gcc/riscv-none-embed/8.2.0/../../../../riscv-none-embed/lib/rv32imac/ilp32\libnosys.a(close.o)
