Archive member included to satisfy reference by file (symbol)

c:/mounriver/mrs_community/toolchain/risc-v embedded gcc/bin/../lib/gcc/riscv-none-embed/8.2.0/../../../../riscv-none-embed/lib/rv32imac/ilp32\libg_nano.a(lib_a-printf.o)
                              ./main.o (printf)
c:/mounriver/mrs_community/toolchain/risc-v embedded gcc/bin/../lib/gcc/riscv-none-embed/8.2.0/../../../../riscv-none-embed/lib/rv32imac/ilp32\libg_nano.a(lib_a-putchar.o)
                              ./usb.o (putchar)
c:/mounriver/mrs_community/toolchain/risc-v embedded gcc/bin/../lib/gcc/riscv-none-embed/8.2.0/../../../../riscv-none-embed/lib/rv32imac/ilp32\libg_nano.a(lib_a-puts.o)
                              ./USBLIB/CONFIG/hw_config.o (puts)
c:/mounriver/mrs_community/toolchain/risc-v embedded gcc/bin/../lib/gcc/riscv-none-embed/8.2.0/../../../../riscv-none-embed/lib/rv32imac/ilp32\libg_nano.a(lib_a-wbuf.o)
                              c:/mounriver/mrs_community/toolchain/risc-v embedded gcc/bin/../lib/gcc/riscv-none-embed/8.2.0/../../../../riscv-none-embed/lib/rv32imac/ilp32\libg_nano.a(lib_a-puts.o) (__swbuf_r)
c:/mounriver/mrs_community/toolchain/risc-v embedded gcc/bin/../lib/gcc/riscv-none-embed/8.2.0/../../../../riscv-none-embed/lib/rv32imac/ilp32\libg_nano.a(lib_a-wsetup.o)
                              c:/mounriver/mrs_community/toolchain/risc-v embedded gcc/bin/../lib/gcc/riscv-none-embed/8.2.0/../../../../riscv-none-embed/lib/rv32imac/ilp32\libg_nano.a(lib_a-puts.o) (__swsetup_r)
c:/mounriver/mrs_community/toolchain/risc-v embedded gcc/bin/../lib/gcc/riscv-none-embed/8.2.0/../../../../riscv-none-embed/lib/rv32imac/ilp32\libg_nano.a(lib_a-fflush.o)
                              c:/mounriver/mrs_community/toolchain/risc-v embedded gcc/bin/../lib/gcc/riscv-none-embed/8.2.0/../../../../riscv-none-embed/lib/rv32imac/ilp32\libg_nano.a(lib_a-wbuf.o) (_fflush_r)
c:/mounriver/mrs_community/toolchain/risc-v embedded gcc/bin/../lib/gcc/riscv-none-embed/8.2.0/../../../../riscv-none-embed/lib/rv32imac/ilp32\libg_nano.a(lib_a-findfp.o)
                              c:/mounriver/mrs_community/toolchain/risc-v embedded gcc/bin/../lib/gcc/riscv-none-embed/8.2.0/../../../../riscv-none-embed/lib/rv32imac/ilp32\libg_nano.a(lib_a-printf.o) (__sinit)
c:/mounriver/mrs_community/toolchain/risc-v embedded gcc/bin/../lib/gcc/riscv-none-embed/8.2.0/../../../../riscv-none-embed/lib/rv32imac/ilp32\libg_nano.a(lib_a-fwalk.o)
                              c:/mounriver/mrs_community/toolchain/risc-v embedded gcc/bin/../lib/gcc/riscv-none-embed/8.2.0/../../../../riscv-none-embed/lib/rv32imac/ilp32\libg_nano.a(lib_a-findfp.o) (_fwalk)
c:/mounriver/mrs_community/toolchain/risc-v embedded gcc/bin/../lib/gcc/riscv-none-embed/8.2.0/../../../../riscv-none-embed/lib/rv32imac/ilp32\libg_nano.a(lib_a-impure.o)
                              c:/mounriver/mrs_community/toolchain/risc-v embedded gcc/bin/../lib/gcc/riscv-none-embed/8.2.0/../../../../riscv-none-embed/lib/rv32imac/ilp32\libg_nano.a(lib_a-fflush.o) (_global_impure_ptr)
c:/mounriver/mrs_community/toolchain/risc-v embedded gcc/bin/../lib/gcc/riscv-none-embed/8.2.0/../../../../riscv-none-embed/lib/rv32imac/ilp32\libg_nano.a(lib_a-makebuf.o)
                              c:/mounriver/mrs_community/toolchain/risc-v embedded gcc/bin/../lib/gcc/riscv-none-embed/8.2.0/../../../../riscv-none-embed/lib/rv32imac/ilp32\libg_nano.a(lib_a-wsetup.o) (__smakebuf_r)
c:/mounriver/mrs_community/toolchain/risc-v embedded gcc/bin/../lib/gcc/riscv-none-embed/8.2.0/../../../../riscv-none-embed/lib/rv32imac/ilp32\libg_nano.a(lib_a-memset.o)
                              c:/mounriver/mrs_community/toolchain/risc-v embedded gcc/bin/../lib/gcc/riscv-none-embed/8.2.0/../../../../riscv-none-embed/lib/rv32imac/ilp32\libg_nano.a(lib_a-findfp.o) (memset)
c:/mounriver/mrs_community/toolchain/risc-v embedded gcc/bin/../lib/gcc/riscv-none-embed/8.2.0/../../../../riscv-none-embed/lib/rv32imac/ilp32\libg_nano.a(lib_a-nano-freer.o)
                              c:/mounriver/mrs_community/toolchain/risc-v embedded gcc/bin/../lib/gcc/riscv-none-embed/8.2.0/../../../../riscv-none-embed/lib/rv32imac/ilp32\libg_nano.a(lib_a-wsetup.o) (_free_r)
c:/mounriver/mrs_community/toolchain/risc-v embedded gcc/bin/../lib/gcc/riscv-none-embed/8.2.0/../../../../riscv-none-embed/lib/rv32imac/ilp32\libg_nano.a(lib_a-nano-mallocr.o)
                              c:/mounriver/mrs_community/toolchain/risc-v embedded gcc/bin/../lib/gcc/riscv-none-embed/8.2.0/../../../../riscv-none-embed/lib/rv32imac/ilp32\libg_nano.a(lib_a-findfp.o) (_malloc_r)
c:/mounriver/mrs_community/toolchain/risc-v embedded gcc/bin/../lib/gcc/riscv-none-embed/8.2.0/../../../../riscv-none-embed/lib/rv32imac/ilp32\libg_nano.a(lib_a-nano-vfprintf.o)
                              c:/mounriver/mrs_community/toolchain/risc-v embedded gcc/bin/../lib/gcc/riscv-none-embed/8.2.0/../../../../riscv-none-embed/lib/rv32imac/ilp32\libg_nano.a(lib_a-printf.o) (_vfprintf_r)
[...]
Memory Configuration

Name             Origin             Length             Attributes
FLASH            0x0000000000000000 0x0000000000010000 xr
RAM              0x0000000020000000 0x0000000000005000 xrw
*default*        0x0000000000000000 0xffffffffffffffff

Linker script and memory map

LOAD ./USBLIB/USB-Driver/src/usb_core.o
LOAD ./USBLIB/USB-Driver/src/usb_init.o
LOAD ./USBLIB/USB-Driver/src/usb_int.o
LOAD ./USBLIB/USB-Driver/src/usb_mem.o
LOAD ./USBLIB/USB-Driver/src/usb_regs.o
LOAD ./USBLIB/USB-Driver/src/usb_sil.o
LOAD ./USBLIB/CONFIG/hw_config.o
LOAD ./USBLIB/CONFIG/usb_desc.o
LOAD ./USBLIB/CONFIG/usb_endp.o
LOAD ./USBLIB/CONFIG/usb_istr.o
LOAD ./USBLIB/CONFIG/usb_prop.o
LOAD ./USBLIB/CONFIG/usb_pwr.o
LOAD ./UART/UART.o
LOAD ./UART/cdc_fifo.o
LOAD ./ch32v20x_adc.o
LOAD ./ch32v20x_bkp.o
LOAD ./ch32v20x_can.o
LOAD ./ch32v20x_crc.o
LOAD ./ch32v20x_dbgmcu.o
LOAD ./ch32v20x_dma.o
LOAD ./ch32v20x_exti.o
LOAD ./ch32v20x_flash.o
LOAD ./ch32v20x_gpio.o
LOAD ./ch32v20x_i2c.o
LOAD ./ch32v20x_it.o
LOAD ./ch32v20x_iwdg.o
LOAD ./ch32v20x_misc.o
LOAD ./ch32v20x_pwr.o
LOAD ./ch32v20x_rcc.o
LOAD ./ch32v20x_rtc.o
LOAD ./ch32v20x_spi.o
LOAD ./ch32v20x_tim.o
LOAD ./ch32v20x_usart.o
LOAD ./ch32v20x_wwdg.o
LOAD ./core_riscv.o
LOAD ./debug.o
LOAD ./display.o
LOAD ./main.o
LOAD ./startup_ch32v20x_D6.o
LOAD ./support.o
LOAD ./system_ch32v20x.o
LOAD ./usb.o
LOAD c:/mounriver/mrs_community/toolchain/risc-v embedded gcc/bin/../lib/gcc/riscv-none-embed/8.2.0/rv32imac/ilp32\libgcc.a
LOAD c:/mounriver/mrs_community/toolchain/risc-v embedded gcc/bin/../lib/gcc/riscv-none-embed/8.2.0/../../../../riscv-none-embed/lib/rv32imac/ilp32\libg_nano.a
LOAD c:/mounriver/mrs_community/toolchain/risc-v embedded gcc/bin/../lib/gcc/riscv-none-embed/8.2.0/../../../../riscv-none-embed/lib/rv32imac/ilp32\libc_nano.a
LOAD c:/mounriver/mrs_community/toolchain/risc-v embedded gcc/bin/../lib/gcc/riscv-none-embed/8.2.0/rv32imac/ilp32\libgcc.a
START GROUP
LOAD c:/mounriver/mrs_community/toolchain/risc-v embedded gcc/bin/../lib/gcc/riscv-none-embed/8.2.0/rv32imac/ilp32\libgcc.a
LOAD c:/mounriver/mrs_community/toolchain/risc-v embedded gcc/bin/../lib/gcc/riscv-none-embed/8.2.0/../../../../riscv-none-embed/lib/rv32imac/ilp32\libc_nano.a
LOAD c:/mounriver/mrs_community/toolchain/risc-v embedded gcc/bin/../lib/gcc/riscv-none-embed/8.2.0/../../../../riscv-none-embed/lib/rv32imac/ilp32\libnosys.a
END GROUP
START GROUP
LOAD c:/mounriver/mrs_community/toolchain/risc-v embedded gcc/bin/../lib/gcc/riscv-none-embed/8.2.0/rv32imac/ilp32\libgcc.a
LOAD c:/mounriver/mrs_community/toolchain/risc-v embedded gcc/bin/../lib/gcc/riscv-none-embed/8.2.0/../../../../riscv-none-embed/lib/rv32imac/ilp32\libc_nano.a
LOAD c:/mounriver/mrs_community/toolchain/risc-v embedded gcc/bin/../lib/gcc/riscv-none-embed/8.2.0/../../../../riscv-none-embed/lib/rv32imac/ilp32\libnosys.a
END GROUP
                0x0000000000000800                __stack_size = 0x800
                [!provide]                        PROVIDE (_stack_size = __stack_size)

.init           0x0000000000000000       0x38
                0x0000000000000000                _sinit = .
                0x0000000000000000                . = ALIGN (0x4)
 *(SORT_NONE(.init))
 .init          0x0000000000000000       0x38 ./startup_ch32v20x_D6.o
                0x0000000000000000                _start
                0x0000000000000038                . = ALIGN (0x4)
                0x0000000000000038                _einit = .

.vector         0x0000000000000038      0x108
 *(.vector)
 .vector        0x0000000000000038       0xfc ./startup_ch32v20x_D6.o
                0x0000000000000140                . = ALIGN (0x40)
 *fill*         0x0000000000000134        0xc 

.text           0x0000000000000140     0x4b3c
                0x0000000000000140                . = ALIGN (0x4)
 *(.text)
 .text          0x0000000000000140       0xa8 c:/mounriver/mrs_community/toolchain/risc-v embedded gcc/bin/../lib/gcc/riscv-none-embed/8.2.0/../../../../riscv-none-embed/lib/rv32imac/ilp32\libg_nano.a(lib_a-memset.o)
                0x0000000000000140                memset
 *(.text.*)
 .text.Standard_GetConfiguration
                0x00000000000001e8       0x26 ./USBLIB/USB-Driver/src/usb_core.o
                0x00000000000001e8                Standard_GetConfiguration
 .text.Standard_GetInterface
                0x000000000000020e       0x26 ./USBLIB/USB-Driver/src/usb_core.o
                0x000000000000020e                Standard_GetInterface
 .text.Standard_GetStatus
                0x0000000000000234       0xca ./USBLIB/USB-Driver/src/usb_core.o
                0x0000000000000234                Standard_GetStatus
 .text.DataStageIn
                0x00000000000002fe       0xd6 ./USBLIB/USB-Driver/src/usb_core.o
 .text.Standard_SetConfiguration
                0x00000000000003d4       0x38 ./USBLIB/USB-Driver/src/usb_core.o
                0x00000000000003d4                Standard_SetConfiguration
 .text.Standard_SetInterface
                0x000000000000040c       0x6c ./USBLIB/USB-Driver/src/usb_core.o
                0x000000000000040c                Standard_SetInterface
 .text.Standard_ClearFeature
                0x0000000000000478      0x174 ./USBLIB/USB-Driver/src/usb_core.o
                0x0000000000000478                Standard_ClearFeature
 .text.Standard_SetEndPointFeature
                0x00000000000005ec      0x102 ./USBLIB/USB-Driver/src/usb_core.o
                0x00000000000005ec                Standard_SetEndPointFeature
 .text.Standard_SetDeviceFeature
                0x00000000000006ee       0x24 ./USBLIB/USB-Driver/src/usb_core.o
                0x00000000000006ee                Standard_SetDeviceFeature
 .text.Standard_GetDescriptorData
                0x0000000000000712       0x1e ./USBLIB/USB-Driver/src/usb_core.o
                0x0000000000000712                Standard_GetDescriptorData
 .text.Post0_Process
                0x0000000000000730       0x3a ./USBLIB/USB-Driver/src/usb_core.o
                0x0000000000000730                Post0_Process
 .text.Setup0_Process
                0x000000000000076a      0x3c2 ./USBLIB/USB-Driver/src/usb_core.o
                0x000000000000076a                Setup0_Process
 .text.Out0_Process
                0x0000000000000b2c      0x116 ./USBLIB/USB-Driver/src/usb_core.o
                0x0000000000000b2c                Out0_Process
 .text.SetDeviceAddress
                0x0000000000000c42       0x50 ./USBLIB/USB-Driver/src/usb_core.o
                0x0000000000000c42                SetDeviceAddress
 .text.In0_Process
                0x0000000000000c92       0x6a ./USBLIB/USB-Driver/src/usb_core.o
                0x0000000000000c92                In0_Process
 .text.NOP_Process
                0x0000000000000cfc        0x2 ./USBLIB/USB-Driver/src/usb_core.o
                0x0000000000000cfc                NOP_Process
 .text.USB_Init
                0x0000000000000cfe       0x36 ./USBLIB/USB-Driver/src/usb_init.o
                0x0000000000000cfe                USB_Init
 .text.CTR_LP   0x0000000000000d34      0x4a2 ./USBLIB/USB-Driver/src/usb_int.o
                0x0000000000000d34                CTR_LP
 .text.UserToPMABufferCopy
                0x00000000000011d6       0x28 ./USBLIB/USB-Driver/src/usb_mem.o
                0x00000000000011d6                UserToPMABufferCopy
 .text.PMAToUserBufferCopy
                0x00000000000011fe       0x1e ./USBLIB/USB-Driver/src/usb_mem.o
                0x00000000000011fe                PMAToUserBufferCopy
 .text.SetBTABLE
                0x000000000000121c       0x10 ./USBLIB/USB-Driver/src/usb_regs.o
                0x000000000000121c                SetBTABLE
 .text.SetEPType
                0x000000000000122c       0x20 ./USBLIB/USB-Driver/src/usb_regs.o
                0x000000000000122c                SetEPType
 .text.SetEPTxStatus
                0x000000000000124c       0x54 ./USBLIB/USB-Driver/src/usb_regs.o
                0x000000000000124c                SetEPTxStatus
 .text.SetEPRxStatus
                0x00000000000012a0       0x5e ./USBLIB/USB-Driver/src/usb_regs.o
                0x00000000000012a0                SetEPRxStatus
 .text.SetEPRxValid
                0x00000000000012fe       0x48 ./USBLIB/USB-Driver/src/usb_regs.o
                0x00000000000012fe                SetEPRxValid
 .text.Clear_Status_Out
                0x0000000000001346       0x26 ./USBLIB/USB-Driver/src/usb_regs.o
                0x0000000000001346                Clear_Status_Out
 .text.ClearDTOG_RX
                0x000000000000136c       0x30 ./USBLIB/USB-Driver/src/usb_regs.o
                0x000000000000136c                ClearDTOG_RX
 .text.ClearDTOG_TX
                0x000000000000139c       0x2e ./USBLIB/USB-Driver/src/usb_regs.o
                0x000000000000139c                ClearDTOG_TX
 .text.SetEPTxAddr
                0x00000000000013ca       0x20 ./USBLIB/USB-Driver/src/usb_regs.o
                0x00000000000013ca                SetEPTxAddr
 .text.SetEPRxAddr
                0x00000000000013ea       0x22 ./USBLIB/USB-Driver/src/usb_regs.o
                0x00000000000013ea                SetEPRxAddr
 .text.GetEPTxAddr
                0x000000000000140c       0x1e ./USBLIB/USB-Driver/src/usb_regs.o
                0x000000000000140c                GetEPTxAddr
 .text.GetEPRxAddr
                0x000000000000142a       0x20 ./USBLIB/USB-Driver/src/usb_regs.o
                0x000000000000142a                GetEPRxAddr
 .text.SetEPTxCount
                0x000000000000144a       0x1e ./USBLIB/USB-Driver/src/usb_regs.o
                0x000000000000144a                SetEPTxCount
 .text.SetEPRxCount
                0x0000000000001468       0x8c ./USBLIB/USB-Driver/src/usb_regs.o
                0x0000000000001468                SetEPRxCount
 .text.GetEPRxCount
                0x00000000000014f4       0x22 ./USBLIB/USB-Driver/src/usb_regs.o
                0x00000000000014f4                GetEPRxCount
 .text.ByteSwap
                0x0000000000001516        0xe ./USBLIB/USB-Driver/src/usb_regs.o
                0x0000000000001516                ByteSwap
 .text.USB_SIL_Init
                0x0000000000001524       0x20 ./USBLIB/USB-Driver/src/usb_sil.o
                0x0000000000001524                USB_SIL_Init
 .text.USB_SIL_Write
                0x0000000000001544       0x30 ./USBLIB/USB-Driver/src/usb_sil.o
                0x0000000000001544                USB_SIL_Write
 .text.USBWakeUp_IRQHandler
                0x0000000000001574        0xc ./USBLIB/CONFIG/hw_config.o
                0x0000000000001574                USBWakeUp_IRQHandler
 .text.USB_LP_CAN1_RX0_IRQHandler
                0x0000000000001580        0x6 ./USBLIB/CONFIG/hw_config.o
                0x0000000000001580                USB_LP_CAN1_RX0_IRQHandler
 .text.Set_USBConfig
                0x0000000000001586       0x54 ./USBLIB/CONFIG/hw_config.o
                0x0000000000001586                Set_USBConfig
 .text.Enter_LowPowerMode
                0x00000000000015da       0x1c ./USBLIB/CONFIG/hw_config.o
                0x00000000000015da                Enter_LowPowerMode
 .text.Leave_LowPowerMode
                0x00000000000015f6       0x2a ./USBLIB/CONFIG/hw_config.o
                0x00000000000015f6                Leave_LowPowerMode
 .text.USB_Interrupts_Config
                0x0000000000001620       0x56 ./USBLIB/CONFIG/hw_config.o
                0x0000000000001620                USB_Interrupts_Config
 .text.USB_Port_Set
                0x0000000000001676       0xce ./USBLIB/CONFIG/hw_config.o
                0x0000000000001676                USB_Port_Set
 .text.EP1_IN_Callback
                0x0000000000001744        0x2 ./USBLIB/CONFIG/usb_endp.o
                0x0000000000001744                EP1_IN_Callback
 .text.EP2_OUT_Callback
                0x0000000000001746      0x100 ./USBLIB/CONFIG/usb_endp.o
                0x0000000000001746                EP2_OUT_Callback
 .text.EP3_IN_Callback
                0x0000000000001846       0x12 ./USBLIB/CONFIG/usb_endp.o
                0x0000000000001846                EP3_IN_Callback
 .text.USBD_ENDPx_DataUp
                0x0000000000001858       0x64 ./USBLIB/CONFIG/usb_endp.o
                0x0000000000001858                USBD_ENDPx_DataUp
 .text.USB_Istr
                0x00000000000018bc      0x238 ./USBLIB/CONFIG/usb_istr.o
                0x00000000000018bc                USB_Istr
 .text.USBD_SetConfiguration
                0x0000000000001af4        0xe ./USBLIB/CONFIG/usb_prop.o
                0x0000000000001af4                USBD_SetConfiguration
 .text.USBD_SetDeviceAddress
                0x0000000000001b02        0x8 ./USBLIB/CONFIG/usb_prop.o
                0x0000000000001b02                USBD_SetDeviceAddress
 .text.USBD_SetDeviceFeature
                0x0000000000001b0a        0x2 ./USBLIB/CONFIG/usb_prop.o
                0x0000000000001b0a                USBD_SetDeviceFeature
 .text.USBD_ClearFeature
                0x0000000000001b0c        0x2 ./USBLIB/CONFIG/usb_prop.o
                0x0000000000001b0c                USBD_ClearFeature
 .text.USBD_Status_Out
                0x0000000000001b0e        0x2 ./USBLIB/CONFIG/usb_prop.o
                0x0000000000001b0e                USBD_Status_Out
 .text.USBD_Get_Interface_Setting
                0x0000000000001b10       0x10 ./USBLIB/CONFIG/usb_prop.o
                0x0000000000001b10                USBD_Get_Interface_Setting
 .text.USB_CDC_GetLineCoding
                0x0000000000001b20       0x18 ./USBLIB/CONFIG/usb_prop.o
                0x0000000000001b20                USB_CDC_GetLineCoding
 .text.USB_CDC_SetLineCoding
                0x0000000000001b38       0x18 ./USBLIB/CONFIG/usb_prop.o
                0x0000000000001b38                USB_CDC_SetLineCoding
 .text.USBD_Data_Setup
                0x0000000000001b50       0x50 ./USBLIB/CONFIG/usb_prop.o
                0x0000000000001b50                USBD_Data_Setup
 .text.USBD_NoData_Setup
                0x0000000000001ba0       0x2e ./USBLIB/CONFIG/usb_prop.o
                0x0000000000001ba0                USBD_NoData_Setup
 .text.USBD_Status_In
                0x0000000000001bce       0x30 ./USBLIB/CONFIG/usb_prop.o
                0x0000000000001bce                USBD_Status_In
 .text.USBD_init
                0x0000000000001bfe       0x60 ./USBLIB/CONFIG/usb_prop.o
                0x0000000000001bfe                USBD_init
 .text.USBD_Reset
                0x0000000000001c5e      0x264 ./USBLIB/CONFIG/usb_prop.o
                0x0000000000001c5e                USBD_Reset
 .text.USBD_GetDeviceDescriptor
                0x0000000000001ec2       0x12 ./USBLIB/CONFIG/usb_prop.o
                0x0000000000001ec2                USBD_GetDeviceDescriptor
 .text.USBD_GetConfigDescriptor
                0x0000000000001ed4       0x16 ./USBLIB/CONFIG/usb_prop.o
                0x0000000000001ed4                USBD_GetConfigDescriptor
 .text.USBD_GetStringDescriptor
                0x0000000000001eea       0x2c ./USBLIB/CONFIG/usb_prop.o
                0x0000000000001eea                USBD_GetStringDescriptor
 .text.PowerOn  0x0000000000001f16       0x2a ./USBLIB/CONFIG/usb_pwr.o
                0x0000000000001f16                PowerOn
 .text.Suspend  0x0000000000001f40       0xbe ./USBLIB/CONFIG/usb_pwr.o
                0x0000000000001f40                Suspend
 .text.Resume_Init
                0x0000000000001ffe       0x32 ./USBLIB/CONFIG/usb_pwr.o
                0x0000000000001ffe                Resume_Init
 .text.Resume   0x0000000000002030       0xf4 ./USBLIB/CONFIG/usb_pwr.o
                0x0000000000002030                Resume
 .text.RCC_Configuration
                0x0000000000002124       0x2e ./UART/UART.o
                0x0000000000002124                RCC_Configuration
 .text.TIM2_Init
                0x0000000000002152       0x74 ./UART/UART.o
                0x0000000000002152                TIM2_Init
 .text.UART2_ParaInit
                0x00000000000021c6      0x118 ./UART/UART.o
                0x00000000000021c6                UART2_ParaInit
 .text.UART2_USB_Init
                0x00000000000022de        0xe ./UART/UART.o
                0x00000000000022de                UART2_USB_Init
 .text.UART2_DataTx_Deal
                0x00000000000022ec      0x246 ./UART/UART.o
                0x00000000000022ec                UART2_DataTx_Deal
 .text.UART2_DataRx_Deal
                0x0000000000002532      0x33a ./UART/UART.o
                0x0000000000002532                UART2_DataRx_Deal
 .text.fifo_rc_empty
                0x000000000000286c        0xa ./UART/cdc_fifo.o
                0x000000000000286c                fifo_rc_empty
 .text.fifo_rc_pop
                0x0000000000002876       0x2c ./UART/cdc_fifo.o
                0x0000000000002876                fifo_rc_pop
 .text.fifo_pma_to_rc
                0x00000000000028a2       0xb4 ./UART/cdc_fifo.o
                0x00000000000028a2                fifo_pma_to_rc
 .text.fifo_tm_full
                0x0000000000002956        0xe ./UART/cdc_fifo.o
                0x0000000000002956                fifo_tm_full
 .text.fifo_tm_push
                0x0000000000002964       0x36 ./UART/cdc_fifo.o
                0x0000000000002964                fifo_tm_push
 .text.fifo_tm_to_pma
                0x000000000000299a       0x70 ./UART/cdc_fifo.o
                0x000000000000299a                fifo_tm_to_pma
 .text.EXTI_Init
                0x0000000000002a0a       0xa2 ./ch32v20x_exti.o
                0x0000000000002a0a                EXTI_Init
 .text.EXTI_ClearITPendingBit
                0x0000000000002aac        0xa ./ch32v20x_exti.o
                0x0000000000002aac                EXTI_ClearITPendingBit
 .text.GPIO_Init
                0x0000000000002ab6      0x104 ./ch32v20x_gpio.o
                0x0000000000002ab6                GPIO_Init
 .text.GPIO_WriteBit
                0x0000000000002bba       0x1c ./ch32v20x_gpio.o
                0x0000000000002bba                GPIO_WriteBit
 .text.GPIO_PinRemapConfig
                0x0000000000002bd6      0x10a ./ch32v20x_gpio.o
                0x0000000000002bd6                GPIO_PinRemapConfig
 .text.NMI_Handler
                0x0000000000002ce0        0x4 ./ch32v20x_it.o
                0x0000000000002ce0                NMI_Handler
 .text.TIM2_IRQHandler
                0x0000000000002ce4       0x4c ./ch32v20x_it.o
                0x0000000000002ce4                TIM2_IRQHandler
 .text.HardFault_Handler
                0x0000000000002d30        0x2 ./ch32v20x_it.o
                0x0000000000002d30                HardFault_Handler
 .text.NVIC_PriorityGroupConfig
                0x0000000000002d32        0x6 ./ch32v20x_misc.o
                0x0000000000002d32                NVIC_PriorityGroupConfig
 .text.NVIC_Init
                0x0000000000002d38      0x186 ./ch32v20x_misc.o
                0x0000000000002d38                NVIC_Init
 .text.RCC_USBCLKConfig
                0x0000000000002ebe       0x1a ./ch32v20x_rcc.o
                0x0000000000002ebe                RCC_USBCLKConfig
 .text.RCC_GetClocksFreq
                0x0000000000002ed8      0x112 ./ch32v20x_rcc.o
                0x0000000000002ed8                RCC_GetClocksFreq
 .text.RCC_AHBPeriphClockCmd
                0x0000000000002fea       0x1e ./ch32v20x_rcc.o
                0x0000000000002fea                RCC_AHBPeriphClockCmd
 .text.RCC_APB2PeriphClockCmd
                0x0000000000003008       0x1e ./ch32v20x_rcc.o
                0x0000000000003008                RCC_APB2PeriphClockCmd
 .text.RCC_APB1PeriphClockCmd
                0x0000000000003026       0x1e ./ch32v20x_rcc.o
                0x0000000000003026                RCC_APB1PeriphClockCmd
 .text.RCC_APB2PeriphResetCmd
                0x0000000000003044       0x1e ./ch32v20x_rcc.o
                0x0000000000003044                RCC_APB2PeriphResetCmd
 .text.RCC_APB1PeriphResetCmd
                0x0000000000003062       0x1e ./ch32v20x_rcc.o
                0x0000000000003062                RCC_APB1PeriphResetCmd
 .text.TIM_DeInit
                0x0000000000003080       0x92 ./ch32v20x_tim.o
                0x0000000000003080                TIM_DeInit
 .text.TIM_TimeBaseInit
                0x0000000000003112       0xc2 ./ch32v20x_tim.o
                0x0000000000003112                TIM_TimeBaseInit
 .text.TIM_Cmd  0x00000000000031d4       0x24 ./ch32v20x_tim.o
                0x00000000000031d4                TIM_Cmd
 .text.TIM_ITConfig
                0x00000000000031f8       0x1e ./ch32v20x_tim.o
                0x00000000000031f8                TIM_ITConfig
 .text.TIM_ClearFlag
                0x0000000000003216        0xe ./ch32v20x_tim.o
                0x0000000000003216                TIM_ClearFlag
 .text.USART_Init
                0x0000000000003224       0xf8 ./ch32v20x_usart.o
                0x0000000000003224                USART_Init
 .text.USART_Cmd
                0x000000000000331c       0x20 ./ch32v20x_usart.o
                0x000000000000331c                USART_Cmd
 .text.USART_SendData
                0x000000000000333c        0xa ./ch32v20x_usart.o
                0x000000000000333c                USART_SendData
 .text.USART_GetFlagStatus
                0x0000000000003346        0xc ./ch32v20x_usart.o
                0x0000000000003346                USART_GetFlagStatus
 .text.uart_print_string
                0x0000000000003352       0x30 ./ch32v20x_usart.o
                0x0000000000003352                uart_print_string
 .text.Delay_Init
                0x0000000000003382       0x26 ./debug.o
                0x0000000000003382                Delay_Init
 .text.Delay_Ms
                0x00000000000033a8       0x3e ./debug.o
                0x00000000000033a8                Delay_Ms
 .text.USART_Printf_Init
                0x00000000000033e6       0x84 ./debug.o
                0x00000000000033e6                USART_Printf_Init
 .text._write   0x000000000000346a       0x4c ./debug.o
                0x000000000000346a                _write
 .text._sbrk    0x00000000000034b6       0x2e ./debug.o
                0x00000000000034b6                _sbrk
 .text.gpio_init
                0x00000000000034e4       0x48 ./main.o
                0x00000000000034e4                gpio_init
 .text.main     0x000000000000352c       0x7c ./main.o
                0x000000000000352c                main
 .text.vector_handler
                0x00000000000035a8       0x6c ./startup_ch32v20x_D6.o
                0x00000000000035ac                Ecall_M_Mode_Handler
                0x00000000000035ae                Ecall_U_Mode_Handler
                0x00000000000035b0                Break_Point_Handler
                0x00000000000035b2                SysTick_Handler
                0x00000000000035b4                SW_Handler
                0x00000000000035b6                WWDG_IRQHandler
                0x00000000000035b8                PVD_IRQHandler
                0x00000000000035ba                TAMPER_IRQHandler
                0x00000000000035bc                RTC_IRQHandler
                0x00000000000035be                FLASH_IRQHandler
                0x00000000000035c0                RCC_IRQHandler
                0x00000000000035c2                EXTI0_IRQHandler
                0x00000000000035c4                EXTI1_IRQHandler
                0x00000000000035c6                EXTI2_IRQHandler
                0x00000000000035c8                EXTI3_IRQHandler
                0x00000000000035ca                EXTI4_IRQHandler
                0x00000000000035cc                DMA1_Channel1_IRQHandler
                0x00000000000035ce                DMA1_Channel2_IRQHandler
                0x00000000000035d0                DMA1_Channel3_IRQHandler
                0x00000000000035d2                DMA1_Channel4_IRQHandler
                0x00000000000035d4                DMA1_Channel5_IRQHandler
                0x00000000000035d6                DMA1_Channel6_IRQHandler
                0x00000000000035d8                DMA1_Channel7_IRQHandler
                0x00000000000035da                ADC1_2_IRQHandler
                0x00000000000035dc                USB_HP_CAN1_TX_IRQHandler
                0x00000000000035e0                CAN1_RX1_IRQHandler
                0x00000000000035e2                CAN1_SCE_IRQHandler
                0x00000000000035e4                EXTI9_5_IRQHandler
                0x00000000000035e6                TIM1_BRK_IRQHandler
                0x00000000000035e8                TIM1_UP_IRQHandler
                0x00000000000035ea                TIM1_TRG_COM_IRQHandler
                0x00000000000035ec                TIM1_CC_IRQHandler
                0x00000000000035f0                TIM3_IRQHandler
                0x00000000000035f2                TIM4_IRQHandler
                0x00000000000035f4                I2C1_EV_IRQHandler
                0x00000000000035f6                I2C1_ER_IRQHandler
                0x00000000000035f8                I2C2_EV_IRQHandler
                0x00000000000035fa                I2C2_ER_IRQHandler
                0x00000000000035fc                SPI1_IRQHandler
                0x00000000000035fe                SPI2_IRQHandler
                0x0000000000003600                USART1_IRQHandler
                0x0000000000003602                USART2_IRQHandler
                0x0000000000003604                USART3_IRQHandler
                0x0000000000003606                EXTI15_10_IRQHandler
                0x0000000000003608                RTCAlarm_IRQHandler
                0x000000000000360c                USBHD_IRQHandler
                0x000000000000360e                USBHDWakeUp_IRQHandler
                0x0000000000003610                UART4_IRQHandler
                0x0000000000003612                DMA1_Channel8_IRQHandler
 .text.handle_reset
                0x0000000000003614       0x8a ./startup_ch32v20x_D6.o
                0x0000000000003614                handle_reset
 .text.byte_to_hex
                0x000000000000369e       0xa6 ./support.o
                0x000000000000369e                byte_to_hex
 .text.print_hex_byte
                0x0000000000003744       0x20 ./support.o
                0x0000000000003744                print_hex_byte
 .text.SystemInit
                0x0000000000003764       0xf4 ./system_ch32v20x.o
                0x0000000000003764                SystemInit
 .text.printf   0x0000000000003858       0x40 c:/mounriver/mrs_community/toolchain/risc-v embedded gcc/bin/../lib/gcc/riscv-none-embed/8.2.0/../../../../riscv-none-embed/lib/rv32imac/ilp32\libg_nano.a(lib_a-printf.o)
                0x0000000000003858                iprintf
                0x0000000000003858                printf
 .text._puts_r  0x0000000000003898       0xda c:/mounriver/mrs_community/toolchain/risc-v embedded gcc/bin/../lib/gcc/riscv-none-embed/8.2.0/../../../../riscv-none-embed/lib/rv32imac/ilp32\libg_nano.a(lib_a-puts.o)
                0x0000000000003898                _puts_r
 .text.puts     0x0000000000003972        0xa c:/mounriver/mrs_community/toolchain/risc-v embedded gcc/bin/../lib/gcc/riscv-none-embed/8.2.0/../../../../riscv-none-embed/lib/rv32imac/ilp32\libg_nano.a(lib_a-puts.o)
                0x0000000000003972                puts
 .text.__swbuf_r
                0x000000000000397c       0xc0 c:/mounriver/mrs_community/toolchain/risc-v embedded gcc/bin/../lib/gcc/riscv-none-embed/8.2.0/../../../../riscv-none-embed/lib/rv32imac/ilp32\libg_nano.a(lib_a-wbuf.o)
                0x000000000000397c                __swbuf_r
 .text.__swsetup_r
                0x0000000000003a3c      0x10c c:/mounriver/mrs_community/toolchain/risc-v embedded gcc/bin/../lib/gcc/riscv-none-embed/8.2.0/../../../../riscv-none-embed/lib/rv32imac/ilp32\libg_nano.a(lib_a-wsetup.o)
                0x0000000000003a3c                __swsetup_r
 .text.__sflush_r
                0x0000000000003b48      0x13c c:/mounriver/mrs_community/toolchain/risc-v embedded gcc/bin/../lib/gcc/riscv-none-embed/8.2.0/../../../../riscv-none-embed/lib/rv32imac/ilp32\libg_nano.a(lib_a-fflush.o)
                0x0000000000003b48                __sflush_r
 .text._fflush_r
                0x0000000000003c84       0x66 c:/mounriver/mrs_community/toolchain/risc-v embedded gcc/bin/../lib/gcc/riscv-none-embed/8.2.0/../../../../riscv-none-embed/lib/rv32imac/ilp32\libg_nano.a(lib_a-fflush.o)
                0x0000000000003c84                _fflush_r
 .text.std      0x0000000000003cea       0x6a c:/mounriver/mrs_community/toolchain/risc-v embedded gcc/bin/../lib/gcc/riscv-none-embed/8.2.0/../../../../riscv-none-embed/lib/rv32imac/ilp32\libg_nano.a(lib_a-findfp.o)
 .text._cleanup_r
                0x0000000000003d54        0xa c:/mounriver/mrs_community/toolchain/risc-v embedded gcc/bin/../lib/gcc/riscv-none-embed/8.2.0/../../../../riscv-none-embed/lib/rv32imac/ilp32\libg_nano.a(lib_a-findfp.o)
                0x0000000000003d54                _cleanup_r
 .text.__sfmoreglue
                0x0000000000003d5e       0x46 c:/mounriver/mrs_community/toolchain/risc-v embedded gcc/bin/../lib/gcc/riscv-none-embed/8.2.0/../../../../riscv-none-embed/lib/rv32imac/ilp32\libg_nano.a(lib_a-findfp.o)
                0x0000000000003d5e                __sfmoreglue
 .text.__sinit  0x0000000000003da4       0x66 c:/mounriver/mrs_community/toolchain/risc-v embedded gcc/bin/../lib/gcc/riscv-none-embed/8.2.0/../../../../riscv-none-embed/lib/rv32imac/ilp32\libg_nano.a(lib_a-findfp.o)
                0x0000000000003da4                __sinit
 .text.__sfp    0x0000000000003e0a       0x9e c:/mounriver/mrs_community/toolchain/risc-v embedded gcc/bin/../lib/gcc/riscv-none-embed/8.2.0/../../../../riscv-none-embed/lib/rv32imac/ilp32\libg_nano.a(lib_a-findfp.o)
                0x0000000000003e0a                __sfp
 .text._fwalk_reent
                0x0000000000003ea8       0x6c c:/mounriver/mrs_community/toolchain/risc-v embedded gcc/bin/../lib/gcc/riscv-none-embed/8.2.0/../../../../riscv-none-embed/lib/rv32imac/ilp32\libg_nano.a(lib_a-fwalk.o)
                0x0000000000003ea8                _fwalk_reent
 .text.__swhatbuf_r
                0x0000000000003f14       0x5a c:/mounriver/mrs_community/toolchain/risc-v embedded gcc/bin/../lib/gcc/riscv-none-embed/8.2.0/../../../../riscv-none-embed/lib/rv32imac/ilp32\libg_nano.a(lib_a-makebuf.o)
                0x0000000000003f14                __swhatbuf_r
 .text.__smakebuf_r
                0x0000000000003f6e       0x9e c:/mounriver/mrs_community/toolchain/risc-v embedded gcc/bin/../lib/gcc/riscv-none-embed/8.2.0/../../../../riscv-none-embed/lib/rv32imac/ilp32\libg_nano.a(lib_a-makebuf.o)
                0x0000000000003f6e                __smakebuf_r
 .text._free_r  0x000000000000400c       0xa8 c:/mounriver/mrs_community/toolchain/risc-v embedded gcc/bin/../lib/gcc/riscv-none-embed/8.2.0/../../../../riscv-none-embed/lib/rv32imac/ilp32\libg_nano.a(lib_a-nano-freer.o)
                0x000000000000400c                _free_r
 .text._malloc_r
                0x00000000000040b4       0xd4 c:/mounriver/mrs_community/toolchain/risc-v embedded gcc/bin/../lib/gcc/riscv-none-embed/8.2.0/../../../../riscv-none-embed/lib/rv32imac/ilp32\libg_nano.a(lib_a-nano-mallocr.o)
                0x00000000000040b4                _malloc_r
 .text.__sfputc_r
                0x0000000000004188       0x2a c:/mounriver/mrs_community/toolchain/risc-v embedded gcc/bin/../lib/gcc/riscv-none-embed/8.2.0/../../../../riscv-none-embed/lib/rv32imac/ilp32\libg_nano.a(lib_a-nano-vfprintf.o)
 .text.__sfputs_r
                0x00000000000041b2       0x42 c:/mounriver/mrs_community/toolchain/risc-v embedded gcc/bin/../lib/gcc/riscv-none-embed/8.2.0/../../../../riscv-none-embed/lib/rv32imac/ilp32\libg_nano.a(lib_a-nano-vfprintf.o)
                0x00000000000041b2                __sfputs_r
 .text._vfprintf_r
                0x00000000000041f4      0x29c c:/mounriver/mrs_community/toolchain/risc-v embedded gcc/bin/../lib/gcc/riscv-none-embed/8.2.0/../../../../riscv-none-embed/lib/rv32imac/ilp32\libg_nano.a(lib_a-nano-vfprintf.o)
                0x00000000000041f4                _vfprintf_r
                0x00000000000041f4                _vfiprintf_r
 .text._printf_common
                0x0000000000004490      0x10c c:/mounriver/mrs_community/toolchain/risc-v embedded gcc/bin/../lib/gcc/riscv-none-embed/8.2.0/../../../../riscv-none-embed/lib/rv32imac/ilp32\libg_nano.a(lib_a-nano-vfprintf_i.o)
                0x0000000000004490                _printf_common
 .text._printf_i
                0x000000000000459c      0x2aa c:/mounriver/mrs_community/toolchain/risc-v embedded gcc/bin/../lib/gcc/riscv-none-embed/8.2.0/../../../../riscv-none-embed/lib/rv32imac/ilp32\libg_nano.a(lib_a-nano-vfprintf_i.o)
                0x000000000000459c                _printf_i
 .text._sbrk_r  0x0000000000004846       0x32 c:/mounriver/mrs_community/toolchain/risc-v embedded gcc/bin/../lib/gcc/riscv-none-embed/8.2.0/../../../../riscv-none-embed/lib/rv32imac/ilp32\libg_nano.a(lib_a-sbrkr.o)
                0x0000000000004846                _sbrk_r
 .text.__sread  0x0000000000004878       0x30 c:/mounriver/mrs_community/toolchain/risc-v embedded gcc/bin/../lib/gcc/riscv-none-embed/8.2.0/../../../../riscv-none-embed/lib/rv32imac/ilp32\libg_nano.a(lib_a-stdio.o)
                0x0000000000004878                __sread
 .text.__swrite
                0x00000000000048a8       0x4e c:/mounriver/mrs_community/toolchain/risc-v embedded gcc/bin/../lib/gcc/riscv-none-embed/8.2.0/../../../../riscv-none-embed/lib/rv32imac/ilp32\libg_nano.a(lib_a-stdio.o)
                0x00000000000048a8                __swrite
 .text.__sseek  0x00000000000048f6       0x36 c:/mounriver/mrs_community/toolchain/risc-v embedded gcc/bin/../lib/gcc/riscv-none-embed/8.2.0/../../../../riscv-none-embed/lib/rv32imac/ilp32\libg_nano.a(lib_a-stdio.o)
                0x00000000000048f6                __sseek
 .text.__sclose
                0x000000000000492c        0x6 c:/mounriver/mrs_community/toolchain/risc-v embedded gcc/bin/../lib/gcc/riscv-none-embed/8.2.0/../../../../riscv-none-embed/lib/rv32imac/ilp32\libg_nano.a(lib_a-stdio.o)
                0x000000000000492c                __sclose
 .text._write_r
                0x0000000000004932       0x36 c:/mounriver/mrs_community/toolchain/risc-v embedded gcc/bin/../lib/gcc/riscv-none-embed/8.2.0/../../../../riscv-none-embed/lib/rv32imac/ilp32\libg_nano.a(lib_a-writer.o)
                0x0000000000004932                _write_r
 .text._close_r
                0x0000000000004968       0x30 c:/mounriver/mrs_community/toolchain/risc-v embedded gcc/bin/../lib/gcc/riscv-none-embed/8.2.0/../../../../riscv-none-embed/lib/rv32imac/ilp32\libg_nano.a(lib_a-closer.o)
                0x0000000000004968                _close_r
 .text._fstat_r
                0x0000000000004998       0x32 c:/mounriver/mrs_community/toolchain/risc-v embedded gcc/bin/../lib/gcc/riscv-none-embed/8.2.0/../../../../riscv-none-embed/lib/rv32imac/ilp32\libg_nano.a(lib_a-fstatr.o)
                0x0000000000004998                _fstat_r
 .text._isatty_r
                0x00000000000049ca       0x30 c:/mounriver/mrs_community/toolchain/risc-v embedded gcc/bin/../lib/gcc/riscv-none-embed/8.2.0/../../../../riscv-none-embed/lib/rv32imac/ilp32\libg_nano.a(lib_a-isattyr.o)
                0x00000000000049ca                _isatty_r
 .text._lseek_r
                0x00000000000049fa       0x34 c:/mounriver/mrs_community/toolchain/risc-v embedded gcc/bin/../lib/gcc/riscv-none-embed/8.2.0/../../../../riscv-none-embed/lib/rv32imac/ilp32\libg_nano.a(lib_a-lseekr.o)
                0x00000000000049fa                _lseek_r
 .text.memchr   0x0000000000004a2e       0x1a c:/mounriver/mrs_community/toolchain/risc-v embedded gcc/bin/../lib/gcc/riscv-none-embed/8.2.0/../../../../riscv-none-embed/lib/rv32imac/ilp32\libg_nano.a(lib_a-memchr.o)
                0x0000000000004a2e                memchr
 .text.__malloc_lock
                0x0000000000004a48        0x2 c:/mounriver/mrs_community/toolchain/risc-v embedded gcc/bin/../lib/gcc/riscv-none-embed/8.2.0/../../../../riscv-none-embed/lib/rv32imac/ilp32\libg_nano.a(lib_a-mlock.o)
                0x0000000000004a48                __malloc_lock
 .text.__malloc_unlock
                0x0000000000004a4a        0x2 c:/mounriver/mrs_community/toolchain/risc-v embedded gcc/bin/../lib/gcc/riscv-none-embed/8.2.0/../../../../riscv-none-embed/lib/rv32imac/ilp32\libg_nano.a(lib_a-mlock.o)
                0x0000000000004a4a                __malloc_unlock
 .text._read_r  0x0000000000004a4c       0x34 c:/mounriver/mrs_community/toolchain/risc-v embedded gcc/bin/../lib/gcc/riscv-none-embed/8.2.0/../../../../riscv-none-embed/lib/rv32imac/ilp32\libg_nano.a(lib_a-readr.o)
                0x0000000000004a4c                _read_r
 .text._close   0x0000000000004a80       0x10 c:/mounriver/mrs_community/toolchain/risc-v embedded gcc/bin/../lib/gcc/riscv-none-embed/8.2.0/../../../../riscv-none-embed/lib/rv32imac/ilp32\libnosys.a(close.o)
                0x0000000000004a80                _close
 .text._fstat   0x0000000000004a90       0x10 c:/mounriver/mrs_community/toolchain/risc-v embedded gcc/bin/../lib/gcc/riscv-none-embed/8.2.0/../../../../riscv-none-embed/lib/rv32imac/ilp32\libnosys.a(fstat.o)
                0x0000000000004a90                _fstat
 .text._isatty  0x0000000000004aa0       0x10 c:/mounriver/mrs_community/toolchain/risc-v embedded gcc/bin/../lib/gcc/riscv-none-embed/8.2.0/../../../../riscv-none-embed/lib/rv32imac/ilp32\libnosys.a(isatty.o)
                0x0000000000004aa0                _isatty
 .text._lseek   0x0000000000004ab0       0x10 c:/mounriver/mrs_community/toolchain/risc-v embedded gcc/bin/../lib/gcc/riscv-none-embed/8.2.0/../../../../riscv-none-embed/lib/rv32imac/ilp32\libnosys.a(lseek.o)
                0x0000000000004ab0                _lseek
 .text._read    0x0000000000004ac0       0x10 c:/mounriver/mrs_community/toolchain/risc-v embedded gcc/bin/../lib/gcc/riscv-none-embed/8.2.0/../../../../riscv-none-embed/lib/rv32imac/ilp32\libnosys.a(read.o)
                0x0000000000004ac0                _read
 *(.rodata)
 *(.rodata*)
 .rodata.Enter_LowPowerMode.str1.4
                0x0000000000004ad0       0x1a ./USBLIB/CONFIG/hw_config.o
 *fill*         0x0000000000004aea        0x2 
 .rodata.Leave_LowPowerMode.str1.4
                0x0000000000004aec       0x1a ./USBLIB/CONFIG/hw_config.o
 *fill*         0x0000000000004b06        0x2 
 .rodata.USBD_ConfigDescriptor
                0x0000000000004b08       0x43 ./USBLIB/CONFIG/usb_desc.o
                0x0000000000004b08                USBD_ConfigDescriptor
 *fill*         0x0000000000004b4b        0x1 
 .rodata.USBD_DeviceDescriptor
                0x0000000000004b4c       0x12 ./USBLIB/CONFIG/usb_desc.o
                0x0000000000004b4c                USBD_DeviceDescriptor
 *fill*         0x0000000000004b5e        0x2 
 .rodata.USBD_StringProduct
                0x0000000000004b60       0x16 ./USBLIB/CONFIG/usb_desc.o
                0x0000000000004b60                USBD_StringProduct
 *fill*         0x0000000000004b76        0x2 
 .rodata.USBD_StringVendor
                0x0000000000004b78        0xe ./USBLIB/CONFIG/usb_desc.o
                0x0000000000004b78                USBD_StringVendor
 *fill*         0x0000000000004b86        0x2 
 .rodata.Resume
                0x0000000000004b88       0x18 ./USBLIB/CONFIG/usb_pwr.o
 .rodata.fifo_pma_to_rc.str1.4
                0x0000000000004ba0       0x14 ./UART/cdc_fifo.o
 .rodata.main.str1.4
                0x0000000000004bb4       0x27 ./main.o
 *fill*         0x0000000000004bdb        0x1 
 .rodata.print_hex_byte.str1.4
                0x0000000000004bdc        0x2 ./support.o
 *fill*         0x0000000000004bde        0x2 
 .rodata.__sf_fake_stderr
                0x0000000000004be0       0x20 c:/mounriver/mrs_community/toolchain/risc-v embedded gcc/bin/../lib/gcc/riscv-none-embed/8.2.0/../../../../riscv-none-embed/lib/rv32imac/ilp32\libg_nano.a(lib_a-findfp.o)
                0x0000000000004be0                __sf_fake_stderr
 .rodata.__sf_fake_stdin
                0x0000000000004c00       0x20 c:/mounriver/mrs_community/toolchain/risc-v embedded gcc/bin/../lib/gcc/riscv-none-embed/8.2.0/../../../../riscv-none-embed/lib/rv32imac/ilp32\libg_nano.a(lib_a-findfp.o)
                0x0000000000004c00                __sf_fake_stdin
 .rodata.__sf_fake_stdout
                0x0000000000004c20       0x20 c:/mounriver/mrs_community/toolchain/risc-v embedded gcc/bin/../lib/gcc/riscv-none-embed/8.2.0/../../../../riscv-none-embed/lib/rv32imac/ilp32\libg_nano.a(lib_a-findfp.o)
                0x0000000000004c20                __sf_fake_stdout
 .rodata._vfprintf_r.str1.4
                0x0000000000004c40       0x13 c:/mounriver/mrs_community/toolchain/risc-v embedded gcc/bin/../lib/gcc/riscv-none-embed/8.2.0/../../../../riscv-none-embed/lib/rv32imac/ilp32\libg_nano.a(lib_a-nano-vfprintf.o)
 *fill*         0x0000000000004c53        0x1 
 .rodata._printf_i.str1.4
                0x0000000000004c54       0x28 c:/mounriver/mrs_community/toolchain/risc-v embedded gcc/bin/../lib/gcc/riscv-none-embed/8.2.0/../../../../riscv-none-embed/lib/rv32imac/ilp32\libg_nano.a(lib_a-nano-vfprintf_i.o)
                                         0x25 (size before relaxing)
 *(.gnu.linkonce.t.*)
                0x0000000000004c7c                . = ALIGN (0x4)

.rela.dyn       0x0000000000004c7c        0x0
 .rela.text.Standard_GetConfiguration
                0x0000000000004c7c        0x0 ./USBLIB/USB-Driver/src/usb_core.o
 .rela.text.Standard_GetInterface
                0x0000000000004c7c        0x0 ./USBLIB/USB-Driver/src/usb_core.o
 .rela.text.Standard_GetStatus
                0x0000000000004c7c        0x0 ./USBLIB/USB-Driver/src/usb_core.o
 .rela.text.DataStageIn
                0x0000000000004c7c        0x0 ./USBLIB/USB-Driver/src/usb_core.o
 .rela.text.Standard_SetConfiguration
                0x0000000000004c7c        0x0 ./USBLIB/USB-Driver/src/usb_core.o
 .rela.text.Standard_SetInterface
                0x0000000000004c7c        0x0 ./USBLIB/USB-Driver/src/usb_core.o
 .rela.text.Standard_ClearFeature
                0x0000000000004c7c        0x0 ./USBLIB/USB-Driver/src/usb_core.o
 .rela.text.Standard_SetEndPointFeature
                0x0000000000004c7c        0x0 ./USBLIB/USB-Driver/src/usb_core.o
 .rela.text.Standard_SetDeviceFeature
                0x0000000000004c7c        0x0 ./USBLIB/USB-Driver/src/usb_core.o
 .rela.text.Standard_GetDescriptorData
                0x0000000000004c7c        0x0 ./USBLIB/USB-Driver/src/usb_core.o
 .rela.text.Post0_Process
                0x0000000000004c7c        0x0 ./USBLIB/USB-Driver/src/usb_core.o
 .rela.text.Setup0_Process
                0x0000000000004c7c        0x0 ./USBLIB/USB-Driver/src/usb_core.o
 .rela.text.Out0_Process
                0x0000000000004c7c        0x0 ./USBLIB/USB-Driver/src/usb_core.o
 .rela.text.In0_Process
                0x0000000000004c7c        0x0 ./USBLIB/USB-Driver/src/usb_core.o
 .rela.text.USB_Init
                0x0000000000004c7c        0x0 ./USBLIB/USB-Driver/src/usb_core.o
 .rela.text.CTR_LP
                0x0000000000004c7c        0x0 ./USBLIB/USB-Driver/src/usb_core.o
 .rela.text.SetEPRxCount
                0x0000000000004c7c        0x0 ./USBLIB/USB-Driver/src/usb_core.o
 .rela.text.USB_SIL_Init
                0x0000000000004c7c        0x0 ./USBLIB/USB-Driver/src/usb_core.o
 .rela.text.Leave_LowPowerMode
                0x0000000000004c7c        0x0 ./USBLIB/USB-Driver/src/usb_core.o
 .rela.text.EP2_OUT_Callback
                0x0000000000004c7c        0x0 ./USBLIB/USB-Driver/src/usb_core.o
 .rela.text.EP3_IN_Callback
                0x0000000000004c7c        0x0 ./USBLIB/USB-Driver/src/usb_core.o
 .rela.text.USBD_ENDPx_DataUp
                0x0000000000004c7c        0x0 ./USBLIB/USB-Driver/src/usb_core.o
 .rela.text.USB_Istr
                0x0000000000004c7c        0x0 ./USBLIB/USB-Driver/src/usb_core.o
 .rela.text.USBD_SetConfiguration
                0x0000000000004c7c        0x0 ./USBLIB/USB-Driver/src/usb_core.o
 .rela.text.USB_CDC_GetLineCoding
                0x0000000000004c7c        0x0 ./USBLIB/USB-Driver/src/usb_core.o
 .rela.text.USB_CDC_SetLineCoding
                0x0000000000004c7c        0x0 ./USBLIB/USB-Driver/src/usb_core.o
 .rela.text.USBD_Data_Setup
                0x0000000000004c7c        0x0 ./USBLIB/USB-Driver/src/usb_core.o
 .rela.text.USBD_NoData_Setup
                0x0000000000004c7c        0x0 ./USBLIB/USB-Driver/src/usb_core.o
 .rela.text.USBD_Status_In
                0x0000000000004c7c        0x0 ./USBLIB/USB-Driver/src/usb_core.o
 .rela.text.USBD_init
                0x0000000000004c7c        0x0 ./USBLIB/USB-Driver/src/usb_core.o
 .rela.text.USBD_Reset
                0x0000000000004c7c        0x0 ./USBLIB/USB-Driver/src/usb_core.o
 .rela.text.USBD_GetStringDescriptor
                0x0000000000004c7c        0x0 ./USBLIB/USB-Driver/src/usb_core.o
 .rela.text.PowerOn
                0x0000000000004c7c        0x0 ./USBLIB/USB-Driver/src/usb_core.o
 .rela.text.Suspend
                0x0000000000004c7c        0x0 ./USBLIB/USB-Driver/src/usb_core.o
 .rela.text.Resume
                0x0000000000004c7c        0x0 ./USBLIB/USB-Driver/src/usb_core.o
 .rela.text.UART2_ParaInit
                0x0000000000004c7c        0x0 ./USBLIB/USB-Driver/src/usb_core.o
 .rela.text.UART2_DataTx_Deal
                0x0000000000004c7c        0x0 ./USBLIB/USB-Driver/src/usb_core.o
 .rela.text.UART2_DataRx_Deal
                0x0000000000004c7c        0x0 ./USBLIB/USB-Driver/src/usb_core.o
 .rela.text.TIM2_IRQHandler
                0x0000000000004c7c        0x0 ./USBLIB/USB-Driver/src/usb_core.o
 .rela.text._sbrk
                0x0000000000004c7c        0x0 ./USBLIB/USB-Driver/src/usb_core.o
 .rela.sdata.curbrk.4591
                0x0000000000004c7c        0x0 ./USBLIB/USB-Driver/src/usb_core.o
 .rela.init     0x0000000000004c7c        0x0 ./USBLIB/USB-Driver/src/usb_core.o
 .rela.vector   0x0000000000004c7c        0x0 ./USBLIB/USB-Driver/src/usb_core.o
 .rela.text.handle_reset
                0x0000000000004c7c        0x0 ./USBLIB/USB-Driver/src/usb_core.o
 .rela.text._vfprintf_r
                0x0000000000004c7c        0x0 ./USBLIB/USB-Driver/src/usb_core.o
 .rela.text._sbrk_r
                0x0000000000004c7c        0x0 ./USBLIB/USB-Driver/src/usb_core.o
 .rela.text._write_r
                0x0000000000004c7c        0x0 ./USBLIB/USB-Driver/src/usb_core.o
 .rela.text._close_r
                0x0000000000004c7c        0x0 ./USBLIB/USB-Driver/src/usb_core.o
 .rela.text._fstat_r
                0x0000000000004c7c        0x0 ./USBLIB/USB-Driver/src/usb_core.o
 .rela.text._isatty_r
                0x0000000000004c7c        0x0 ./USBLIB/USB-Driver/src/usb_core.o
 .rela.text._lseek_r
                0x0000000000004c7c        0x0 ./USBLIB/USB-Driver/src/usb_core.o
 .rela.text._read_r
                0x0000000000004c7c        0x0 ./USBLIB/USB-Driver/src/usb_core.o
 .rela.text._close
                0x0000000000004c7c        0x0 ./USBLIB/USB-Driver/src/usb_core.o
 .rela.text._fstat
                0x0000000000004c7c        0x0 ./USBLIB/USB-Driver/src/usb_core.o
 .rela.text._isatty
                0x0000000000004c7c        0x0 ./USBLIB/USB-Driver/src/usb_core.o
 .rela.text._lseek
                0x0000000000004c7c        0x0 ./USBLIB/USB-Driver/src/usb_core.o
 .rela.text._read
                0x0000000000004c7c        0x0 ./USBLIB/USB-Driver/src/usb_core.o

.fini           0x0000000000004c7c        0x0
 *(SORT_NONE(.fini))
                0x0000000000004c7c                . = ALIGN (0x4)
                [!provide]                        PROVIDE (_etext = .)
                [!provide]                        PROVIDE (_eitcm = .)

.preinit_array  0x0000000000004c7c        0x0
                [!provide]                        PROVIDE (__preinit_array_start = .)
 *(.preinit_array)
                [!provide]                        PROVIDE (__preinit_array_end = .)

.init_array     0x0000000000004c7c        0x0
                [!provide]                        PROVIDE (__init_array_start = .)
 *(SORT_BY_INIT_PRIORITY(.init_array.*) SORT_BY_INIT_PRIORITY(.ctors.*))
 *(.init_array EXCLUDE_FILE(*crtend?.o *crtend.o *crtbegin?.o *crtbegin.o) .ctors)
                [!provide]                        PROVIDE (__init_array_end = .)

.fini_array     0x0000000000004c7c        0x0
                [!provide]                        PROVIDE (__fini_array_start = .)
 *(SORT_BY_INIT_PRIORITY(.fini_array.*) SORT_BY_INIT_PRIORITY(.dtors.*))
 *(.fini_array EXCLUDE_FILE(*crtend?.o *crtend.o *crtbegin?.o *crtbegin.o) .dtors)
                [!provide]                        PROVIDE (__fini_array_end = .)

.ctors
 *crtbegin.o(.ctors)
 *crtbegin?.o(.ctors)
 *(EXCLUDE_FILE(*crtend?.o *crtend.o) .ctors)
 *(SORT_BY_NAME(.ctors.*))
 *(.ctors)

.dtors
 *crtbegin.o(.dtors)
 *crtbegin?.o(.dtors)
 *(EXCLUDE_FILE(*crtend?.o *crtend.o) .dtors)
 *(SORT_BY_NAME(.dtors.*))
 *(.dtors)

.dalign         0x0000000020000000        0x0 load address 0x0000000000004c7c
                0x0000000020000000                . = ALIGN (0x4)
                0x0000000020000000                PROVIDE (_data_vma = .)

.dlalign        0x0000000000004c7c        0x0
                0x0000000000004c7c                . = ALIGN (0x4)
                0x0000000000004c7c                PROVIDE (_data_lma = .)

.data           0x0000000020000000      0x168 load address 0x0000000000004c7c
 *(.gnu.linkonce.r.*)
 *(.data .data.*)
 .data.USBD_StringSerial
                0x0000000020000000       0x16 ./USBLIB/CONFIG/usb_desc.o
                0x0000000020000000                USBD_StringSerial
 *fill*         0x0000000020000016        0x2 
 .data.pEpInt_IN
                0x0000000020000018       0x1c ./USBLIB/CONFIG/usb_istr.o
                0x0000000020000018                pEpInt_IN
 .data.pEpInt_OUT
                0x0000000020000034       0x1c ./USBLIB/CONFIG/usb_istr.o
                0x0000000020000034                pEpInt_OUT
 .data.Device_Property
                0x0000000020000050       0x30 ./USBLIB/CONFIG/usb_prop.o
                0x0000000020000050                Device_Property
 .data.String_Descriptor
                0x0000000020000080       0x20 ./USBLIB/CONFIG/usb_prop.o
                0x0000000020000080                String_Descriptor
 .data.User_Standard_Requests
                0x00000000200000a0       0x24 ./USBLIB/CONFIG/usb_prop.o
                0x00000000200000a0                User_Standard_Requests
 .data.APBAHBPrescTable
                0x00000000200000c4       0x10 ./ch32v20x_rcc.o
 .data.impure_data
                0x00000000200000d4       0x60 c:/mounriver/mrs_community/toolchain/risc-v embedded gcc/bin/../lib/gcc/riscv-none-embed/8.2.0/../../../../riscv-none-embed/lib/rv32imac/ilp32\libg_nano.a(lib_a-impure.o)
 *(.gnu.linkonce.d.*)
                0x0000000020000138                . = ALIGN (0x8)
 *fill*         0x0000000020000134        0x4 
                0x0000000020000938                PROVIDE (__global_pointer$ = (. + 0x800))
 *(.sdata .sdata.*)
 .sdata.Config_Descriptor
                0x0000000020000138        0x8 ./USBLIB/CONFIG/usb_prop.o
                0x0000000020000138                Config_Descriptor
 .sdata.Device_Descriptor
                0x0000000020000140        0x8 ./USBLIB/CONFIG/usb_prop.o
                0x0000000020000140                Device_Descriptor
 .sdata.Device_Table
                0x0000000020000148        0x2 ./USBLIB/CONFIG/usb_prop.o
                0x0000000020000148                Device_Table
 *fill*         0x000000002000014a        0x2 
 .sdata.fSuspendEnabled
                0x000000002000014c        0x4 ./USBLIB/CONFIG/usb_pwr.o
                0x000000002000014c                fSuspendEnabled
 .sdata.ADCPrescTable
                0x0000000020000150        0x4 ./ch32v20x_rcc.o
 .sdata.curbrk.4591
                0x0000000020000154        0x4 ./debug.o
 .sdata.SystemCoreClock
                0x0000000020000158        0x4 ./system_ch32v20x.o
                0x0000000020000158                SystemCoreClock
 .sdata._impure_ptr
                0x000000002000015c        0x4 c:/mounriver/mrs_community/toolchain/risc-v embedded gcc/bin/../lib/gcc/riscv-none-embed/8.2.0/../../../../riscv-none-embed/lib/rv32imac/ilp32\libg_nano.a(lib_a-impure.o)
                0x000000002000015c                _impure_ptr
 *(.sdata2.*)
 .sdata2.USBD_StringLangID
                0x0000000020000160        0x4 ./USBLIB/CONFIG/usb_desc.o
                0x0000000020000160                USBD_StringLangID
 .sdata2._global_impure_ptr
                0x0000000020000164        0x4 c:/mounriver/mrs_community/toolchain/risc-v embedded gcc/bin/../lib/gcc/riscv-none-embed/8.2.0/../../../../riscv-none-embed/lib/rv32imac/ilp32\libg_nano.a(lib_a-impure.o)
                0x0000000020000164                _global_impure_ptr
 *(.gnu.linkonce.s.*)
                0x0000000020000168                . = ALIGN (0x8)
 *(.srodata.cst16)
 *(.srodata.cst8)
 *(.srodata.cst4)
 *(.srodata.cst2)
 *(.srodata .srodata.*)
                0x0000000020000168                . = ALIGN (0x4)
                0x0000000020000168                PROVIDE (_edata = .)

.bss            0x0000000020000168     0x14ec load address 0x0000000000004de4
                0x0000000020000168                . = ALIGN (0x4)
                0x0000000020000168                PROVIDE (_sbss = .)
 *(.sbss*)
 .sbss.Data_Mul_MaxPacketSize
                0x0000000020000168        0x4 ./USBLIB/USB-Driver/src/usb_core.o
                0x0000000020000168                Data_Mul_MaxPacketSize
 .sbss.led_state
                0x000000002000016c        0x1 ./USBLIB/CONFIG/usb_endp.o
                0x000000002000016c                led_state
 .sbss.bIntPackSOF
                0x000000002000016d        0x1 ./USBLIB/CONFIG/usb_istr.o
                0x000000002000016d                bIntPackSOF
 *fill*         0x000000002000016e        0x2 
 .sbss.esof_counter
                0x0000000020000170        0x4 ./USBLIB/CONFIG/usb_istr.o
                0x0000000020000170                esof_counter
 .sbss.wCNTR    0x0000000020000174        0x4 ./USBLIB/CONFIG/usb_istr.o
                0x0000000020000174                wCNTR
 .sbss.bDeviceState
                0x0000000020000178        0x4 ./USBLIB/CONFIG/usb_pwr.o
                0x0000000020000178                bDeviceState
 .sbss.remotewakeupon
                0x000000002000017c        0x4 ./USBLIB/CONFIG/usb_pwr.o
                0x000000002000017c                remotewakeupon
 .sbss.fifo_rc_back
                0x0000000020000180        0x2 ./UART/cdc_fifo.o
                0x0000000020000180                fifo_rc_back
 .sbss.fifo_rc_count
                0x0000000020000182        0x2 ./UART/cdc_fifo.o
                0x0000000020000182                fifo_rc_count
 .sbss.fifo_rc_front
                0x0000000020000184        0x2 ./UART/cdc_fifo.o
                0x0000000020000184                fifo_rc_front
 .sbss.fifo_tm_back
                0x0000000020000186        0x2 ./UART/cdc_fifo.o
                0x0000000020000186                fifo_tm_back
 .sbss.fifo_tm_count
                0x0000000020000188        0x2 ./UART/cdc_fifo.o
                0x0000000020000188                fifo_tm_count
 .sbss.fifo_tm_front
                0x000000002000018a        0x2 ./UART/cdc_fifo.o
                0x000000002000018a                fifo_tm_front
 .sbss.MCU_Version
                0x000000002000018c        0x1 ./ch32v20x_gpio.o
                0x000000002000018c                MCU_Version
 *fill*         0x000000002000018d        0x3 
 .sbss.NVIC_Priority_Group
                0x0000000020000190        0x4 ./ch32v20x_misc.o
                0x0000000020000190                NVIC_Priority_Group
 .sbss.p_ms     0x0000000020000194        0x2 ./debug.o
 .sbss.p_us     0x0000000020000196        0x1 ./debug.o
 *fill*         0x0000000020000197        0x1 
 .sbss.__malloc_free_list
                0x0000000020000198        0x4 c:/mounriver/mrs_community/toolchain/risc-v embedded gcc/bin/../lib/gcc/riscv-none-embed/8.2.0/../../../../riscv-none-embed/lib/rv32imac/ilp32\libg_nano.a(lib_a-nano-mallocr.o)
                0x0000000020000198                __malloc_free_list
 .sbss.__malloc_sbrk_start
                0x000000002000019c        0x4 c:/mounriver/mrs_community/toolchain/risc-v embedded gcc/bin/../lib/gcc/riscv-none-embed/8.2.0/../../../../riscv-none-embed/lib/rv32imac/ilp32\libg_nano.a(lib_a-nano-mallocr.o)
                0x000000002000019c                __malloc_sbrk_start
 *(.gnu.linkonce.sb.*)
 *(.bss*)
 .bss.fifo_receive_buf
                0x00000000200001a0      0x400 ./UART/cdc_fifo.o
                0x00000000200001a0                fifo_receive_buf
 .bss.fifo_transmit_buf
                0x00000000200005a0      0x400 ./UART/cdc_fifo.o
                0x00000000200005a0                fifo_transmit_buf
 *(.gnu.linkonce.b.*)
 *(COMMON*)
 COMMON         0x00000000200009a0        0x2 ./USBLIB/USB-Driver/src/usb_core.o
                0x00000000200009a0                StatusInfo
 *fill*         0x00000000200009a2        0x2 
 COMMON         0x00000000200009a4       0x32 ./USBLIB/USB-Driver/src/usb_init.o
                0x00000000200009a4                SaveState
                0x00000000200009a8                pProperty
                0x00000000200009ac                EPindex
                0x00000000200009b0                Device_Info
                0x00000000200009cc                pUser_Standard_Requests
                0x00000000200009d0                pInformation
                0x00000000200009d4                wInterrupt_Mask
 COMMON         0x00000000200009d6        0x4 ./USBLIB/USB-Driver/src/usb_int.o
                0x00000000200009d6                SaveRState
                0x00000000200009d8                SaveTState
 COMMON         0x00000000200009da        0x1 ./USBLIB/CONFIG/usb_endp.o
                0x00000000200009da                USBD_Endp3_Busy
 *fill*         0x00000000200009db        0x1 
 COMMON         0x00000000200009dc        0x4 ./USBLIB/CONFIG/usb_istr.o
                0x00000000200009dc                Ep0RxBlks
                0x00000000200009de                wIstr
 COMMON         0x00000000200009e0       0x28 ./USBLIB/CONFIG/usb_pwr.o
                0x00000000200009e0                ResumeS
                0x00000000200009e8                EP
 COMMON         0x0000000020000a08      0xc48 ./UART/UART.o
                0x0000000020000a08                UART2_Rx_Buf
                0x0000000020001208                Uart
                0x0000000020001250                UART2_Tx_Buf
 COMMON         0x0000000020001650        0x4 c:/mounriver/mrs_community/toolchain/risc-v embedded gcc/bin/../lib/gcc/riscv-none-embed/8.2.0/../../../../riscv-none-embed/lib/rv32imac/ilp32\libg_nano.a(lib_a-reent.o)
                0x0000000020001650                errno
                0x0000000020001654                . = ALIGN (0x4)
                0x0000000020001654                PROVIDE (_ebss = .)
                0x0000000020001654                PROVIDE (_end = _ebss)
                [!provide]                        PROVIDE (end = .)

.stack          0x0000000020004800      0x800
                0x0000000020004800                PROVIDE (_heap_end = .)
                0x0000000020004800                . = ALIGN (0x4)
                [!provide]                        PROVIDE (_susrstack = .)
                0x0000000020005000                . = (. + __stack_size)
 *fill*         0x0000000020004800      0x800 
                0x0000000020005000                PROVIDE (_eusrstack = .)
OUTPUT(ch32v203_usb_cdc.elf elf32-littleriscv)

.debug_info     0x0000000000000000    0x1cd0d
 .debug_info    0x0000000000000000     0x180d ./USBLIB/USB-Driver/src/usb_core.o
 .debug_info    0x000000000000180d      0xdf0 ./USBLIB/USB-Driver/src/usb_init.o
 .debug_info    0x00000000000025fd      0xf04 ./USBLIB/USB-Driver/src/usb_int.o
 .debug_info    0x0000000000003501      0xe8a ./USBLIB/USB-Driver/src/usb_mem.o
 .debug_info    0x000000000000438b     0x1a96 ./USBLIB/USB-Driver/src/usb_regs.o
 .debug_info    0x0000000000005e21      0xec6 ./USBLIB/USB-Driver/src/usb_sil.o
 .debug_info    0x0000000000006ce7     0x1402 ./USBLIB/CONFIG/hw_config.o
 .debug_info    0x00000000000080e9      0xe8e ./USBLIB/CONFIG/usb_desc.o
 .debug_info    0x0000000000008f77     0x12fa ./USBLIB/CONFIG/usb_endp.o
 .debug_info    0x000000000000a271      0xf46 ./USBLIB/CONFIG/usb_istr.o
 .debug_info    0x000000000000b1b7     0x175d ./USBLIB/CONFIG/usb_prop.o
 .debug_info    0x000000000000c914      0xfec ./USBLIB/CONFIG/usb_pwr.o
 .debug_info    0x000000000000d900     0x1bc1 ./UART/UART.o
 .debug_info    0x000000000000f4c1      0xe0f ./UART/cdc_fifo.o
 .debug_info    0x00000000000102d0      0xc18 ./ch32v20x_exti.o
 .debug_info    0x0000000000010ee8     0x1155 ./ch32v20x_gpio.o
 .debug_info    0x000000000001203d      0xda6 ./ch32v20x_it.o
 .debug_info    0x0000000000012de3      0xf97 ./ch32v20x_misc.o
 .debug_info    0x0000000000013d7a     0x1267 ./ch32v20x_rcc.o
 .debug_info    0x0000000000014fe1     0x2a11 ./ch32v20x_tim.o
 .debug_info    0x00000000000179f2     0x1588 ./ch32v20x_usart.o
 .debug_info    0x0000000000018f7a      0xf3f ./debug.o
 .debug_info    0x0000000000019eb9     0x132e ./main.o
 .debug_info    0x000000000001b1e7       0x22 ./startup_ch32v20x_D6.o
 .debug_info    0x000000000001b209      0xf70 ./support.o
 .debug_info    0x000000000001c179      0xb94 ./system_ch32v20x.o

.debug_abbrev   0x0000000000000000     0x4bea
 .debug_abbrev  0x0000000000000000      0x517 ./USBLIB/USB-Driver/src/usb_core.o
 .debug_abbrev  0x0000000000000517      0x226 ./USBLIB/USB-Driver/src/usb_init.o
 .debug_abbrev  0x000000000000073d      0x273 ./USBLIB/USB-Driver/src/usb_int.o
 .debug_abbrev  0x00000000000009b0      0x25d ./USBLIB/USB-Driver/src/usb_mem.o
 .debug_abbrev  0x0000000000000c0d      0x37e ./USBLIB/USB-Driver/src/usb_regs.o
 .debug_abbrev  0x0000000000000f8b      0x2c0 ./USBLIB/USB-Driver/src/usb_sil.o
 .debug_abbrev  0x000000000000124b      0x2c1 ./USBLIB/CONFIG/hw_config.o
 .debug_abbrev  0x000000000000150c      0x208 ./USBLIB/CONFIG/usb_desc.o
 .debug_abbrev  0x0000000000001714      0x324 ./USBLIB/CONFIG/usb_endp.o
 .debug_abbrev  0x0000000000001a38      0x2b2 ./USBLIB/CONFIG/usb_istr.o
 .debug_abbrev  0x0000000000001cea      0x367 ./USBLIB/CONFIG/usb_prop.o
 .debug_abbrev  0x0000000000002051      0x2fd ./USBLIB/CONFIG/usb_pwr.o
 .debug_abbrev  0x000000000000234e      0x3b1 ./UART/UART.o
 .debug_abbrev  0x00000000000026ff      0x338 ./UART/cdc_fifo.o
 .debug_abbrev  0x0000000000002a37      0x28d ./ch32v20x_exti.o
 .debug_abbrev  0x0000000000002cc4      0x332 ./ch32v20x_gpio.o
 .debug_abbrev  0x0000000000002ff6      0x209 ./ch32v20x_it.o
 .debug_abbrev  0x00000000000031ff      0x2db ./ch32v20x_misc.o
 .debug_abbrev  0x00000000000034da      0x354 ./ch32v20x_rcc.o
 .debug_abbrev  0x000000000000382e      0x3f8 ./ch32v20x_tim.o
 .debug_abbrev  0x0000000000003c26      0x3ce ./ch32v20x_usart.o
 .debug_abbrev  0x0000000000003ff4      0x2e9 ./debug.o
 .debug_abbrev  0x00000000000042dd      0x2dc ./main.o
 .debug_abbrev  0x00000000000045b9       0x12 ./startup_ch32v20x_D6.o
 .debug_abbrev  0x00000000000045cb      0x35c ./support.o
 .debug_abbrev  0x0000000000004927      0x2c3 ./system_ch32v20x.o

.debug_loc      0x0000000000000000     0x6479
 .debug_loc     0x0000000000000000      0x9ae ./USBLIB/USB-Driver/src/usb_core.o
 .debug_loc     0x00000000000009ae       0xce ./USBLIB/USB-Driver/src/usb_int.o
 .debug_loc     0x0000000000000a7c      0x19f ./USBLIB/USB-Driver/src/usb_mem.o
 .debug_loc     0x0000000000000c1b      0xe44 ./USBLIB/USB-Driver/src/usb_regs.o
 .debug_loc     0x0000000000001a5f       0x76 ./USBLIB/USB-Driver/src/usb_sil.o
 .debug_loc     0x0000000000001ad5       0x6e ./USBLIB/CONFIG/hw_config.o
 .debug_loc     0x0000000000001b43       0xbb ./USBLIB/CONFIG/usb_endp.o
 .debug_loc     0x0000000000001bfe       0x42 ./USBLIB/CONFIG/usb_istr.o
 .debug_loc     0x0000000000001c40      0x23d ./USBLIB/CONFIG/usb_prop.o
 .debug_loc     0x0000000000001e7d      0x120 ./USBLIB/CONFIG/usb_pwr.o
 .debug_loc     0x0000000000001f9d      0x200 ./UART/UART.o
 .debug_loc     0x000000000000219d      0x3ed ./UART/cdc_fifo.o
 .debug_loc     0x000000000000258a      0x1a2 ./ch32v20x_exti.o
 .debug_loc     0x000000000000272c      0x96b ./ch32v20x_gpio.o
 .debug_loc     0x0000000000003097      0x243 ./ch32v20x_misc.o
 .debug_loc     0x00000000000032da      0x7cc ./ch32v20x_rcc.o
 .debug_loc     0x0000000000003aa6     0x1bd8 ./ch32v20x_tim.o
 .debug_loc     0x000000000000567e      0x933 ./ch32v20x_usart.o
 .debug_loc     0x0000000000005fb1      0x12c ./debug.o
 .debug_loc     0x00000000000060dd      0x2a3 ./support.o
 .debug_loc     0x0000000000006380       0xf9 ./system_ch32v20x.o

.debug_aranges  0x0000000000000000      0xd40
 .debug_aranges
                0x0000000000000000       0x98 ./USBLIB/USB-Driver/src/usb_core.o
 .debug_aranges
                0x0000000000000098       0x20 ./USBLIB/USB-Driver/src/usb_init.o
 .debug_aranges
                0x00000000000000b8       0x28 ./USBLIB/USB-Driver/src/usb_int.o
 .debug_aranges
                0x00000000000000e0       0x28 ./USBLIB/USB-Driver/src/usb_mem.o
 .debug_aranges
                0x0000000000000108      0x1f0 ./USBLIB/USB-Driver/src/usb_regs.o
 .debug_aranges
                0x00000000000002f8       0x28 ./USBLIB/USB-Driver/src/usb_sil.o
 .debug_aranges
                0x0000000000000320       0x50 ./USBLIB/CONFIG/hw_config.o
 .debug_aranges
                0x0000000000000370       0x18 ./USBLIB/CONFIG/usb_desc.o
 .debug_aranges
                0x0000000000000388       0x38 ./USBLIB/CONFIG/usb_endp.o
 .debug_aranges
                0x00000000000003c0       0x20 ./USBLIB/CONFIG/usb_istr.o
 .debug_aranges
                0x00000000000003e0       0x98 ./USBLIB/CONFIG/usb_prop.o
 .debug_aranges
                0x0000000000000478       0x40 ./USBLIB/CONFIG/usb_pwr.o
 .debug_aranges
                0x00000000000004b8       0x48 ./UART/UART.o
 .debug_aranges
                0x0000000000000500       0x98 ./UART/cdc_fifo.o
 .debug_aranges
                0x0000000000000598       0x58 ./ch32v20x_exti.o
 .debug_aranges
                0x00000000000005f0       0xa8 ./ch32v20x_gpio.o
 .debug_aranges
                0x0000000000000698       0x30 ./ch32v20x_it.o
 .debug_aranges
                0x00000000000006c8       0x28 ./ch32v20x_misc.o
 .debug_aranges
                0x00000000000006f0      0x128 ./ch32v20x_rcc.o
 .debug_aranges
                0x0000000000000818      0x2e0 ./ch32v20x_tim.o
 .debug_aranges
                0x0000000000000af8      0x110 ./ch32v20x_usart.o
 .debug_aranges
                0x0000000000000c08       0x48 ./debug.o
 .debug_aranges
                0x0000000000000c50       0x28 ./main.o
 .debug_aranges
                0x0000000000000c78       0x30 ./startup_ch32v20x_D6.o
 .debug_aranges
                0x0000000000000ca8       0x70 ./support.o
 .debug_aranges
                0x0000000000000d18       0x28 ./system_ch32v20x.o

.debug_ranges   0x0000000000000000      0xdb8
 .debug_ranges  0x0000000000000000       0xf8 ./USBLIB/USB-Driver/src/usb_core.o
 .debug_ranges  0x00000000000000f8       0x10 ./USBLIB/USB-Driver/src/usb_init.o
 .debug_ranges  0x0000000000000108       0x18 ./USBLIB/USB-Driver/src/usb_int.o
 .debug_ranges  0x0000000000000120       0x18 ./USBLIB/USB-Driver/src/usb_mem.o
 .debug_ranges  0x0000000000000138      0x2c8 ./USBLIB/USB-Driver/src/usb_regs.o
 .debug_ranges  0x0000000000000400       0x18 ./USBLIB/USB-Driver/src/usb_sil.o
 .debug_ranges  0x0000000000000418       0x40 ./USBLIB/CONFIG/hw_config.o
 .debug_ranges  0x0000000000000458       0x28 ./USBLIB/CONFIG/usb_endp.o
 .debug_ranges  0x0000000000000480       0x10 ./USBLIB/CONFIG/usb_istr.o
 .debug_ranges  0x0000000000000490       0x88 ./USBLIB/CONFIG/usb_prop.o
 .debug_ranges  0x0000000000000518       0x30 ./USBLIB/CONFIG/usb_pwr.o
 .debug_ranges  0x0000000000000548       0x68 ./UART/UART.o
 .debug_ranges  0x00000000000005b0       0x88 ./UART/cdc_fifo.o
 .debug_ranges  0x0000000000000638       0x48 ./ch32v20x_exti.o
 .debug_ranges  0x0000000000000680       0x98 ./ch32v20x_gpio.o
 .debug_ranges  0x0000000000000718       0x20 ./ch32v20x_it.o
 .debug_ranges  0x0000000000000738       0x18 ./ch32v20x_misc.o
 .debug_ranges  0x0000000000000750      0x118 ./ch32v20x_rcc.o
 .debug_ranges  0x0000000000000868      0x2e8 ./ch32v20x_tim.o
 .debug_ranges  0x0000000000000b50      0x130 ./ch32v20x_usart.o
 .debug_ranges  0x0000000000000c80       0x38 ./debug.o
 .debug_ranges  0x0000000000000cb8       0x18 ./main.o
 .debug_ranges  0x0000000000000cd0       0x28 ./startup_ch32v20x_D6.o
 .debug_ranges  0x0000000000000cf8       0x90 ./support.o
 .debug_ranges  0x0000000000000d88       0x30 ./system_ch32v20x.o

.debug_macro    0x0000000000000000     0xed94
 .debug_macro   0x0000000000000000      0x36a ./USBLIB/USB-Driver/src/usb_core.o
 .debug_macro   0x000000000000036a      0x754 ./USBLIB/USB-Driver/src/usb_core.o
 .debug_macro   0x0000000000000abe       0x22 ./USBLIB/USB-Driver/src/usb_core.o
 .debug_macro   0x0000000000000ae0       0x52 ./USBLIB/USB-Driver/src/usb_core.o
 .debug_macro   0x0000000000000b32       0x19 ./USBLIB/USB-Driver/src/usb_core.o
 .debug_macro   0x0000000000000b4b       0x94 ./USBLIB/USB-Driver/src/usb_core.o
 .debug_macro   0x0000000000000bdf       0x34 ./USBLIB/USB-Driver/src/usb_core.o
 .debug_macro   0x0000000000000c13       0x34 ./USBLIB/USB-Driver/src/usb_core.o
 .debug_macro   0x0000000000000c47       0x16 ./USBLIB/USB-Driver/src/usb_core.o
 .debug_macro   0x0000000000000c5d       0x57 ./USBLIB/USB-Driver/src/usb_core.o
 .debug_macro   0x0000000000000cb4       0x97 ./USBLIB/USB-Driver/src/usb_core.o
 .debug_macro   0x0000000000000d4b      0x330 ./USBLIB/USB-Driver/src/usb_core.o
 .debug_macro   0x000000000000107b       0xfd ./USBLIB/USB-Driver/src/usb_core.o
 .debug_macro   0x0000000000001178       0x10 ./USBLIB/USB-Driver/src/usb_core.o
 .debug_macro   0x0000000000001188       0x58 ./USBLIB/USB-Driver/src/usb_core.o
 .debug_macro   0x00000000000011e0       0x1f ./USBLIB/USB-Driver/src/usb_core.o
 .debug_macro   0x00000000000011ff       0x43 ./USBLIB/USB-Driver/src/usb_core.o
 .debug_macro   0x0000000000001242       0x20 ./USBLIB/USB-Driver/src/usb_core.o
 .debug_macro   0x0000000000001262      0x18e ./USBLIB/USB-Driver/src/usb_core.o
 .debug_macro   0x00000000000013f0       0x10 ./USBLIB/USB-Driver/src/usb_core.o
 .debug_macro   0x0000000000001400       0x6a ./USBLIB/USB-Driver/src/usb_core.o
 .debug_macro   0x000000000000146a       0x1c ./USBLIB/USB-Driver/src/usb_core.o
 .debug_macro   0x0000000000001486       0x52 ./USBLIB/USB-Driver/src/usb_core.o
 .debug_macro   0x00000000000014d8       0x40 ./USBLIB/USB-Driver/src/usb_core.o
 .debug_macro   0x0000000000001518       0x10 ./USBLIB/USB-Driver/src/usb_core.o
 .debug_macro   0x0000000000001528       0x40 ./USBLIB/USB-Driver/src/usb_core.o
 .debug_macro   0x0000000000001568       0xd7 ./USBLIB/USB-Driver/src/usb_core.o
 .debug_macro   0x000000000000163f       0x1c ./USBLIB/USB-Driver/src/usb_core.o
 .debug_macro   0x000000000000165b       0x3d ./USBLIB/USB-Driver/src/usb_core.o
 .debug_macro   0x0000000000001698       0x16 ./USBLIB/USB-Driver/src/usb_core.o
 .debug_macro   0x00000000000016ae      0x16f ./USBLIB/USB-Driver/src/usb_core.o
 .debug_macro   0x000000000000181d       0x3a ./USBLIB/USB-Driver/src/usb_core.o
 .debug_macro   0x0000000000001857       0xef ./USBLIB/USB-Driver/src/usb_core.o
 .debug_macro   0x0000000000001946      0x1df ./USBLIB/USB-Driver/src/usb_core.o
 .debug_macro   0x0000000000001b25       0x46 ./USBLIB/USB-Driver/src/usb_core.o
 .debug_macro   0x0000000000001b6b     0x5603 ./USBLIB/USB-Driver/src/usb_core.o
 .debug_macro   0x000000000000716e      0x24f ./USBLIB/USB-Driver/src/usb_core.o
 .debug_macro   0x00000000000073bd      0x12a ./USBLIB/USB-Driver/src/usb_core.o
 .debug_macro   0x00000000000074e7      0x32f ./USBLIB/USB-Driver/src/usb_core.o
 .debug_macro   0x0000000000007816       0x7c ./USBLIB/USB-Driver/src/usb_core.o
 .debug_macro   0x0000000000007892      0x239 ./USBLIB/USB-Driver/src/usb_core.o
 .debug_macro   0x0000000000007acb       0x88 ./USBLIB/USB-Driver/src/usb_core.o
 .debug_macro   0x0000000000007b53      0x142 ./USBLIB/USB-Driver/src/usb_core.o
 .debug_macro   0x0000000000007c95      0x239 ./USBLIB/USB-Driver/src/usb_core.o
 .debug_macro   0x0000000000007ece      0x206 ./USBLIB/USB-Driver/src/usb_core.o
 .debug_macro   0x00000000000080d4       0x4c ./USBLIB/USB-Driver/src/usb_core.o
 .debug_macro   0x0000000000008120       0x64 ./USBLIB/USB-Driver/src/usb_core.o
 .debug_macro   0x0000000000008184      0x35c ./USBLIB/USB-Driver/src/usb_core.o
 .debug_macro   0x00000000000084e0       0x3a ./USBLIB/USB-Driver/src/usb_core.o
 .debug_macro   0x000000000000851a      0x1f1 ./USBLIB/USB-Driver/src/usb_core.o
 .debug_macro   0x000000000000870b      0x564 ./USBLIB/USB-Driver/src/usb_core.o
 .debug_macro   0x0000000000008c6f      0x15e ./USBLIB/USB-Driver/src/usb_core.o
 .debug_macro   0x0000000000008dcd       0x22 ./USBLIB/USB-Driver/src/usb_core.o
 .debug_macro   0x0000000000008def       0x28 ./USBLIB/USB-Driver/src/usb_core.o
 .debug_macro   0x0000000000008e17       0x22 ./USBLIB/USB-Driver/src/usb_core.o
 .debug_macro   0x0000000000008e39       0x7c ./USBLIB/USB-Driver/src/usb_core.o
 .debug_macro   0x0000000000008eb5      0x44c ./USBLIB/USB-Driver/src/usb_core.o
 .debug_macro   0x0000000000009301       0x28 ./USBLIB/USB-Driver/src/usb_core.o
 .debug_macro   0x0000000000009329       0x5e ./USBLIB/USB-Driver/src/usb_core.o
 .debug_macro   0x0000000000009387      0x32e ./USBLIB/USB-Driver/src/usb_init.o
 .debug_macro   0x00000000000096b5      0x32e ./USBLIB/USB-Driver/src/usb_int.o
 .debug_macro   0x00000000000099e3      0x32e ./USBLIB/USB-Driver/src/usb_mem.o
 .debug_macro   0x0000000000009d11      0x32e ./USBLIB/USB-Driver/src/usb_regs.o
 .debug_macro   0x000000000000a03f      0x341 ./USBLIB/USB-Driver/src/usb_sil.o
 .debug_macro   0x000000000000a380       0x10 ./USBLIB/USB-Driver/src/usb_sil.o
 .debug_macro   0x000000000000a390      0x396 ./USBLIB/CONFIG/hw_config.o
 .debug_macro   0x000000000000a726       0x40 ./USBLIB/CONFIG/hw_config.o
 .debug_macro   0x000000000000a766       0x58 ./USBLIB/CONFIG/hw_config.o
 .debug_macro   0x000000000000a7be       0x16 ./USBLIB/CONFIG/hw_config.o
 .debug_macro   0x000000000000a7d4       0x35 ./USBLIB/CONFIG/hw_config.o
 .debug_macro   0x000000000000a809       0x4c ./USBLIB/CONFIG/hw_config.o
 .debug_macro   0x000000000000a855      0x337 ./USBLIB/CONFIG/usb_desc.o
 .debug_macro   0x000000000000ab8c      0x3a9 ./USBLIB/CONFIG/usb_endp.o
 .debug_macro   0x000000000000af35       0x4c ./USBLIB/CONFIG/usb_endp.o
 .debug_macro   0x000000000000af81      0x34f ./USBLIB/CONFIG/usb_istr.o
 .debug_macro   0x000000000000b2d0      0x392 ./USBLIB/CONFIG/usb_prop.o
 .debug_macro   0x000000000000b662      0x340 ./USBLIB/CONFIG/usb_pwr.o
 .debug_macro   0x000000000000b9a2      0x393 ./UART/UART.o
 .debug_macro   0x000000000000bd35      0x2d6 ./UART/cdc_fifo.o
 .debug_macro   0x000000000000c00b      0x2c2 ./ch32v20x_exti.o
 .debug_macro   0x000000000000c2cd       0x82 ./ch32v20x_exti.o
 .debug_macro   0x000000000000c34f      0x2e0 ./ch32v20x_gpio.o
 .debug_macro   0x000000000000c62f      0x233 ./ch32v20x_gpio.o
 .debug_macro   0x000000000000c862      0x2f4 ./ch32v20x_it.o
 .debug_macro   0x000000000000cb56      0x2bc ./ch32v20x_misc.o
 .debug_macro   0x000000000000ce12       0x22 ./ch32v20x_misc.o
 .debug_macro   0x000000000000ce34      0x37c ./ch32v20x_rcc.o
 .debug_macro   0x000000000000d1b0      0x356 ./ch32v20x_rcc.o
 .debug_macro   0x000000000000d506      0x2d4 ./ch32v20x_tim.o
 .debug_macro   0x000000000000d7da      0x55e ./ch32v20x_tim.o
 .debug_macro   0x000000000000dd38      0x370 ./ch32v20x_usart.o
 .debug_macro   0x000000000000e0a8      0x158 ./ch32v20x_usart.o
 .debug_macro   0x000000000000e200      0x2b0 ./debug.o
 .debug_macro   0x000000000000e4b0      0x372 ./main.o
 .debug_macro   0x000000000000e822      0x2ba ./support.o
 .debug_macro   0x000000000000eadc      0x2b8 ./system_ch32v20x.o

.debug_line     0x0000000000000000    0x1629f
 .debug_line    0x0000000000000000     0x1e89 ./USBLIB/USB-Driver/src/usb_core.o
 .debug_line    0x0000000000001e89      0x6f3 ./USBLIB/USB-Driver/src/usb_init.o
 .debug_line    0x000000000000257c      0xbfa ./USBLIB/USB-Driver/src/usb_int.o
 .debug_line    0x0000000000003176      0x81b ./USBLIB/USB-Driver/src/usb_mem.o
 .debug_line    0x0000000000003991     0x16d1 ./USBLIB/USB-Driver/src/usb_regs.o
 .debug_line    0x0000000000005062      0x786 ./USBLIB/USB-Driver/src/usb_sil.o
 .debug_line    0x00000000000057e8      0xa5f ./USBLIB/CONFIG/hw_config.o
 .debug_line    0x0000000000006247      0x68e ./USBLIB/CONFIG/usb_desc.o
 .debug_line    0x00000000000068d5      0x987 ./USBLIB/CONFIG/usb_endp.o
 .debug_line    0x000000000000725c      0xa9d ./USBLIB/CONFIG/usb_istr.o
 .debug_line    0x0000000000007cf9      0xdcb ./USBLIB/CONFIG/usb_prop.o
 .debug_line    0x0000000000008ac4      0xb90 ./USBLIB/CONFIG/usb_pwr.o
 .debug_line    0x0000000000009654     0x112c ./UART/UART.o
 .debug_line    0x000000000000a780      0xfee ./UART/cdc_fifo.o
 .debug_line    0x000000000000b76e      0x8bb ./ch32v20x_exti.o
 .debug_line    0x000000000000c029     0x12db ./ch32v20x_gpio.o
 .debug_line    0x000000000000d304      0x6a6 ./ch32v20x_it.o
 .debug_line    0x000000000000d9aa      0x881 ./ch32v20x_misc.o
 .debug_line    0x000000000000e22b     0x1407 ./ch32v20x_rcc.o
 .debug_line    0x000000000000f632     0x306e ./ch32v20x_tim.o
 .debug_line    0x00000000000126a0     0x13a8 ./ch32v20x_usart.o
 .debug_line    0x0000000000013a48      0x924 ./debug.o
 .debug_line    0x000000000001436c      0x835 ./main.o
 .debug_line    0x0000000000014ba1      0x257 ./startup_ch32v20x_D6.o
 .debug_line    0x0000000000014df8      0xb1e ./support.o
 .debug_line    0x0000000000015916      0x989 ./system_ch32v20x.o

.debug_str      0x0000000000000000    0x3435e
 .debug_str     0x0000000000000000    0x304c6 ./USBLIB/USB-Driver/src/usb_core.o
                                      0x3088c (size before relaxing)
 .debug_str     0x00000000000304c6       0x24 ./USBLIB/USB-Driver/src/usb_init.o
                                      0x3015b (size before relaxing)
 .debug_str     0x00000000000304ea       0x63 ./USBLIB/USB-Driver/src/usb_int.o
                                      0x301b9 (size before relaxing)
 .debug_str     0x000000000003054d       0x53 ./USBLIB/USB-Driver/src/usb_mem.o
                                      0x301a9 (size before relaxing)
 .debug_str     0x00000000000305a0      0x384 ./USBLIB/USB-Driver/src/usb_regs.o
                                      0x30531 (size before relaxing)
 .debug_str     0x0000000000030924      0x104 ./USBLIB/USB-Driver/src/usb_sil.o
                                      0x3025e (size before relaxing)
 .debug_str     0x0000000000030a28      0xa6c ./USBLIB/CONFIG/hw_config.o
                                      0x30bf4 (size before relaxing)
 .debug_str     0x0000000000031494       0x1c ./USBLIB/CONFIG/usb_desc.o
                                      0x30347 (size before relaxing)
 .debug_str     0x00000000000314b0      0x36b ./USBLIB/CONFIG/usb_endp.o
                                      0x3094b (size before relaxing)
 .debug_str     0x000000000003181b       0xbf ./USBLIB/CONFIG/usb_istr.o
                                      0x30364 (size before relaxing)
 .debug_str     0x00000000000318da      0x1b6 ./USBLIB/CONFIG/usb_prop.o
                                      0x30b18 (size before relaxing)
 .debug_str     0x0000000000031a90       0x5e ./USBLIB/CONFIG/usb_pwr.o
                                      0x302e4 (size before relaxing)
 .debug_str     0x0000000000031aee      0x341 ./UART/UART.o
                                      0x30ea4 (size before relaxing)
 .debug_str     0x0000000000031e2f       0xcb ./UART/cdc_fifo.o
                                      0x2da80 (size before relaxing)
 .debug_str     0x0000000000031efa       0xea ./ch32v20x_exti.o
                                      0x2d83b (size before relaxing)
 .debug_str     0x0000000000031fe4      0x42f ./ch32v20x_gpio.o
                                      0x2dafc (size before relaxing)
 .debug_str     0x0000000000032413       0x3f ./ch32v20x_it.o
                                      0x2dacb (size before relaxing)
 .debug_str     0x0000000000032452       0x84 ./ch32v20x_misc.o
                                      0x2db11 (size before relaxing)
 .debug_str     0x00000000000324d6      0x916 ./ch32v20x_rcc.o
                                      0x2e056 (size before relaxing)
 .debug_str     0x0000000000032dec      0xa76 ./ch32v20x_tim.o
                                      0x2e38c (size before relaxing)
 .debug_str     0x0000000000033862      0x858 ./ch32v20x_usart.o
                                      0x2e00b (size before relaxing)
 .debug_str     0x00000000000340ba       0x9f ./debug.o
                                      0x2d994 (size before relaxing)
 .debug_str     0x0000000000034159       0x20 ./main.o
                                      0x306b8 (size before relaxing)
 .debug_str     0x0000000000034179       0x25 ./startup_ch32v20x_D6.o
                                         0x76 (size before relaxing)
 .debug_str     0x000000000003419e      0x143 ./support.o
                                      0x2d7f1 (size before relaxing)
 .debug_str     0x00000000000342e1       0x7d ./system_ch32v20x.o
                                      0x2d781 (size before relaxing)

.comment        0x0000000000000000       0x33
 .comment       0x0000000000000000       0x33 ./USBLIB/USB-Driver/src/usb_core.o
                                         0x34 (size before relaxing)
 .comment       0x0000000000000033       0x34 ./USBLIB/USB-Driver/src/usb_init.o
 .comment       0x0000000000000033       0x34 ./USBLIB/USB-Driver/src/usb_int.o
 .comment       0x0000000000000033       0x34 ./USBLIB/USB-Driver/src/usb_mem.o
 .comment       0x0000000000000033       0x34 ./USBLIB/USB-Driver/src/usb_regs.o
 .comment       0x0000000000000033       0x34 ./USBLIB/USB-Driver/src/usb_sil.o
 .comment       0x0000000000000033       0x34 ./USBLIB/CONFIG/hw_config.o
 .comment       0x0000000000000033       0x34 ./USBLIB/CONFIG/usb_desc.o
 .comment       0x0000000000000033       0x34 ./USBLIB/CONFIG/usb_endp.o
 .comment       0x0000000000000033       0x34 ./USBLIB/CONFIG/usb_istr.o
 .comment       0x0000000000000033       0x34 ./USBLIB/CONFIG/usb_prop.o
 .comment       0x0000000000000033       0x34 ./USBLIB/CONFIG/usb_pwr.o
 .comment       0x0000000000000033       0x34 ./UART/UART.o
 .comment       0x0000000000000033       0x34 ./UART/cdc_fifo.o
 .comment       0x0000000000000033       0x34 ./ch32v20x_exti.o
 .comment       0x0000000000000033       0x34 ./ch32v20x_gpio.o
 .comment       0x0000000000000033       0x34 ./ch32v20x_it.o
 .comment       0x0000000000000033       0x34 ./ch32v20x_misc.o
 .comment       0x0000000000000033       0x34 ./ch32v20x_rcc.o
 .comment       0x0000000000000033       0x34 ./ch32v20x_tim.o
 .comment       0x0000000000000033       0x34 ./ch32v20x_usart.o
 .comment       0x0000000000000033       0x34 ./debug.o
 .comment       0x0000000000000033       0x34 ./main.o
 .comment       0x0000000000000033       0x34 ./support.o
 .comment       0x0000000000000033       0x34 ./system_ch32v20x.o

.debug_frame    0x0000000000000000     0x2494
 .debug_frame   0x0000000000000000      0x20c ./USBLIB/USB-Driver/src/usb_core.o
 .debug_frame   0x000000000000020c       0x2c ./USBLIB/USB-Driver/src/usb_init.o
 .debug_frame   0x0000000000000238       0x78 ./USBLIB/USB-Driver/src/usb_int.o
 .debug_frame   0x00000000000002b0       0x30 ./USBLIB/USB-Driver/src/usb_mem.o
 .debug_frame   0x00000000000002e0      0x3c0 ./USBLIB/USB-Driver/src/usb_regs.o
 .debug_frame   0x00000000000006a0       0x44 ./USBLIB/USB-Driver/src/usb_sil.o
 .debug_frame   0x00000000000006e4       0xd4 ./USBLIB/CONFIG/hw_config.o
 .debug_frame   0x00000000000007b8       0x7c ./USBLIB/CONFIG/usb_endp.o
 .debug_frame   0x0000000000000834       0x30 ./USBLIB/CONFIG/usb_istr.o
 .debug_frame   0x0000000000000864      0x168 ./USBLIB/CONFIG/usb_prop.o
 .debug_frame   0x00000000000009cc       0x90 ./USBLIB/CONFIG/usb_pwr.o
 .debug_frame   0x0000000000000a5c       0xc8 ./UART/UART.o
 .debug_frame   0x0000000000000b24      0x128 ./UART/cdc_fifo.o
 .debug_frame   0x0000000000000c4c       0x90 ./ch32v20x_exti.o
 .debug_frame   0x0000000000000cdc      0x14c ./ch32v20x_gpio.o
 .debug_frame   0x0000000000000e28       0x40 ./ch32v20x_it.o
 .debug_frame   0x0000000000000e68       0x30 ./ch32v20x_misc.o
 .debug_frame   0x0000000000000e98      0x240 ./ch32v20x_rcc.o
 .debug_frame   0x00000000000010d8      0x624 ./ch32v20x_tim.o
 .debug_frame   0x00000000000016fc      0x228 ./ch32v20x_usart.o
 .debug_frame   0x0000000000001924       0xa4 ./debug.o
 .debug_frame   0x00000000000019c8       0x44 ./main.o
 .debug_frame   0x0000000000001a0c      0x138 ./support.o
 .debug_frame   0x0000000000001b44       0x3c ./system_ch32v20x.o
 .debug_frame   0x0000000000001b80       0x54 c:/mounriver/mrs_community/toolchain/risc-v embedded gcc/bin/../lib/gcc/riscv-none-embed/8.2.0/../../../../riscv-none-embed/lib/rv32imac/ilp32\libg_nano.a(lib_a-printf.o)
 .debug_frame   0x0000000000001bd4       0x54 c:/mounriver/mrs_community/toolchain/risc-v embedded gcc/bin/../lib/gcc/riscv-none-embed/8.2.0/../../../../riscv-none-embed/lib/rv32imac/ilp32\libg_nano.a(lib_a-puts.o)
 .debug_frame   0x0000000000001c28       0x50 c:/mounriver/mrs_community/toolchain/risc-v embedded gcc/bin/../lib/gcc/riscv-none-embed/8.2.0/../../../../riscv-none-embed/lib/rv32imac/ilp32\libg_nano.a(lib_a-wbuf.o)
 .debug_frame   0x0000000000001c78       0x3c c:/mounriver/mrs_community/toolchain/risc-v embedded gcc/bin/../lib/gcc/riscv-none-embed/8.2.0/../../../../riscv-none-embed/lib/rv32imac/ilp32\libg_nano.a(lib_a-wsetup.o)
 .debug_frame   0x0000000000001cb4       0x7c c:/mounriver/mrs_community/toolchain/risc-v embedded gcc/bin/../lib/gcc/riscv-none-embed/8.2.0/../../../../riscv-none-embed/lib/rv32imac/ilp32\libg_nano.a(lib_a-fflush.o)
 .debug_frame   0x0000000000001d30      0x148 c:/mounriver/mrs_community/toolchain/risc-v embedded gcc/bin/../lib/gcc/riscv-none-embed/8.2.0/../../../../riscv-none-embed/lib/rv32imac/ilp32\libg_nano.a(lib_a-findfp.o)
 .debug_frame   0x0000000000001e78       0x88 c:/mounriver/mrs_community/toolchain/risc-v embedded gcc/bin/../lib/gcc/riscv-none-embed/8.2.0/../../../../riscv-none-embed/lib/rv32imac/ilp32\libg_nano.a(lib_a-fwalk.o)
 .debug_frame   0x0000000000001f00       0x64 c:/mounriver/mrs_community/toolchain/risc-v embedded gcc/bin/../lib/gcc/riscv-none-embed/8.2.0/../../../../riscv-none-embed/lib/rv32imac/ilp32\libg_nano.a(lib_a-makebuf.o)
 .debug_frame   0x0000000000001f64       0x40 c:/mounriver/mrs_community/toolchain/risc-v embedded gcc/bin/../lib/gcc/riscv-none-embed/8.2.0/../../../../riscv-none-embed/lib/rv32imac/ilp32\libg_nano.a(lib_a-nano-freer.o)
 .debug_frame   0x0000000000001fa4       0x40 c:/mounriver/mrs_community/toolchain/risc-v embedded gcc/bin/../lib/gcc/riscv-none-embed/8.2.0/../../../../riscv-none-embed/lib/rv32imac/ilp32\libg_nano.a(lib_a-nano-mallocr.o)
 .debug_frame   0x0000000000001fe4       0xd0 c:/mounriver/mrs_community/toolchain/risc-v embedded gcc/bin/../lib/gcc/riscv-none-embed/8.2.0/../../../../riscv-none-embed/lib/rv32imac/ilp32\libg_nano.a(lib_a-nano-vfprintf.o)
 .debug_frame   0x00000000000020b4       0x8c c:/mounriver/mrs_community/toolchain/risc-v embedded gcc/bin/../lib/gcc/riscv-none-embed/8.2.0/../../../../riscv-none-embed/lib/rv32imac/ilp32\libg_nano.a(lib_a-nano-vfprintf_i.o)
 .debug_frame   0x0000000000002140       0x30 c:/mounriver/mrs_community/toolchain/risc-v embedded gcc/bin/../lib/gcc/riscv-none-embed/8.2.0/../../../../riscv-none-embed/lib/rv32imac/ilp32\libg_nano.a(lib_a-sbrkr.o)
 .debug_frame   0x0000000000002170       0xa4 c:/mounriver/mrs_community/toolchain/risc-v embedded gcc/bin/../lib/gcc/riscv-none-embed/8.2.0/../../../../riscv-none-embed/lib/rv32imac/ilp32\libg_nano.a(lib_a-stdio.o)
 .debug_frame   0x0000000000002214       0x30 c:/mounriver/mrs_community/toolchain/risc-v embedded gcc/bin/../lib/gcc/riscv-none-embed/8.2.0/../../../../riscv-none-embed/lib/rv32imac/ilp32\libg_nano.a(lib_a-writer.o)
 .debug_frame   0x0000000000002244       0x30 c:/mounriver/mrs_community/toolchain/risc-v embedded gcc/bin/../lib/gcc/riscv-none-embed/8.2.0/../../../../riscv-none-embed/lib/rv32imac/ilp32\libg_nano.a(lib_a-closer.o)
 .debug_frame   0x0000000000002274       0x30 c:/mounriver/mrs_community/toolchain/risc-v embedded gcc/bin/../lib/gcc/riscv-none-embed/8.2.0/../../../../riscv-none-embed/lib/rv32imac/ilp32\libg_nano.a(lib_a-fstatr.o)
 .debug_frame   0x00000000000022a4       0x30 c:/mounriver/mrs_community/toolchain/risc-v embedded gcc/bin/../lib/gcc/riscv-none-embed/8.2.0/../../../../riscv-none-embed/lib/rv32imac/ilp32\libg_nano.a(lib_a-isattyr.o)
 .debug_frame   0x00000000000022d4       0x30 c:/mounriver/mrs_community/toolchain/risc-v embedded gcc/bin/../lib/gcc/riscv-none-embed/8.2.0/../../../../riscv-none-embed/lib/rv32imac/ilp32\libg_nano.a(lib_a-lseekr.o)
 .debug_frame   0x0000000000002304       0x20 c:/mounriver/mrs_community/toolchain/risc-v embedded gcc/bin/../lib/gcc/riscv-none-embed/8.2.0/../../../../riscv-none-embed/lib/rv32imac/ilp32\libg_nano.a(lib_a-memchr.o)
 .debug_frame   0x0000000000002324       0x30 c:/mounriver/mrs_community/toolchain/risc-v embedded gcc/bin/../lib/gcc/riscv-none-embed/8.2.0/../../../../riscv-none-embed/lib/rv32imac/ilp32\libg_nano.a(lib_a-mlock.o)
 .debug_frame   0x0000000000002354       0x30 c:/mounriver/mrs_community/toolchain/risc-v embedded gcc/bin/../lib/gcc/riscv-none-embed/8.2.0/../../../../riscv-none-embed/lib/rv32imac/ilp32\libg_nano.a(lib_a-readr.o)
 .debug_frame   0x0000000000002384       0x70 c:/mounriver/mrs_community/toolchain/risc-v embedded gcc/bin/../lib/gcc/riscv-none-embed/8.2.0/../../../../riscv-none-embed/lib/rv32imac/ilp32\libg_nano.a(lib_a-reent.o)
 .debug_frame   0x00000000000023f4       0x20 c:/mounriver/mrs_community/toolchain/risc-v embedded gcc/bin/../lib/gcc/riscv-none-embed/8.2.0/../../../../riscv-none-embed/lib/rv32imac/ilp32\libnosys.a(close.o)
 .debug_frame   0x0000000000002414       0x20 c:/mounriver/mrs_community/toolchain/risc-v embedded gcc/bin/../lib/gcc/riscv-none-embed/8.2.0/../../../../riscv-none-embed/lib/rv32imac/ilp32\libnosys.a(fstat.o)
 .debug_frame   0x0000000000002434       0x20 c:/mounriver/mrs_community/toolchain/risc-v embedded gcc/bin/../lib/gcc/riscv-none-embed/8.2.0/../../../../riscv-none-embed/lib/rv32imac/ilp32\libnosys.a(isatty.o)
 .debug_frame   0x0000000000002454       0x20 c:/mounriver/mrs_community/toolchain/risc-v embedded gcc/bin/../lib/gcc/riscv-none-embed/8.2.0/../../../../riscv-none-embed/lib/rv32imac/ilp32\libnosys.a(lseek.o)
 .debug_frame   0x0000000000002474       0x20 c:/mounriver/mrs_community/toolchain/risc-v embedded gcc/bin/../lib/gcc/riscv-none-embed/8.2.0/../../../../riscv-none-embed/lib/rv32imac/ilp32\libnosys.a(read.o)

.stab           0x0000000000000000       0x84
 .stab          0x0000000000000000       0x24 c:/mounriver/mrs_community/toolchain/risc-v embedded gcc/bin/../lib/gcc/riscv-none-embed/8.2.0/../../../../riscv-none-embed/lib/rv32imac/ilp32\libnosys.a(close.o)
 .stab          0x0000000000000024       0x18 c:/mounriver/mrs_community/toolchain/risc-v embedded gcc/bin/../lib/gcc/riscv-none-embed/8.2.0/../../../../riscv-none-embed/lib/rv32imac/ilp32\libnosys.a(fstat.o)
                                         0x24 (size before relaxing)
 .stab          0x000000000000003c       0x18 c:/mounriver/mrs_community/toolchain/risc-v embedded gcc/bin/../lib/gcc/riscv-none-embed/8.2.0/../../../../riscv-none-embed/lib/rv32imac/ilp32\libnosys.a(isatty.o)
                                         0x24 (size before relaxing)
 .stab          0x0000000000000054       0x18 c:/mounriver/mrs_community/toolchain/risc-v embedded gcc/bin/../lib/gcc/riscv-none-embed/8.2.0/../../../../riscv-none-embed/lib/rv32imac/ilp32\libnosys.a(lseek.o)
                                         0x24 (size before relaxing)
 .stab          0x000000000000006c       0x18 c:/mounriver/mrs_community/toolchain/risc-v embedded gcc/bin/../lib/gcc/riscv-none-embed/8.2.0/../../../../riscv-none-embed/lib/rv32imac/ilp32\libnosys.a(read.o)
                                         0x24 (size before relaxing)

.stabstr        0x0000000000000000      0x117
 .stabstr       0x0000000000000000      0x117 c:/mounriver/mrs_community/toolchain/risc-v embedded gcc/bin/../lib/gcc/riscv-none-embed/8.2.0/../../../../riscv-none-embed/lib/rv32imac/ilp32\libnosys.a(close.o)