Microchip MPLAB XC8 Compiler V2.05 ()

Linker command line:

-W-3 --edf=/opt/microchip/xc8/v2.05/pic/dat/en_msgs.txt -cs \
  -h+dist/default/production/MC10_Tape_Drive_C.X.production.sym \
  --cmf=dist/default/production/MC10_Tape_Drive_C.X.production.cmf -z \
  -Q16F747 -o/tmp/xcXZN1f2d --defsym=__MPLAB_BUILD=1 \
  -Mdist/default/production/MC10_Tape_Drive_C.X.production.map -E1 -ver=XC8 \
  --acfsm=1493 -ASTACK=058h-06Fh -pstack=STACK -ACODE=00h-07FFhx2 \
  -ASTRCODE=00h-0FFFh -ASTRING=00h-0FFhx16 -ACONST=00h-0FFhx16 \
  -AENTRY=00h-0FFhx16 -ACOMMON=070h-07Fh -ABANK0=020h-06Fh \
  -ABANK1=0A0h-0EFh -ABANK2=0110h-016Fh -ABANK3=0190h-01EFh \
  -ARAM=020h-06Fh,0A0h-0EFh,0110h-016Fh,0190h-01EFh \
  -AABS1=020h-07Fh,0A0h-0EFh,0110h-016Fh,0190h-01EFh -ASFR0=00h-01Fh \
  -ASFR1=080h-09Fh -ASFR2=0100h-010Fh -ASFR3=0180h-018Fh \
  -preset_vec=00h,intentry,init,end_init -ppowerup=CODE -pcinit=CODE \
  -pfunctab=ENTRY -ACONFIG=02007h-02008h -pconfig=CONFIG -DCONFIG=2 \
  -AIDLOC=02000h-02003h -pidloc=IDLOC -DIDLOC=2 -DCODE=2 -DSTRCODE=2 \
  -DSTRING=2 -DCONST=2 -DENTRY=2 -k /tmp/xcXRLtfAq.o \
  dist/default/production/MC10_Tape_Drive_C.X.production.o \
  build/default/production/core.o 

Object code version is 3.11

Machine type is 16F747



                Name                               Link     Load   Length Selector   Space Scale
/tmp/xcXRLtfAq.o
                end_init                              0        0        2        0       0
                config                             2007     2007        2     400E       0
dist/default/production/MC10_Tape_Drive_C.X.production.o
                cinit                               7BE      7BE       42      F7C       0
                text8                               183      183       23      306       0
                text7                               1DE      1DE       3E      3BC       0
                text6                               21C      21C       46      438       0
                text5                               149      149       1D      292       0
                text4                               1A6      1A6       38      34C       0
                text3                               166      166       1D      2CC       0
                text2                               262      262       74      4C4       0
                text1                               2D6      2D6       86      5AC       0
                maintext                            35C      35C      138      6B8       0
                cstackBANK0                          45       45        B       20       1
                cstackCOMMON                         77       77        4       70       1
                clrtext                             139      139        8      272       0
                bssBANK2                            110      110       60      110       1
                bssBANK3                            190      190       60      190       1
                bssBANK1                             A0       A0       40       A0       1
                dataBANK0                            50       50        8       20       1
                bssBANK0                             20       20       25       20       1
                bssCOMMON                            70       70        7       70       1
                strings                               2        2       9E        4       0
                idataBANK0                          141      141        8      282       0
build/default/production/core.o
                barfunc                             494      494      32A      928       0

TOTAL           Name                               Link     Load   Length     Space
        CLASS   STACK          

        CLASS   CODE           
                end_init                              0        0        2         0
                cinit                               7BE      7BE       42         0
                text8                               183      183       23         0
                text7                               1DE      1DE       3E         0
                text6                               21C      21C       46         0
                text5                               149      149       1D         0
                text4                               1A6      1A6       38         0
                text3                               166      166       1D         0
                text2                               262      262       74         0
                text1                               2D6      2D6       86         0
                maintext                            35C      35C      138         0
                clrtext                             139      139        8         0
                idataBANK0                          141      141        8         0
                barfunc                             494      494      32A         0

        CLASS   STRCODE        

        CLASS   STRING         
                strings                               2        2       9E         0

        CLASS   CONST          

        CLASS   ENTRY          

        CLASS   COMMON         
                cstackCOMMON                         77       77        4         1
                bssCOMMON                            70       70        7         1

        CLASS   BANK0          
                cstackBANK0                          45       45        B         1
                dataBANK0                            50       50        8         1
                bssBANK0                             20       20       25         1

        CLASS   BANK1          
                bssBANK1                             A0       A0       40         1

        CLASS   BANK2          
                bssBANK2                            110      110       60         1

        CLASS   BANK3          
                bssBANK3                            190      190       60         1

        CLASS   RAM            

        CLASS   ABS1           
                abs_s1                               7E       7E        2         1

        CLASS   SFR0           

        CLASS   SFR1           

        CLASS   SFR2           

        CLASS   SFR3           

        CLASS   CONFIG         
                config                             2007     2007        2         0

        CLASS   IDLOC          

        CLASS   EEDATA         



SEGMENTS        Name                           Load    Length   Top    Selector   Space  Class     Delta

                reset_vec                      000000  000002  000002         0       0  CODE        2
                strings                        000002  00009E  0000A0         4       0  STRING      2
                bssBANK0                       000020  000038  000058        20       1  BANK0       1
                bssCOMMON                      000070  00000B  00007B        70       1  COMMON      1
                bssBANK1                       0000A0  000040  0000E0        A0       1  BANK1       1
                bssBANK2                       000110  000060  000170       110       1  BANK2       1
                bssBANK3                       000190  000060  0001F0       190       1  BANK3       1
                clrtext                        000139  000008  000141       272       0  CODE        2
                idataBANK0                     000141  000008  000149       282       0  CODE        2
                text5                          000149  00001D  000166       292       0  CODE        2
                text3                          000166  00001D  000183       2CC       0  CODE        2
                text8                          000183  000023  0001A6       306       0  CODE        2
                text4                          0001A6  000038  0001DE       34C       0  CODE        2
                text7                          0001DE  00003E  00021C       3BC       0  CODE        2
                text6                          00021C  000046  000262       438       0  CODE        2
                text2                          000262  000074  0002D6       4C4       0  CODE        2
                text1                          0002D6  000086  00035C       5AC       0  CODE        2
                maintext                       00035C  000138  000494       6B8       0  CODE        2
                barfunc                        000494  00032A  0007BE       928       0  CODE        2
                cinit                          0007BE  000042  000800       F7C       0  CODE        2
                config                         002007  000002  002009      400E       0  CONFIG      2


UNUSED ADDRESS RANGES

        Name                Unused          Largest block    Delta
        BANK0            0058-006F             18           1
        BANK1            00E0-00EF             10           1
        CODE             00A0-0138             99           2
                         0800-0FFF            800
        COMMON           007B-007D              3           1
        CONST            00A0-0138             60           2
                         0800-0FFF            100
        ENTRY            00A0-0138             60           2
                         0800-0FFF            100
        IDLOC            2000-2003              4           2
        RAM              0058-006F             18           1
                         00E0-00EF             10
        SFR0             0000-001F             20           1
        SFR1             0080-009F             20           1
        SFR2             0100-010F             10           1
        SFR3             0180-018F             10           1
        STACK            0058-006F             18           1
        STRCODE          00A0-0138             99           2
                         0800-0FFF            800
        STRING           00A0-0138             60           2
                         0800-0FFF            100

                                  Symbol Table

__CFG_BOREN$ON                (abs)        0000
__CFG_BORSEN$OFF              (abs)        0000
__CFG_BORV$42                 (abs)        0000
__CFG_CCP2MX$RC1              (abs)        0000
__CFG_CP$OFF                  (abs)        0000
__CFG_FCMEN$OFF               (abs)        0000
__CFG_FOSC$XT                 (abs)        0000
__CFG_IESO$OFF                (abs)        0000
__CFG_MCLRE$ON                (abs)        0000
__CFG_PWRTE$ON                (abs)        0000
__CFG_WDTE$OFF                (abs)        0000
__Habs1                       abs1         0000
__Hbank0                      bank0        0000
__Hbank1                      bank1        0000
__Hbank2                      bank2        0000
__Hbank3                      bank3        0000
__HbssBANK0                   bssBANK0     0000
__HbssBANK1                   bssBANK1     0000
__HbssBANK2                   bssBANK2     0000
__HbssBANK3                   bssBANK3     0000
__HbssCOMMON                  bssCOMMON    0000
__Hcinit                      cinit        0800
__Hclrtext                    clrtext      0000
__Hcode                       code         0000
__Hcommon                     common       0000
__Hconfig                     config       2009
__HcstackBANK0                cstackBANK0  0000
__HcstackCOMMON               cstackCOMMON 0000
__HdataBANK0                  dataBANK0    0000
__Heeprom_data                eeprom_data  0000
__Hend_init                   end_init     0002
__Hfunctab                    functab      0000
__HidataBANK0                 idataBANK0   0000
__Hidloc                      idloc        0000
__Hinit                       init         0000
__Hintentry                   intentry     0000
__Hmaintext                   maintext     0000
__Hpa_nodes0                  pa_nodes0    0000
__Hpowerup                    powerup      0000
__Hram                        ram          0000
__Hreset_vec                  reset_vec    0000
__Hsfr0                       sfr0         0000
__Hsfr1                       sfr1         0000
__Hsfr2                       sfr2         0000
__Hsfr3                       sfr3         0000
__Hspace_0                    (abs)        2009
__Hspace_1                    (abs)        01F0
__Hspace_2                    (abs)        0000
__Hspace_3                    (abs)        0000
__Hstack                      stack        0000
__Hstrings                    strings      0000
__Htext                       text         0000
__Labs1                       abs1         0000
__Lbank0                      bank0        0000
__Lbank1                      bank1        0000
__Lbank2                      bank2        0000
__Lbank3                      bank3        0000
__LbssBANK0                   bssBANK0     0000
__LbssBANK1                   bssBANK1     0000
__LbssBANK2                   bssBANK2     0000
__LbssBANK3                   bssBANK3     0000
__LbssCOMMON                  bssCOMMON    0000
__Lcinit                      cinit        07BE
__Lclrtext                    clrtext      0000
__Lcode                       code         0000
__Lcommon                     common       0000
__Lconfig                     config       2007
__LcstackBANK0                cstackBANK0  0000
__LcstackCOMMON               cstackCOMMON 0000
__LdataBANK0                  dataBANK0    0000
__Leeprom_data                eeprom_data  0000
__Lend_init                   end_init     0000
__Lfunctab                    functab      0000
__LidataBANK0                 idataBANK0   0000
__Lidloc                      idloc        0000
__Linit                       init         0000
__Lintentry                   intentry     0000
__Lmaintext                   maintext     0000
__Lpa_nodes0                  pa_nodes0    0000
__Lpowerup                    powerup      0000
__Lram                        ram          0000
__Lreset_vec                  reset_vec    0000
__Lsfr0                       sfr0         0000
__Lsfr1                       sfr1         0000
__Lsfr2                       sfr2         0000
__Lsfr3                       sfr3         0000
__Lspace_0                    (abs)        0000
__Lspace_1                    (abs)        0000
__Lspace_2                    (abs)        0000
__Lspace_3                    (abs)        0000
__Lstack                      stack        0000
__Lstrings                    strings      0000
__Ltext                       text         0000
__S0                          (abs)        2009
__S1                          (abs)        01F0
__S2                          (abs)        0000
___int_sp                     stack        0000
___latbits                    (abs)        0001
___sp                         stack        0000
___stackhi                    (abs)        0000
___stacklo                    (abs)        0000
__end_of__initialization      cinit        07FD
__end_of__stringtab           strings      0008
__end_of_byte_to_hex          text8        01A6
__end_of_fifo_pop             text7        021C
__end_of_fifo_push            text6        0262
__end_of_hex_table            strings      0018
__end_of_main                 maintext     0494
__end_of_print_capacity       text4        01DE
__end_of_print_query          text2        02D6
__end_of_print_string_lcd     text3        0183
__end_of_print_string_serial  text5        0166
__end_of_str_cmd_mode         strings      0026
__end_of_str_timeout          strings      0030
__end_of_usb_autoconfig       text1        035C
__initialization              cinit        07BE
__pbssBANK0                   bssBANK0     0020
__pbssBANK1                   bssBANK1     00A0
__pbssBANK2                   bssBANK2     0110
__pbssBANK3                   bssBANK3     0190
__pbssCOMMON                  bssCOMMON    0070
__pcstackBANK0                cstackBANK0  0045
__pcstackCOMMON               cstackCOMMON 0077
__pdataBANK0                  dataBANK0    0050
__pidataBANK0                 idataBANK0   0141
__pmaintext                   maintext     035C
__pstrings                    strings      0002
__ptext1                      text1        02D6
__ptext2                      text2        0262
__ptext3                      text3        0166
__ptext4                      text4        01A6
__ptext5                      text5        0149
__ptext6                      text6        021C
__ptext7                      text7        01DE
__ptext8                      text8        0183
__size_of_byte_to_hex         (abs)        0000
__size_of_fifo_pop            (abs)        0000
__size_of_fifo_push           (abs)        0000
__size_of_main                (abs)        0000
__size_of_print_capacity      (abs)        0000
__size_of_print_query         (abs)        0000
__size_of_print_string_lcd    (abs)        0000
__size_of_print_string_serial (abs)        0000
__size_of_usb_autoconfig      (abs)        0000
__stringbase                  strings      0007
__stringtab                   strings      0002
_byte_to_hex                  text8        0183
_delay_counter                bssBANK0     0024
_delay_millis                 barfunc      05FB
_fifo_bank_A                  bssBANK1     00A0
_fifo_bank_B                  bssBANK3     0190
_fifo_bank_C                  bssBANK2     0110
_fifo_num_bytes               bssBANK0     0020
_fifo_pop                     text7        01DE
_fifo_push                    text6        021C
_fifo_read_bank               bssBANK0     0022
_fifo_read_idx                bssCOMMON    0071
_fifo_write_bank              bssBANK0     0021
_fifo_write_idx               bssCOMMON    0070
_file_dump                    barfunc      04EA
_flag_reg                     bssBANK0     0023
_gen_count                    bssBANK0     003D
_gen_count2                   bssBANK0     003C
_gen_count3                   bssBANK0     003B
_gen_count4                   bssBANK0     003A
_gen_count5                   bssBANK0     0039
_gen_count6                   bssBANK0     0038
_hex_char_high                bssCOMMON    0076
_hex_char_low                 bssCOMMON    0075
_hex_table                    strings      0008
_initialize                   barfunc      0494
_lcd_clear2                   barfunc      05B3
_lcd_line2                    barfunc      059A
_lcd_putc                     barfunc      0567
_lcd_send                     barfunc      056D
_ldel_count                   bssBANK0     003E
_main                         maintext     035C
_mem_clear                    barfunc      04CE
_mem_dump                     barfunc      04DC
_print_capacity               text4        01A6
_print_name                   barfunc      05CB
_print_query                  text2        0262
_print_string_lcd             text3        0166
_print_string_serial          text5        0149
_print_test_data              barfunc      0607
_pulse_e                      barfunc      05C0
_ram_address_h                bssBANK0     0041
_ram_address_l                bssBANK0     0040
_s_reg_high                   bssBANK0     0028
_s_reg_low                    bssBANK0     0027
_sdel_count                   bssBANK0     003F
_str_cmd_mode                 strings      0018
_str_timeout                  strings      0026
_tape_name                    dataBANK0    0050
_tape_size_high               bssBANK0     0037
_tape_size_low                bssBANK0     0036
_temp3                        bssBANK0     0044
_temp4                        bssBANK0     0043
_temp5                        bssBANK0     0042
_timeout_high                 bssBANK0     0026
_timeout_low                  bssBANK0     0025
_uart_read                    barfunc      04FD
_uart_send                    barfunc      0501
_usb_autoconfig               text1        02D6
_usb_bytes_read_high          bssBANK0     0031
_usb_bytes_read_low           bssBANK0     0030
_usb_bytes_sent_high          bssBANK0     0035
_usb_bytes_sent_low           bssBANK0     0034
_usb_check_exists             barfunc      0674
_usb_disk_capacity            barfunc      06C2
_usb_disk_connect             barfunc      069D
_usb_disk_mount               barfunc      0698
_usb_disk_query               barfunc      06E4
_usb_drive_size1              bssCOMMON    0074
_usb_drive_size2              bssCOMMON    0073
_usb_drive_size3              bssCOMMON    0072
_usb_file_close               barfunc      063D
_usb_file_create              barfunc      067E
_usb_file_open                barfunc      0638
_usb_file_read                barfunc      077A
_usb_file_size_high           bssBANK0     0033
_usb_file_size_low            bssBANK0     0032
_usb_free_space1              bssBANK0     002F
_usb_free_space2              bssBANK0     002E
_usb_free_space3              bssBANK0     002D
_usb_get_file_size            barfunc      0663
_usb_get_status               barfunc      0691
_usb_get_version              barfunc      06AA
_usb_logical_bytes1           bssBANK0     002C
_usb_logical_bytes2           bssBANK0     002B
_usb_logical_bytes3           bssBANK0     002A
_usb_reset_all                barfunc      0620
_usb_set_file_name            barfunc      0625
_usb_set_mode                 barfunc      06A2
_usb_target_status            bssBANK0     0029
_usb_write_test_data          barfunc      0715
btemp                         (abs)        007E
byte_to_hex@data              cstackBANK0  0047
clear_ram0                    clrtext      0139
end_of_initialization         cinit        07FD
fifo_pop@temp                 cstackCOMMON 007A
fifo_push@data                cstackCOMMON 0078
intlevel0                     functab      0000
intlevel1                     functab      0000
intlevel2                     functab      0000
intlevel3                     functab      0000
intlevel4                     functab      0000
intlevel5                     functab      0000
main@state                    cstackBANK0  004E
main@temp                     cstackBANK0  004F
print_string_lcd@i            cstackBANK0  004A
print_string_lcd@string       cstackBANK0  0049
print_string_serial@i         cstackBANK0  0049
print_string_serial@string    cstackBANK0  004A
reset_vec                     reset_vec    0000
start                         init         0000
start_initialization          cinit        07BE
usb_autoconfig@temp           cstackBANK0  004C
wtemp0                        (abs)        007E


FUNCTION INFORMATION:

 *************** function _main *****************
 Defined at:
		line 307 in file "main.c"
 Parameters:    Size  Location     Type
		None
 Auto vars:     Size  Location     Type
  temp            1   10[BANK0 ] unsigned char 
  state           1    9[BANK0 ] unsigned char 
 Return value:  Size  Location     Type
                  1    wreg      void 
 Registers used:
		wreg, fsr0l, fsr0h, fsr1l, fsr1h, fsr1l, fsr1h, status,2, status,0, btemp+1, pclath, cstack
 Tracked objects:
		On entry : 
		On exit  : 
		Unchanged: 
 Data sizes:     COMMON   BANK0   BANK1   BANK3   BANK2
      Params:         0       0       0       0       0
      Locals:         0       2       0       0       0
      Temps:          0       1       0       0       0
      Totals:         0       3       0       0       0
Total ram usage:        3 bytes
 Hardware stack levels required when called:    6
 This function calls:
		_byte_to_hex
		_file_dump
		_initialize
		_lcd_clear2
		_lcd_line2
		_lcd_putc
		_mem_clear
		_mem_dump
		_print_capacity
		_print_name
		_print_query
		_print_string_lcd
		_print_string_serial
		_print_test_data
		_uart_read
		_uart_send
		_usb_autoconfig
		_usb_disk_connect
		_usb_disk_mount
		_usb_file_close
		_usb_file_create
		_usb_file_open
		_usb_file_read
		_usb_get_file_size
		_usb_get_status
		_usb_get_version
		_usb_reset_all
		_usb_set_file_name
		_usb_set_mode
		_usb_write_test_data
 This function is called by:
		Startup code after reset
 This function uses a non-reentrant model


 *************** function _usb_autoconfig *****************
 Defined at:
		line 266 in file "main.c"
 Parameters:    Size  Location     Type
		None
 Auto vars:     Size  Location     Type
  temp            1    7[BANK0 ] unsigned char 
 Return value:  Size  Location     Type
                  1    wreg      void 
 Registers used:
		wreg, fsr0l, fsr0h, fsr1l, fsr1h, fsr1l, fsr1h, status,2, status,0, btemp+1, pclath, cstack
 Tracked objects:
		On entry : 
		On exit  : 
		Unchanged: 
 Data sizes:     COMMON   BANK0   BANK1   BANK3   BANK2
      Params:         0       0       0       0       0
      Locals:         0       1       0       0       0
      Temps:          0       1       0       0       0
      Totals:         0       2       0       0       0
Total ram usage:        2 bytes
 Hardware stack levels used:    1
 Hardware stack levels required when called:    5
 This function calls:
		_byte_to_hex
		_delay_millis
		_print_query
		_print_string_serial
		_uart_send
		_usb_check_exists
		_usb_disk_connect
		_usb_disk_mount
		_usb_get_status
		_usb_get_version
		_usb_set_mode
 This function is called by:
		_main
 This function uses a non-reentrant model


 *************** function _print_query *****************
 Defined at:
		line 234 in file "main.c"
 Parameters:    Size  Location     Type
		None
 Auto vars:     Size  Location     Type
		None
 Return value:  Size  Location     Type
                  1    wreg      void 
 Registers used:
		wreg, fsr0l, fsr0h, fsr1l, fsr1h, fsr1l, fsr1h, status,2, status,0, btemp+1, pclath, cstack
 Tracked objects:
		On entry : 
		On exit  : 
		Unchanged: 
 Data sizes:     COMMON   BANK0   BANK1   BANK3   BANK2
      Params:         0       0       0       0       0
      Locals:         0       0       0       0       0
      Temps:          0       0       0       0       0
      Totals:         0       0       0       0       0
Total ram usage:        0 bytes
 Hardware stack levels used:    1
 Hardware stack levels required when called:    4
 This function calls:
		_byte_to_hex
		_print_string_serial
		_uart_send
		_usb_disk_query
 This function is called by:
		_usb_autoconfig
		_main
 This function uses a non-reentrant model


 *************** function _print_string_lcd *****************
 Defined at:
		line 184 in file "main.c"
 Parameters:    Size  Location     Type
  string          1    wreg     PTR const unsigned char 
		 -> STR_7(8), 
 Auto vars:     Size  Location     Type
  string          1    4[BANK0 ] PTR const unsigned char 
		 -> STR_7(8), 
  i               1    5[BANK0 ] unsigned char 
 Return value:  Size  Location     Type
                  1    wreg      void 
 Registers used:
		wreg, fsr0l, fsr0h, fsr1l, fsr1h, fsr1l, fsr1h, status,2, status,0, btemp+1, pclath, cstack
 Tracked objects:
		On entry : 
		On exit  : 
		Unchanged: 
 Data sizes:     COMMON   BANK0   BANK1   BANK3   BANK2
      Params:         0       0       0       0       0
      Locals:         0       2       0       0       0
      Temps:          0       1       0       0       0
      Totals:         0       3       0       0       0
Total ram usage:        3 bytes
 Hardware stack levels used:    1
 Hardware stack levels required when called:    3
 This function calls:
		_lcd_putc
 This function is called by:
		_main
 This function uses a non-reentrant model


 *************** function _print_capacity *****************
 Defined at:
		line 216 in file "main.c"
 Parameters:    Size  Location     Type
		None
 Auto vars:     Size  Location     Type
		None
 Return value:  Size  Location     Type
                  1    wreg      void 
 Registers used:
		wreg, fsr0l, fsr0h, fsr1l, fsr1h, fsr1l, fsr1h, status,2, status,0, btemp+1, pclath, cstack
 Tracked objects:
		On entry : 
		On exit  : 
		Unchanged: 
 Data sizes:     COMMON   BANK0   BANK1   BANK3   BANK2
      Params:         0       0       0       0       0
      Locals:         0       0       0       0       0
      Temps:          0       0       0       0       0
      Totals:         0       0       0       0       0
Total ram usage:        0 bytes
 Hardware stack levels used:    1
 Hardware stack levels required when called:    4
 This function calls:
		_byte_to_hex
		_print_string_serial
		_uart_send
		_usb_disk_capacity
 This function is called by:
		_main
 This function uses a non-reentrant model


 *************** function _print_string_serial *****************
 Defined at:
		line 195 in file "main.c"
 Parameters:    Size  Location     Type
  string          1    wreg     PTR const unsigned char 
		 -> STR_9(12), str_cmd_mode(14), STR_8(10), STR_6(9), 
		 -> STR_5(10), STR_4(17), STR_3(13), STR_2(16), 
		 -> STR_1(17), str_timeout(10), 
 Auto vars:     Size  Location     Type
  string          1    5[BANK0 ] PTR const unsigned char 
		 -> STR_9(12), str_cmd_mode(14), STR_8(10), STR_6(9), 
		 -> STR_5(10), STR_4(17), STR_3(13), STR_2(16), 
		 -> STR_1(17), str_timeout(10), 
  i               1    4[BANK0 ] unsigned char 
 Return value:  Size  Location     Type
                  1    wreg      void 
 Registers used:
		wreg, fsr0l, fsr0h, fsr1l, fsr1h, fsr1l, fsr1h, status,2, status,0, btemp+1, pclath, cstack
 Tracked objects:
		On entry : 
		On exit  : 
		Unchanged: 
 Data sizes:     COMMON   BANK0   BANK1   BANK3   BANK2
      Params:         0       0       0       0       0
      Locals:         0       2       0       0       0
      Temps:          0       1       0       0       0
      Totals:         0       3       0       0       0
Total ram usage:        3 bytes
 Hardware stack levels used:    1
 Hardware stack levels required when called:    3
 This function calls:
		_uart_send
 This function is called by:
		_print_capacity
		_print_query
		_usb_autoconfig
		_main
 This function uses a non-reentrant model


 *************** function _fifo_push *****************
 Defined at:
		line 119 in file "main.c"
 Parameters:    Size  Location     Type
  data            1    wreg     unsigned char 
 Auto vars:     Size  Location     Type
  data            1    1[COMMON] unsigned char 
 Return value:  Size  Location     Type
                  1    wreg      unsigned char 
 Registers used:
		wreg, fsr0l, fsr0h, status,2, status,0
 Tracked objects:
		On entry : 
		On exit  : 
		Unchanged: 
 Data sizes:     COMMON   BANK0   BANK1   BANK3   BANK2
      Params:         0       0       0       0       0
      Locals:         1       0       0       0       0
      Temps:          1       0       0       0       0
      Totals:         2       0       0       0       0
Total ram usage:        2 bytes
 Hardware stack levels used:    1
 This function calls:
		Nothing
 This function is called by:
		Interrupt level 1
 This function uses a non-reentrant model


 *************** function _fifo_pop *****************
 Defined at:
		line 147 in file "main.c"
 Parameters:    Size  Location     Type
		None
 Auto vars:     Size  Location     Type
  temp            1    3[COMMON] unsigned char 
 Return value:  Size  Location     Type
                  1    wreg      unsigned char 
 Registers used:
		wreg, fsr0l, fsr0h, status,2, status,0
 Tracked objects:
		On entry : 
		On exit  : 
		Unchanged: 
 Data sizes:     COMMON   BANK0   BANK1   BANK3   BANK2
      Params:         0       0       0       0       0
      Locals:         1       0       0       0       0
      Temps:          1       0       0       0       0
      Totals:         2       0       0       0       0
Total ram usage:        2 bytes
 Hardware stack levels used:    1
 This function calls:
		Nothing
 This function is called by:
		Interrupt level 1
 This function uses a non-reentrant model


 *************** function _byte_to_hex *****************
 Defined at:
		line 176 in file "main.c"
 Parameters:    Size  Location     Type
  data            1    wreg     unsigned char 
 Auto vars:     Size  Location     Type
  data            1    2[BANK0 ] unsigned char 
 Return value:  Size  Location     Type
                  1    wreg      void 
 Registers used:
		wreg, fsr0l, fsr0h, status,2, status,0, pclath
 Tracked objects:
		On entry : 
		On exit  : 
		Unchanged: 
 Data sizes:     COMMON   BANK0   BANK1   BANK3   BANK2
      Params:         0       0       0       0       0
      Locals:         0       1       0       0       0
      Temps:          0       2       0       0       0
      Totals:         0       3       0       0       0
Total ram usage:        3 bytes
 Hardware stack levels used:    2
 Hardware stack levels required when called:    2
 This function calls:
		Nothing
 This function is called by:
		_print_capacity
		_print_query
		_usb_autoconfig
		_main
 This function uses a non-reentrant model



MODULE INFORMATION

Module		Function		Class		Link	Load	Size
shared
		__stringtab    		STRING         	0002	0000	7
		_str_cmd_mode  		STRING         	0018	0000	15
		_hex_table     		STRING         	0008	0000	17
		__initialization		CODE           	07BE	0000	64
		_str_timeout   		STRING         	0026	0000	11

shared estimated size: 114

main.c
		_byte_to_hex   		CODE           	0183	0000	36
		_print_query   		CODE           	0262	0000	117
		_usb_autoconfig		CODE           	02D6	0000	135
		_main          		CODE           	035C	0000	313
		_print_string_serial		CODE           	0149	0000	30
		_print_string_lcd		CODE           	0166	0000	30
		_fifo_pop      		CODE           	01DE	0000	63
		_fifo_push     		CODE           	021C	0000	71
		_print_capacity		CODE           	01A6	0000	57

main.c estimated size: 852

