Microchip MPLAB XC8 Compiler V2.05 ()

Linker command line:

-W-3 --edf=/opt/microchip/xc8/v2.05/pic/dat/en_msgs.txt -cs \
  -h+dist/default/production/MC10_Tape_Drive_C.X.production.sym \
  --cmf=dist/default/production/MC10_Tape_Drive_C.X.production.cmf -z \
  -Q16F747 -o/tmp/xcXaZGzeH --defsym=__MPLAB_BUILD=1 \
  -Mdist/default/production/MC10_Tape_Drive_C.X.production.map -E1 -ver=XC8 \
  --acfsm=1493 -ASTACK=0150h-016Fh -pstack=STACK -ACODE=00h-07FFhx2 \
  -ASTRCODE=00h-0FFFh -ASTRING=00h-0FFhx16 -ACONST=00h-0FFhx16 \
  -AENTRY=00h-0FFhx16 -ACOMMON=070h-07Fh -ABANK0=020h-06Fh \
  -ABANK1=0A0h-0EFh -ABANK2=0110h-016Fh -ABANK3=0190h-01EFh \
  -ARAM=020h-06Fh,0A0h-0EFh,0110h-016Fh,0190h-01EFh \
  -AABS1=020h-07Fh,0A0h-0EFh,0110h-016Fh,0190h-01EFh -ASFR0=00h-01Fh \
  -ASFR1=080h-09Fh -ASFR2=0100h-010Fh -ASFR3=0180h-018Fh \
  -preset_vec=00h,intentry,init,end_init -ppowerup=CODE -pcinit=CODE \
  -pfunctab=ENTRY -ACONFIG=02007h-02008h -pconfig=CONFIG -DCONFIG=2 \
  -AIDLOC=02000h-02003h -pidloc=IDLOC -DIDLOC=2 -DCODE=2 -DSTRCODE=2 \
  -DSTRING=2 -DCONST=2 -DENTRY=2 -k /tmp/xcXPmmS1v.o \
  dist/default/production/MC10_Tape_Drive_C.X.production.o \
  build/default/production/core.o 

Object code version is 3.11

Machine type is 16F747



                Name                               Link     Load   Length Selector   Space Scale
/tmp/xcXPmmS1v.o
                end_init                              0        0        2        0       0
                config                             2007     2007        2     400E       0
dist/default/production/MC10_Tape_Drive_C.X.production.o
                cinit                               7BE      7BE       42      F7C       0
                text8                               1F0      1F0       23      3E0       0
                text7                               24B      24B       4D      496       0
                text6                               298      298       5B      530       0
                text5                               1B4      1B4       1E      368       0
                text4                               213      213       38      426       0
                text3                               1D2      1D2       1E      3A4       0
                text2                               2F3      2F3       76      5E6       0
                text1                               369      369       86      6D2       0
                maintext                            3EF      3EF      12D      7DE       0
                cstackBANK0                          69       69        4       20       1
                cstackCOMMON                         77       77        4       70       1
                cstackBANK1                          E0       E0        7       A0       1
                clrtext                             1A4      1A4        8      348       0
                bssBANK2                            110      110       40      110       1
                bssBANK3                            190      190       60      190       1
                bssBANK1                             A0       A0       40       A0       1
                dataBANK0                            61       61        8       20       1
                bssBANK0                             20       20       41       20       1
                bssCOMMON                            70       70        7       70       1
                strings                               2        2       9E        4       0
                idataBANK0                          1AC      1AC        8      358       0
build/default/production/core.o
                barfunc                             51C      51C      2A2      A38       0

TOTAL           Name                               Link     Load   Length     Space
        CLASS   STACK          

        CLASS   CODE           
                end_init                              0        0        2         0
                cinit                               7BE      7BE       42         0
                text8                               1F0      1F0       23         0
                text7                               24B      24B       4D         0
                text6                               298      298       5B         0
                text5                               1B4      1B4       1E         0
                text4                               213      213       38         0
                text3                               1D2      1D2       1E         0
                text2                               2F3      2F3       76         0
                text1                               369      369       86         0
                maintext                            3EF      3EF      12D         0
                clrtext                             1A4      1A4        8         0
                idataBANK0                          1AC      1AC        8         0
                barfunc                             51C      51C      2A2         0

        CLASS   STRCODE        

        CLASS   STRING         
                strings                               2        2       9E         0

        CLASS   CONST          

        CLASS   ENTRY          

        CLASS   COMMON         
                cstackCOMMON                         77       77        4         1
                bssCOMMON                            70       70        7         1

        CLASS   BANK0          
                cstackBANK0                          69       69        4         1
                dataBANK0                            61       61        8         1
                bssBANK0                             20       20       41         1

        CLASS   BANK1          
                cstackBANK1                          E0       E0        7         1
                bssBANK1                             A0       A0       40         1

        CLASS   BANK2          
                bssBANK2                            110      110       40         1

        CLASS   BANK3          
                bssBANK3                            190      190       60         1

        CLASS   RAM            

        CLASS   ABS1           
                abs_s1                               7E       7E        2         1

        CLASS   SFR0           

        CLASS   SFR1           

        CLASS   SFR2           

        CLASS   SFR3           

        CLASS   CONFIG         
                config                             2007     2007        2         0

        CLASS   IDLOC          

        CLASS   EEDATA         



SEGMENTS        Name                           Load    Length   Top    Selector   Space  Class     Delta

                reset_vec                      000000  000002  000002         0       0  CODE        2
                strings                        000002  00009E  0000A0         4       0  STRING      2
                bssBANK0                       000020  00004D  00006D        20       1  BANK0       1
                bssCOMMON                      000070  00000B  00007B        70       1  COMMON      1
                bssBANK1                       0000A0  000047  0000E7        A0       1  BANK1       1
                bssBANK2                       000110  000040  000150       110       1  BANK2       1
                bssBANK3                       000190  000060  0001F0       190       1  BANK3       1
                clrtext                        0001A4  000008  0001AC       348       0  CODE        2
                idataBANK0                     0001AC  000008  0001B4       358       0  CODE        2
                text5                          0001B4  00001E  0001D2       368       0  CODE        2
                text3                          0001D2  00001E  0001F0       3A4       0  CODE        2
                text8                          0001F0  000023  000213       3E0       0  CODE        2
                text4                          000213  000038  00024B       426       0  CODE        2
                text7                          00024B  00004D  000298       496       0  CODE        2
                text6                          000298  00005B  0002F3       530       0  CODE        2
                text2                          0002F3  000076  000369       5E6       0  CODE        2
                text1                          000369  000086  0003EF       6D2       0  CODE        2
                maintext                       0003EF  00012D  00051C       7DE       0  CODE        2
                barfunc                        00051C  0002A2  0007BE       A38       0  CODE        2
                cinit                          0007BE  000042  000800       F7C       0  CODE        2
                config                         002007  000002  002009      400E       0  CONFIG      2


UNUSED ADDRESS RANGES

        Name                Unused          Largest block    Delta
        BANK0            006D-006F              3           1
        BANK1            00E7-00EF              9           1
        BANK2            0150-016F             20           1
        CODE             00A0-01A3            104           2
                         0800-0FFF            800
        COMMON           007B-007D              3           1
        CONST            00A0-01A3             60           2
                         0800-0FFF            100
        ENTRY            00A0-01A3             60           2
                         0800-0FFF            100
        IDLOC            2000-2003              4           2
        RAM              006D-006F              3           1
                         00E7-00EF              9
                         0150-016F             20
        SFR0             0000-001F             20           1
        SFR1             0080-009F             20           1
        SFR2             0100-010F             10           1
        SFR3             0180-018F             10           1
        STACK            0150-016F             20           1
        STRCODE          00A0-01A3            104           2
                         0800-0FFF            800
        STRING           00A0-01A3             60           2
                         0800-0FFF            100

                                  Symbol Table

__CFG_BOREN$ON                (abs)        0000
__CFG_BORSEN$OFF              (abs)        0000
__CFG_BORV$42                 (abs)        0000
__CFG_CCP2MX$RC1              (abs)        0000
__CFG_CP$OFF                  (abs)        0000
__CFG_FCMEN$OFF               (abs)        0000
__CFG_FOSC$XT                 (abs)        0000
__CFG_IESO$OFF                (abs)        0000
__CFG_MCLRE$ON                (abs)        0000
__CFG_PWRTE$ON                (abs)        0000
__CFG_WDTE$OFF                (abs)        0000
__Habs1                       abs1         0000
__Hbank0                      bank0        0000
__Hbank1                      bank1        0000
__Hbank2                      bank2        0000
__Hbank3                      bank3        0000
__HbssBANK0                   bssBANK0     0000
__HbssBANK1                   bssBANK1     0000
__HbssBANK2                   bssBANK2     0000
__HbssBANK3                   bssBANK3     0000
__HbssCOMMON                  bssCOMMON    0000
__Hcinit                      cinit        0800
__Hclrtext                    clrtext      0000
__Hcode                       code         0000
__Hcommon                     common       0000
__Hconfig                     config       2009
__HcstackBANK0                cstackBANK0  0000
__HcstackBANK1                cstackBANK1  0000
__HcstackCOMMON               cstackCOMMON 0000
__HdataBANK0                  dataBANK0    0000
__Heeprom_data                eeprom_data  0000
__Hend_init                   end_init     0002
__Hfunctab                    functab      0000
__HidataBANK0                 idataBANK0   0000
__Hidloc                      idloc        0000
__Hinit                       init         0000
__Hintentry                   intentry     0000
__Hmaintext                   maintext     0000
__Hpa_nodes0                  pa_nodes0    0000
__Hpowerup                    powerup      0000
__Hram                        ram          0000
__Hreset_vec                  reset_vec    0000
__Hsfr0                       sfr0         0000
__Hsfr1                       sfr1         0000
__Hsfr2                       sfr2         0000
__Hsfr3                       sfr3         0000
__Hspace_0                    (abs)        2009
__Hspace_1                    (abs)        01F0
__Hspace_2                    (abs)        0000
__Hspace_3                    (abs)        0000
__Hstack                      stack        0000
__Hstrings                    strings      0000
__Htext                       text         0000
__Labs1                       abs1         0000
__Lbank0                      bank0        0000
__Lbank1                      bank1        0000
__Lbank2                      bank2        0000
__Lbank3                      bank3        0000
__LbssBANK0                   bssBANK0     0000
__LbssBANK1                   bssBANK1     0000
__LbssBANK2                   bssBANK2     0000
__LbssBANK3                   bssBANK3     0000
__LbssCOMMON                  bssCOMMON    0000
__Lcinit                      cinit        07BE
__Lclrtext                    clrtext      0000
__Lcode                       code         0000
__Lcommon                     common       0000
__Lconfig                     config       2007
__LcstackBANK0                cstackBANK0  0000
__LcstackBANK1                cstackBANK1  0000
__LcstackCOMMON               cstackCOMMON 0000
__LdataBANK0                  dataBANK0    0000
__Leeprom_data                eeprom_data  0000
__Lend_init                   end_init     0000
__Lfunctab                    functab      0000
__LidataBANK0                 idataBANK0   0000
__Lidloc                      idloc        0000
__Linit                       init         0000
__Lintentry                   intentry     0000
__Lmaintext                   maintext     0000
__Lpa_nodes0                  pa_nodes0    0000
__Lpowerup                    powerup      0000
__Lram                        ram          0000
__Lreset_vec                  reset_vec    0000
__Lsfr0                       sfr0         0000
__Lsfr1                       sfr1         0000
__Lsfr2                       sfr2         0000
__Lsfr3                       sfr3         0000
__Lspace_0                    (abs)        0000
__Lspace_1                    (abs)        0000
__Lspace_2                    (abs)        0000
__Lspace_3                    (abs)        0000
__Lstack                      stack        0000
__Lstrings                    strings      0000
__Ltext                       text         0000
__S0                          (abs)        2009
__S1                          (abs)        01F0
__S2                          (abs)        0000
___int_sp                     stack        0000
___latbits                    (abs)        0001
___sp                         stack        0000
___stackhi                    (abs)        0000
___stacklo                    (abs)        0000
__end_of__initialization      cinit        07FD
__end_of__stringtab           strings      0008
__end_of_byte_to_hex          text8        0213
__end_of_fifo_pop             text7        0298
__end_of_fifo_push            text6        02F3
__end_of_hex_table            strings      0018
__end_of_main                 maintext     051C
__end_of_print_capacity       text4        024B
__end_of_print_query          text2        0369
__end_of_print_string_lcd     text3        01F0
__end_of_print_string_serial  text5        01D2
__end_of_str_cmd_mode         strings      0026
__end_of_str_timeout          strings      0030
__end_of_usb_autoconfig       text1        03EF
__initialization              cinit        07BE
__pbssBANK0                   bssBANK0     0020
__pbssBANK1                   bssBANK1     00A0
__pbssBANK2                   bssBANK2     0110
__pbssBANK3                   bssBANK3     0190
__pbssCOMMON                  bssCOMMON    0070
__pcstackBANK0                cstackBANK0  0069
__pcstackBANK1                cstackBANK1  00E0
__pcstackCOMMON               cstackCOMMON 0077
__pdataBANK0                  dataBANK0    0061
__pidataBANK0                 idataBANK0   01AC
__pmaintext                   maintext     03EF
__pstrings                    strings      0002
__ptext1                      text1        0369
__ptext2                      text2        02F3
__ptext3                      text3        01D2
__ptext4                      text4        0213
__ptext5                      text5        01B4
__ptext6                      text6        0298
__ptext7                      text7        024B
__ptext8                      text8        01F0
__size_of_byte_to_hex         (abs)        0000
__size_of_fifo_pop            (abs)        0000
__size_of_fifo_push           (abs)        0000
__size_of_main                (abs)        0000
__size_of_print_capacity      (abs)        0000
__size_of_print_query         (abs)        0000
__size_of_print_string_lcd    (abs)        0000
__size_of_print_string_serial (abs)        0000
__size_of_usb_autoconfig      (abs)        0000
__stringbase                  strings      0007
__stringtab                   strings      0002
_byte_to_hex                  text8        01F0
_delay_counter                bssBANK0     0044
_delay_millis                 barfunc      0669
_fifo_bank_A                  bssBANK3     0190
_fifo_bank_B                  bssBANK2     0110
_fifo_bank_C                  bssBANK0     0020
_fifo_bank_D                  bssBANK1     00C0
_fifo_bank_E                  bssBANK1     00A0
_fifo_bank_F                  bssBANK3     01D0
_fifo_num_bytes               bssBANK0     0040
_fifo_pop                     text7        024B
_fifo_push                    text6        0298
_fifo_read_bank               bssBANK0     0042
_fifo_read_idx                bssCOMMON    0071
_fifo_write_bank              bssBANK0     0041
_fifo_write_idx               bssCOMMON    0070
_flag_reg                     bssBANK0     0043
_gen_count                    bssBANK0     0059
_gen_count2                   bssBANK0     0058
_gen_count3                   bssBANK0     0057
_gen_count4                   bssBANK0     0056
_hex_char_high                bssCOMMON    0076
_hex_char_low                 bssCOMMON    0075
_hex_table                    strings      0008
_initialize                   barfunc      051C
_lcd_clear2                   barfunc      0622
_lcd_line2                    barfunc      0609
_lcd_putc                     barfunc      05D6
_lcd_send                     barfunc      05DC
_ldel_count                   bssBANK0     005A
_main                         maintext     03EF
_mem_clear                    barfunc      0550
_mem_dump                     barfunc      055E
_print_capacity               text4        0213
_print_name                   barfunc      063A
_print_query                  text2        02F3
_print_string_lcd             text3        01D2
_print_string_serial          text5        01B4
_print_test_data              barfunc      0675
_pulse_e                      barfunc      062F
_ram_address_h                bssBANK0     005D
_ram_address_l                bssBANK0     005C
_s_reg_high                   bssBANK0     0048
_s_reg_low                    bssBANK0     0047
_sdel_count                   bssBANK0     005B
_str_cmd_mode                 strings      0018
_str_timeout                  strings      0026
_tape_name                    dataBANK0    0061
_tape_size_high               bssBANK0     0055
_tape_size_low                bssBANK0     0054
_temp3                        bssBANK0     0060
_temp4                        bssBANK0     005F
_temp5                        bssBANK0     005E
_timeout_high                 bssBANK0     0046
_timeout_low                  bssBANK0     0045
_uart_read                    barfunc      056C
_uart_send                    barfunc      0570
_usb_autoconfig               text1        0369
_usb_bytes_read_high          bssBANK0     0051
_usb_bytes_read_low           bssBANK0     0050
_usb_check_exists             barfunc      06E2
_usb_disk_capacity            barfunc      072D
_usb_disk_connect             barfunc      070B
_usb_disk_mount               barfunc      0706
_usb_disk_query               barfunc      074D
_usb_drive_size1              bssCOMMON    0074
_usb_drive_size2              bssCOMMON    0073
_usb_drive_size3              bssCOMMON    0072
_usb_file_close               barfunc      06AB
_usb_file_create              barfunc      06EC
_usb_file_open                barfunc      06A6
_usb_file_read                barfunc      077C
_usb_file_size_high           bssBANK0     0053
_usb_file_size_low            bssBANK0     0052
_usb_free_space1              bssBANK0     004F
_usb_free_space2              bssBANK0     004E
_usb_free_space3              bssBANK0     004D
_usb_get_file_size            barfunc      06D1
_usb_get_status               barfunc      06FF
_usb_get_version              barfunc      0718
_usb_logical_bytes1           bssBANK0     004C
_usb_logical_bytes2           bssBANK0     004B
_usb_logical_bytes3           bssBANK0     004A
_usb_reset_all                barfunc      068E
_usb_set_file_name            barfunc      0693
_usb_set_mode                 barfunc      0710
_usb_target_status            bssBANK0     0049
btemp                         (abs)        007E
byte_to_hex@data              cstackBANK0  006B
clear_ram0                    clrtext      01A4
end_of_initialization         cinit        07FD
fifo_pop@temp                 cstackCOMMON 007A
fifo_push@data                cstackCOMMON 0078
intlevel0                     functab      0000
intlevel1                     functab      0000
intlevel2                     functab      0000
intlevel3                     functab      0000
intlevel4                     functab      0000
intlevel5                     functab      0000
main@state                    cstackBANK1  00E5
main@temp                     cstackBANK1  00E6
print_string_lcd@i            cstackBANK1  00E1
print_string_lcd@string       cstackBANK1  00E0
print_string_serial@i         cstackBANK1  00E0
print_string_serial@string    cstackBANK1  00E1
reset_vec                     reset_vec    0000
start                         init         0000
start_initialization          cinit        07BE
usb_autoconfig@temp           cstackBANK1  00E3
wtemp0                        (abs)        007E


FUNCTION INFORMATION:

 *************** function _main *****************
 Defined at:
		line 317 in file "main.c"
 Parameters:    Size  Location     Type
		None
 Auto vars:     Size  Location     Type
  temp            1    6[BANK1 ] unsigned char 
  state           1    5[BANK1 ] unsigned char 
 Return value:  Size  Location     Type
                  1    wreg      void 
 Registers used:
		wreg, fsr0l, fsr0h, fsr1l, fsr1h, fsr1l, fsr1h, status,2, status,0, btemp+1, pclath, cstack
 Tracked objects:
		On entry : 
		On exit  : 
		Unchanged: 
 Data sizes:     COMMON   BANK0   BANK1   BANK3   BANK2
      Params:         0       0       0       0       0
      Locals:         0       0       2       0       0
      Temps:          0       0       1       0       0
      Totals:         0       0       3       0       0
Total ram usage:        3 bytes
 Hardware stack levels required when called:    6
 This function calls:
		_byte_to_hex
		_delay_millis
		_initialize
		_lcd_clear2
		_lcd_line2
		_lcd_putc
		_mem_clear
		_mem_dump
		_print_capacity
		_print_name
		_print_query
		_print_string_lcd
		_print_string_serial
		_print_test_data
		_uart_read
		_uart_send
		_usb_autoconfig
		_usb_disk_connect
		_usb_disk_mount
		_usb_file_close
		_usb_file_create
		_usb_file_open
		_usb_file_read
		_usb_get_file_size
		_usb_get_status
		_usb_get_version
		_usb_reset_all
		_usb_set_file_name
		_usb_set_mode
 This function is called by:
		Startup code after reset
 This function uses a non-reentrant model


 *************** function _usb_autoconfig *****************
 Defined at:
		line 276 in file "main.c"
 Parameters:    Size  Location     Type
		None
 Auto vars:     Size  Location     Type
  temp            1    3[BANK1 ] unsigned char 
 Return value:  Size  Location     Type
                  1    wreg      void 
 Registers used:
		wreg, fsr0l, fsr0h, fsr1l, fsr1h, fsr1l, fsr1h, status,2, status,0, btemp+1, pclath, cstack
 Tracked objects:
		On entry : 
		On exit  : 
		Unchanged: 
 Data sizes:     COMMON   BANK0   BANK1   BANK3   BANK2
      Params:         0       0       0       0       0
      Locals:         0       0       1       0       0
      Temps:          0       0       1       0       0
      Totals:         0       0       2       0       0
Total ram usage:        2 bytes
 Hardware stack levels used:    1
 Hardware stack levels required when called:    5
 This function calls:
		_byte_to_hex
		_delay_millis
		_print_query
		_print_string_serial
		_uart_send
		_usb_check_exists
		_usb_disk_connect
		_usb_disk_mount
		_usb_get_status
		_usb_get_version
		_usb_set_mode
 This function is called by:
		_main
 This function uses a non-reentrant model


 *************** function _print_query *****************
 Defined at:
		line 244 in file "main.c"
 Parameters:    Size  Location     Type
		None
 Auto vars:     Size  Location     Type
		None
 Return value:  Size  Location     Type
                  1    wreg      void 
 Registers used:
		wreg, fsr0l, fsr0h, fsr1l, fsr1h, fsr1l, fsr1h, status,2, status,0, btemp+1, pclath, cstack
 Tracked objects:
		On entry : 
		On exit  : 
		Unchanged: 
 Data sizes:     COMMON   BANK0   BANK1   BANK3   BANK2
      Params:         0       0       0       0       0
      Locals:         0       0       0       0       0
      Temps:          0       0       0       0       0
      Totals:         0       0       0       0       0
Total ram usage:        0 bytes
 Hardware stack levels used:    1
 Hardware stack levels required when called:    4
 This function calls:
		_byte_to_hex
		_print_string_serial
		_uart_send
		_usb_disk_query
 This function is called by:
		_usb_autoconfig
		_main
 This function uses a non-reentrant model


 *************** function _print_string_lcd *****************
 Defined at:
		line 194 in file "main.c"
 Parameters:    Size  Location     Type
  string          1    wreg     PTR const unsigned char 
		 -> STR_7(8), 
 Auto vars:     Size  Location     Type
  string          1    0[BANK1 ] PTR const unsigned char 
		 -> STR_7(8), 
  i               1    1[BANK1 ] unsigned char 
 Return value:  Size  Location     Type
                  1    wreg      void 
 Registers used:
		wreg, fsr0l, fsr0h, fsr1l, fsr1h, fsr1l, fsr1h, status,2, status,0, btemp+1, pclath, cstack
 Tracked objects:
		On entry : 
		On exit  : 
		Unchanged: 
 Data sizes:     COMMON   BANK0   BANK1   BANK3   BANK2
      Params:         0       0       0       0       0
      Locals:         0       0       2       0       0
      Temps:          0       1       0       0       0
      Totals:         0       1       2       0       0
Total ram usage:        3 bytes
 Hardware stack levels used:    1
 Hardware stack levels required when called:    3
 This function calls:
		_lcd_putc
 This function is called by:
		_main
 This function uses a non-reentrant model


 *************** function _print_capacity *****************
 Defined at:
		line 226 in file "main.c"
 Parameters:    Size  Location     Type
		None
 Auto vars:     Size  Location     Type
		None
 Return value:  Size  Location     Type
                  1    wreg      void 
 Registers used:
		wreg, fsr0l, fsr0h, fsr1l, fsr1h, fsr1l, fsr1h, status,2, status,0, btemp+1, pclath, cstack
 Tracked objects:
		On entry : 
		On exit  : 
		Unchanged: 
 Data sizes:     COMMON   BANK0   BANK1   BANK3   BANK2
      Params:         0       0       0       0       0
      Locals:         0       0       0       0       0
      Temps:          0       0       0       0       0
      Totals:         0       0       0       0       0
Total ram usage:        0 bytes
 Hardware stack levels used:    1
 Hardware stack levels required when called:    4
 This function calls:
		_byte_to_hex
		_print_string_serial
		_uart_send
		_usb_disk_capacity
 This function is called by:
		_main
 This function uses a non-reentrant model


 *************** function _print_string_serial *****************
 Defined at:
		line 205 in file "main.c"
 Parameters:    Size  Location     Type
  string          1    wreg     PTR const unsigned char 
		 -> STR_9(12), str_cmd_mode(14), STR_8(10), STR_6(9), 
		 -> STR_5(10), STR_4(17), STR_3(13), STR_2(16), 
		 -> STR_1(17), str_timeout(10), 
 Auto vars:     Size  Location     Type
  string          1    1[BANK1 ] PTR const unsigned char 
		 -> STR_9(12), str_cmd_mode(14), STR_8(10), STR_6(9), 
		 -> STR_5(10), STR_4(17), STR_3(13), STR_2(16), 
		 -> STR_1(17), str_timeout(10), 
  i               1    0[BANK1 ] unsigned char 
 Return value:  Size  Location     Type
                  1    wreg      void 
 Registers used:
		wreg, fsr0l, fsr0h, fsr1l, fsr1h, fsr1l, fsr1h, status,2, status,0, btemp+1, pclath, cstack
 Tracked objects:
		On entry : 
		On exit  : 
		Unchanged: 
 Data sizes:     COMMON   BANK0   BANK1   BANK3   BANK2
      Params:         0       0       0       0       0
      Locals:         0       0       2       0       0
      Temps:          0       1       0       0       0
      Totals:         0       1       2       0       0
Total ram usage:        3 bytes
 Hardware stack levels used:    1
 Hardware stack levels required when called:    3
 This function calls:
		_uart_send
 This function is called by:
		_print_capacity
		_print_query
		_usb_autoconfig
		_main
 This function uses a non-reentrant model


 *************** function _fifo_push *****************
 Defined at:
		line 117 in file "main.c"
 Parameters:    Size  Location     Type
  data            1    wreg     unsigned char 
 Auto vars:     Size  Location     Type
  data            1    1[COMMON] unsigned char 
 Return value:  Size  Location     Type
                  1    wreg      unsigned char 
 Registers used:
		wreg, fsr0l, fsr0h, status,2, status,0
 Tracked objects:
		On entry : 
		On exit  : 
		Unchanged: 
 Data sizes:     COMMON   BANK0   BANK1   BANK3   BANK2
      Params:         0       0       0       0       0
      Locals:         1       0       0       0       0
      Temps:          1       0       0       0       0
      Totals:         2       0       0       0       0
Total ram usage:        2 bytes
 Hardware stack levels used:    1
 This function calls:
		Nothing
 This function is called by:
		Interrupt level 1
 This function uses a non-reentrant model


 *************** function _fifo_pop *****************
 Defined at:
		line 151 in file "main.c"
 Parameters:    Size  Location     Type
		None
 Auto vars:     Size  Location     Type
  temp            1    3[COMMON] unsigned char 
 Return value:  Size  Location     Type
                  1    wreg      unsigned char 
 Registers used:
		wreg, fsr0l, fsr0h, status,2, status,0
 Tracked objects:
		On entry : 
		On exit  : 
		Unchanged: 
 Data sizes:     COMMON   BANK0   BANK1   BANK3   BANK2
      Params:         0       0       0       0       0
      Locals:         1       0       0       0       0
      Temps:          1       0       0       0       0
      Totals:         2       0       0       0       0
Total ram usage:        2 bytes
 Hardware stack levels used:    1
 This function calls:
		Nothing
 This function is called by:
		Interrupt level 1
 This function uses a non-reentrant model


 *************** function _byte_to_hex *****************
 Defined at:
		line 186 in file "main.c"
 Parameters:    Size  Location     Type
  data            1    wreg     unsigned char 
 Auto vars:     Size  Location     Type
  data            1    2[BANK0 ] unsigned char 
 Return value:  Size  Location     Type
                  1    wreg      void 
 Registers used:
		wreg, fsr0l, fsr0h, status,2, status,0, pclath
 Tracked objects:
		On entry : 
		On exit  : 
		Unchanged: 
 Data sizes:     COMMON   BANK0   BANK1   BANK3   BANK2
      Params:         0       0       0       0       0
      Locals:         0       1       0       0       0
      Temps:          0       2       0       0       0
      Totals:         0       3       0       0       0
Total ram usage:        3 bytes
 Hardware stack levels used:    2
 Hardware stack levels required when called:    2
 This function calls:
		Nothing
 This function is called by:
		_print_capacity
		_print_query
		_usb_autoconfig
		_main
 This function uses a non-reentrant model



MODULE INFORMATION

Module		Function		Class		Link	Load	Size
shared
		__stringtab    		STRING         	0002	0000	7
		_str_cmd_mode  		STRING         	0018	0000	15
		_hex_table     		STRING         	0008	0000	17
		__initialization		CODE           	07BE	0000	64
		_str_timeout   		STRING         	0026	0000	11

shared estimated size: 114

main.c
		_byte_to_hex   		CODE           	01F0	0000	36
		_print_query   		CODE           	02F3	0000	119
		_usb_autoconfig		CODE           	0369	0000	135
		_main          		CODE           	03EF	0000	302
		_print_string_serial		CODE           	01B4	0000	31
		_print_string_lcd		CODE           	01D2	0000	31
		_fifo_pop      		CODE           	024B	0000	78
		_fifo_push     		CODE           	0298	0000	92
		_print_capacity		CODE           	0213	0000	57

main.c estimated size: 881

