MPLINK 5.09, LINKER
Linker Map File - Created Tue Mar 22 15:07:29 2022

                                 Section Info
                  Section       Type    Address   Location Size(Bytes)
                ---------  ---------  ---------  ---------  ---------
                      RST       code   0x000000    program   0x000004
                   .cinit    romdata   0x000002    program   0x000004
                      INT       code   0x000004    program   0x000002
                    START       code   0x000005    program   0x000b46
                  STRINGS       code   0x000800    program   0x0000ac
                 STRINGS2       code   0x000900    program   0x0000d2
.config_2007_BUILD/DEFAULT/PRODUCTION/MAIN.O       code   0x002007    program   0x000002
.config_2008_BUILD/DEFAULT/PRODUCTION/MAIN.O       code   0x002008    program   0x000002
                    BUFS1      udata   0x000020       data   0x000050
                     VARS      udata   0x0000a0       data   0x000035
                    BUFS3      udata   0x000110       data   0x000060
                    BUFS2      udata   0x000190       data   0x000060



                              Program Memory Usage 
                               Start         End      
                           ---------   ---------      
                            0x000000    0x0005a7      
                            0x000800    0x000855      
                            0x000900    0x000968      
                            0x002007    0x002008      
            1641 out of 4103 program addresses used, program memory utilization is 39%



                              Symbols - Sorted by Name
                     Name    Address   Location    Storage File                     
                ---------  ---------  ---------  --------- ---------                
              BACK_STRING   0x00083e    program     static C:\Users\Administrator\Documents\MC-10_Tape_Drive.X\main.ASM
          BLOCK_DATA_LOOP   0x000215    program     static C:\Users\Administrator\Documents\MC-10_Tape_Drive.X\main.ASM
                  BP_HALT   0x00024c    program     static C:\Users\Administrator\Documents\MC-10_Tape_Drive.X\main.ASM
                BUFF_FILL   0x000585    program     static C:\Users\Administrator\Documents\MC-10_Tape_Drive.X\main.ASM
           BUFF_FILL_LOOP   0x000586    program     static C:\Users\Administrator\Documents\MC-10_Tape_Drive.X\main.ASM
                BUFF_INIT   0x000581    program     static C:\Users\Administrator\Documents\MC-10_Tape_Drive.X\main.ASM
           BUFF_READ_AUTO   0x00058e    program     static C:\Users\Administrator\Documents\MC-10_Tape_Drive.X\main.ASM
          BUFF_WRITE_AUTO   0x00058b    program     static C:\Users\Administrator\Documents\MC-10_Tape_Drive.X\main.ASM
                  BUFR_B0   0x00059a    program     static C:\Users\Administrator\Documents\MC-10_Tape_Drive.X\main.ASM
                  BUFR_B1   0x0005a0    program     static C:\Users\Administrator\Documents\MC-10_Tape_Drive.X\main.ASM
                  BUFR_B2   0x00059b    program     static C:\Users\Administrator\Documents\MC-10_Tape_Drive.X\main.ASM
                  BUFR_B3   0x0005a4    program     static C:\Users\Administrator\Documents\MC-10_Tape_Drive.X\main.ASM
                BUFR_EVEN   0x000598    program     static C:\Users\Administrator\Documents\MC-10_Tape_Drive.X\main.ASM
                 BUFR_INC   0x000590    program     static C:\Users\Administrator\Documents\MC-10_Tape_Drive.X\main.ASM
                 BUFR_ODD   0x00059e    program     static C:\Users\Administrator\Documents\MC-10_Tape_Drive.X\main.ASM
              BUILD_ALIGN   0x00021e    program     static C:\Users\Administrator\Documents\MC-10_Tape_Drive.X\main.ASM
               BUILD_BYTE   0x000224    program     static C:\Users\Administrator\Documents\MC-10_Tape_Drive.X\main.ASM
              BUILD_ERROR   0x000236    program     static C:\Users\Administrator\Documents\MC-10_Tape_Drive.X\main.ASM
               BUILD_LOOP   0x000226    program     static C:\Users\Administrator\Documents\MC-10_Tape_Drive.X\main.ASM
           BUILD_NO_ERROR   0x000239    program     static C:\Users\Administrator\Documents\MC-10_Tape_Drive.X\main.ASM
              BUILD_PANIC   0x000249    program     static C:\Users\Administrator\Documents\MC-10_Tape_Drive.X\main.ASM
               BUILD_WORD   0x0002e9    program     static C:\Users\Administrator\Documents\MC-10_Tape_Drive.X\main.ASM
          BUILD_WORD_LOOP   0x0002eb    program     static C:\Users\Administrator\Documents\MC-10_Tape_Drive.X\main.ASM
              BYTE_TO_HEX   0x0002de    program     static C:\Users\Administrator\Documents\MC-10_Tape_Drive.X\main.ASM
                     CFS2   0x000333    program     static C:\Users\Administrator\Documents\MC-10_Tape_Drive.X\main.ASM
                     CFS3   0x00033a    program     static C:\Users\Administrator\Documents\MC-10_Tape_Drive.X\main.ASM
                     CFS4   0x000343    program     static C:\Users\Administrator\Documents\MC-10_Tape_Drive.X\main.ASM
         CHECK_FREE_SPACE   0x00032b    program     static C:\Users\Administrator\Documents\MC-10_Tape_Drive.X\main.ASM
             CLEARDISPLAY   0x000147    program     static C:\Users\Administrator\Documents\MC-10_Tape_Drive.X\main.ASM
                 CLLOOP40   0x00015c    program     static C:\Users\Administrator\Documents\MC-10_Tape_Drive.X\main.ASM
         CMD_CLEARDISPLAY   0x00008e    program     static C:\Users\Administrator\Documents\MC-10_Tape_Drive.X\main.ASM
           CMD_LCD_CLEAR1   0x00008a    program     static C:\Users\Administrator\Documents\MC-10_Tape_Drive.X\main.ASM
           CMD_LCD_CLEAR2   0x00008c    program     static C:\Users\Administrator\Documents\MC-10_Tape_Drive.X\main.ASM
                CMD_LINE2   0x000088    program     static C:\Users\Administrator\Documents\MC-10_Tape_Drive.X\main.ASM
            CMD_MEM_CLEAR   0x000097    program     static C:\Users\Administrator\Documents\MC-10_Tape_Drive.X\main.ASM
             CMD_MEM_DUMP   0x000092    program     static C:\Users\Administrator\Documents\MC-10_Tape_Drive.X\main.ASM
           CMD_PRINT_HOME   0x000094    program     static C:\Users\Administrator\Documents\MC-10_Tape_Drive.X\main.ASM
           CMD_PRINT_NAME   0x000090    program     static C:\Users\Administrator\Documents\MC-10_Tape_Drive.X\main.ASM
              CMD_SETHOME   0x000086    program     static C:\Users\Administrator\Documents\MC-10_Tape_Drive.X\main.ASM
             DELAY_MILLIS   0x000302    program     static C:\Users\Administrator\Documents\MC-10_Tape_Drive.X\main.ASM
                DISPLAYON   0x00013f    program     static C:\Users\Administrator\Documents\MC-10_Tape_Drive.X\main.ASM
                 DM_INNER   0x000306    program     static C:\Users\Administrator\Documents\MC-10_Tape_Drive.X\main.ASM
                 DM_OUTER   0x000304    program     static C:\Users\Administrator\Documents\MC-10_Tape_Drive.X\main.ASM
         FIRST_BLOCK_LOOP   0x0001f8    program     static C:\Users\Administrator\Documents\MC-10_Tape_Drive.X\main.ASM
            FULLDELAY_232   0x00094c    program     static C:\Users\Administrator\Documents\MC-10_Tape_Drive.X\main.ASM
           FULLDELAY_2322   0x00094e    program     static C:\Users\Administrator\Documents\MC-10_Tape_Drive.X\main.ASM
          FUNCTIONSET_LCD   0x000135    program     static C:\Users\Administrator\Documents\MC-10_Tape_Drive.X\main.ASM
               GET_LEADER   0x0001d7    program     static C:\Users\Administrator\Documents\MC-10_Tape_Drive.X\main.ASM
            GET_TEST_BYTE   0x0002f7    program     static C:\Users\Administrator\Documents\MC-10_Tape_Drive.X\main.ASM
                   GL_FIX   0x0001e1    program     static C:\Users\Administrator\Documents\MC-10_Tape_Drive.X\main.ASM
                  GL_FIX2   0x0001e4    program     static C:\Users\Administrator\Documents\MC-10_Tape_Drive.X\main.ASM
               GTB_UPDATE   0x0002fd    program     static C:\Users\Administrator\Documents\MC-10_Tape_Drive.X\main.ASM
            HALFDELAY_232   0x000953    program     static C:\Users\Administrator\Documents\MC-10_Tape_Drive.X\main.ASM
           HALFDELAY_2322   0x000955    program     static C:\Users\Administrator\Documents\MC-10_Tape_Drive.X\main.ASM
               HEX_STRING   0x000845    program     static C:\Users\Administrator\Documents\MC-10_Tape_Drive.X\main.ASM
              HOME_STRING   0x000809    program     static C:\Users\Administrator\Documents\MC-10_Tape_Drive.X\main.ASM
               INITIALIZE   0x000005    program     static C:\Users\Administrator\Documents\MC-10_Tape_Drive.X\main.ASM
           INT_TEST_START   0x000962    program     static C:\Users\Administrator\Documents\MC-10_Tape_Drive.X\main.ASM
            INT_TEST_STOP   0x000967    program     static C:\Users\Administrator\Documents\MC-10_Tape_Drive.X\main.ASM
               LCD_CLEAR1   0x000164    program     static C:\Users\Administrator\Documents\MC-10_Tape_Drive.X\main.ASM
              LCD_CLEAR12   0x00016a    program     static C:\Users\Administrator\Documents\MC-10_Tape_Drive.X\main.ASM
               LCD_CLEAR2   0x000172    program     static C:\Users\Administrator\Documents\MC-10_Tape_Drive.X\main.ASM
              LCD_CLEAR22   0x000178    program     static C:\Users\Administrator\Documents\MC-10_Tape_Drive.X\main.ASM
                 LCD_SEND   0x000126    program     static C:\Users\Administrator\Documents\MC-10_Tape_Drive.X\main.ASM
            LCD_SEND_LOOP   0x000129    program     static C:\Users\Administrator\Documents\MC-10_Tape_Drive.X\main.ASM
              LEADER_LOOP   0x0001d9    program     static C:\Users\Administrator\Documents\MC-10_Tape_Drive.X\main.ASM
               LEADER_OUT   0x000260    program     static C:\Users\Administrator\Documents\MC-10_Tape_Drive.X\main.ASM
              LEADER_OUT2   0x000278    program     static C:\Users\Administrator\Documents\MC-10_Tape_Drive.X\main.ASM
              LEADER_WAIT   0x000262    program     static C:\Users\Administrator\Documents\MC-10_Tape_Drive.X\main.ASM
             LEADER_WAIT2   0x00027a    program     static C:\Users\Administrator\Documents\MC-10_Tape_Drive.X\main.ASM
                LINE2_LCD   0x000157    program     static C:\Users\Administrator\Documents\MC-10_Tape_Drive.X\main.ASM
                   LISTEN   0x00006e    program     static C:\Users\Administrator\Documents\MC-10_Tape_Drive.X\main.ASM
                  LISTEN2   0x000076    program     static C:\Users\Administrator\Documents\MC-10_Tape_Drive.X\main.ASM
              LOAD_STRING   0x000817    program     static C:\Users\Administrator\Documents\MC-10_Tape_Drive.X\main.ASM
                     MAIN   0x00003e    program     static C:\Users\Administrator\Documents\MC-10_Tape_Drive.X\main.ASM
                MEM_CLEAR   0x000099    program     static C:\Users\Administrator\Documents\MC-10_Tape_Drive.X\main.ASM
           MEM_CLEAR_LOOP   0x00009f    program     static C:\Users\Administrator\Documents\MC-10_Tape_Drive.X\main.ASM
                 MEM_DUMP   0x0000ab    program     static C:\Users\Administrator\Documents\MC-10_Tape_Drive.X\main.ASM
            MEM_DUMP_LOOP   0x0000af    program     static C:\Users\Administrator\Documents\MC-10_Tape_Drive.X\main.ASM
                NAME_COPY   0x0001d0    program     static C:\Users\Administrator\Documents\MC-10_Tape_Drive.X\main.ASM
              NEXT_STRING   0x000837    program     static C:\Users\Administrator\Documents\MC-10_Tape_Drive.X\main.ASM
            NOT_EOF_BLOCK   0x000210    program     static C:\Users\Administrator\Documents\MC-10_Tape_Drive.X\main.ASM
                   PHASE1   0x0002a6    program     static C:\Users\Administrator\Documents\MC-10_Tape_Drive.X\main.ASM
                   PHASE2   0x0002ad    program     static C:\Users\Administrator\Documents\MC-10_Tape_Drive.X\main.ASM
              PHASE2_NEXT   0x0002bb    program     static C:\Users\Administrator\Documents\MC-10_Tape_Drive.X\main.ASM
                   PHASE3   0x0002b5    program     static C:\Users\Administrator\Documents\MC-10_Tape_Drive.X\main.ASM
                   PHASE4   0x0002b9    program     static C:\Users\Administrator\Documents\MC-10_Tape_Drive.X\main.ASM
               PHASE_DONE   0x0002c4    program     static C:\Users\Administrator\Documents\MC-10_Tape_Drive.X\main.ASM
                  PN_LOOP   0x000191    program     static C:\Users\Administrator\Documents\MC-10_Tape_Drive.X\main.ASM
               PRINT_NAME   0x00018b    program     static C:\Users\Administrator\Documents\MC-10_Tape_Drive.X\main.ASM
         PRINT_STRING_LCD   0x00019b    program     static C:\Users\Administrator\Documents\MC-10_Tape_Drive.X\main.ASM
      PRINT_STRING_SERIAL   0x0001ad    program     static C:\Users\Administrator\Documents\MC-10_Tape_Drive.X\main.ASM
          PRINT_TEST_DATA   0x00030d    program     static C:\Users\Administrator\Documents\MC-10_Tape_Drive.X\main.ASM
                     PSL2   0x00019d    program     static C:\Users\Administrator\Documents\MC-10_Tape_Drive.X\main.ASM
                     PSS2   0x0001ae    program     static C:\Users\Administrator\Documents\MC-10_Tape_Drive.X\main.ASM
                PTD_INNER   0x00030f    program     static C:\Users\Administrator\Documents\MC-10_Tape_Drive.X\main.ASM
           PTD_NO_NEWLINE   0x000316    program     static C:\Users\Administrator\Documents\MC-10_Tape_Drive.X\main.ASM
                PTD_OUTER   0x00030e    program     static C:\Users\Administrator\Documents\MC-10_Tape_Drive.X\main.ASM
                  PULSE_E   0x000180    program     static C:\Users\Administrator\Documents\MC-10_Tape_Drive.X\main.ASM
               RAM_CONFIG   0x000112    program     static C:\Users\Administrator\Documents\MC-10_Tape_Drive.X\main.ASM
             RAM_CONFIG_C   0x000118    program     static C:\Users\Administrator\Documents\MC-10_Tape_Drive.X\main.ASM
             RAM_CONFIG_D   0x00011f    program     static C:\Users\Administrator\Documents\MC-10_Tape_Drive.X\main.ASM
                 RAM_READ   0x0000c7    program     static C:\Users\Administrator\Documents\MC-10_Tape_Drive.X\main.ASM
            RAM_READ_AUTO   0x0000c4    program     static C:\Users\Administrator\Documents\MC-10_Tape_Drive.X\main.ASM
              RAM_WAIT_AH   0x0000cd    program     static C:\Users\Administrator\Documents\MC-10_Tape_Drive.X\main.ASM
              RAM_WAIT_AL   0x0000d5    program     static C:\Users\Administrator\Documents\MC-10_Tape_Drive.X\main.ASM
               RAM_WAIT_D   0x0000dc    program     static C:\Users\Administrator\Documents\MC-10_Tape_Drive.X\main.ASM
               RAM_WAIT_R   0x0000e3    program     static C:\Users\Administrator\Documents\MC-10_Tape_Drive.X\main.ASM
                RAM_WRITE   0x0000ee    program     static C:\Users\Administrator\Documents\MC-10_Tape_Drive.X\main.ASM
             RAM_WRITE_AH   0x0000f4    program     static C:\Users\Administrator\Documents\MC-10_Tape_Drive.X\main.ASM
             RAM_WRITE_AL   0x0000fc    program     static C:\Users\Administrator\Documents\MC-10_Tape_Drive.X\main.ASM
           RAM_WRITE_AUTO   0x0000eb    program     static C:\Users\Administrator\Documents\MC-10_Tape_Drive.X\main.ASM
              RAM_WRITE_D   0x000104    program     static C:\Users\Administrator\Documents\MC-10_Tape_Drive.X\main.ASM
              RAM_WRITE_R   0x00010b    program     static C:\Users\Administrator\Documents\MC-10_Tape_Drive.X\main.ASM
                  RECEIVE   0x00092e    program     static C:\Users\Administrator\Documents\MC-10_Tape_Drive.X\main.ASM
              SAVE_BLOCKS   0x000201    program     static C:\Users\Administrator\Documents\MC-10_Tape_Drive.X\main.ASM
         SAVE_FIRST_BLOCK   0x0001ec    program     static C:\Users\Administrator\Documents\MC-10_Tape_Drive.X\main.ASM
              SAVE_STRING   0x00081e    program     static C:\Users\Administrator\Documents\MC-10_Tape_Drive.X\main.ASM
                 SEND_232   0x000900    program     static C:\Users\Administrator\Documents\MC-10_Tape_Drive.X\main.ASM
              SEND_STRING   0x000825    program     static C:\Users\Administrator\Documents\MC-10_Tape_Drive.X\main.ASM
                SEND_TAPE   0x000084    program     static C:\Users\Administrator\Documents\MC-10_Tape_Drive.X\main.ASM
              SETHOME_LCD   0x00014f    program     static C:\Users\Administrator\Documents\MC-10_Tape_Drive.X\main.ASM
             SPI_TRANSFER   0x0002d3    program     static C:\Users\Administrator\Documents\MC-10_Tape_Drive.X\main.ASM
                 SPI_WAIT   0x0002d7    program     static C:\Users\Administrator\Documents\MC-10_Tape_Drive.X\main.ASM
             STRING_TABLE   0x000800    program     static C:\Users\Administrator\Documents\MC-10_Tape_Drive.X\main.ASM
               TAPE_DELAY   0x00024d    program     static C:\Users\Administrator\Documents\MC-10_Tape_Drive.X\main.ASM
                  TAPE_IN   0x0001ba    program     static C:\Users\Administrator\Documents\MC-10_Tape_Drive.X\main.ASM
                 TAPE_INT   0x000291    program     static C:\Users\Administrator\Documents\MC-10_Tape_Drive.X\main.ASM
           TAPE_NAMEBLOCK   0x000268    program     static C:\Users\Administrator\Documents\MC-10_Tape_Drive.X\main.ASM
                  TAPE_NE   0x00027e    program     static C:\Users\Administrator\Documents\MC-10_Tape_Drive.X\main.ASM
                 TAPE_OUT   0x000253    program     static C:\Users\Administrator\Documents\MC-10_Tape_Drive.X\main.ASM
               TAPE_PAUSE   0x0002c6    program     static C:\Users\Administrator\Documents\MC-10_Tape_Drive.X\main.ASM
                  TAPE_W1   0x000269    program     static C:\Users\Administrator\Documents\MC-10_Tape_Drive.X\main.ASM
                  TAPE_W2   0x00026b    program     static C:\Users\Administrator\Documents\MC-10_Tape_Drive.X\main.ASM
                  TAPE_W3   0x00027f    program     static C:\Users\Administrator\Documents\MC-10_Tape_Drive.X\main.ASM
                  TAPE_W4   0x000281    program     static C:\Users\Administrator\Documents\MC-10_Tape_Drive.X\main.ASM
            TIMEOUT_ERROR   0x000569    program     static C:\Users\Administrator\Documents\MC-10_Tape_Drive.X\main.ASM
           TIMEOUT_STRING   0x00082c    program     static C:\Users\Administrator\Documents\MC-10_Tape_Drive.X\main.ASM
                      TP1   0x0002c8    program     static C:\Users\Administrator\Documents\MC-10_Tape_Drive.X\main.ASM
                      TP2   0x0002ca    program     static C:\Users\Administrator\Documents\MC-10_Tape_Drive.X\main.ASM
                      TP3   0x0002cc    program     static C:\Users\Administrator\Documents\MC-10_Tape_Drive.X\main.ASM
              TXDELAY_232   0x00095c    program     static C:\Users\Administrator\Documents\MC-10_Tape_Drive.X\main.ASM
             TXDELAY_2322   0x00095e    program     static C:\Users\Administrator\Documents\MC-10_Tape_Drive.X\main.ASM
                UART_READ   0x0000ba    program     static C:\Users\Administrator\Documents\MC-10_Tape_Drive.X\main.ASM
                UART_SEND   0x0000bf    program     static C:\Users\Administrator\Documents\MC-10_Tape_Drive.X\main.ASM
                 UFR_DONE   0x000557    program     static C:\Users\Administrator\Documents\MC-10_Tape_Drive.X\main.ASM
                   UFR_GO   0x00054f    program     static C:\Users\Administrator\Documents\MC-10_Tape_Drive.X\main.ASM
                 UFR_LOOP   0x000543    program     static C:\Users\Administrator\Documents\MC-10_Tape_Drive.X\main.ASM
                UFW_BREAK   0x00050d    program     static C:\Users\Administrator\Documents\MC-10_Tape_Drive.X\main.ASM
                UFW_EQUAL   0x000526    program     static C:\Users\Administrator\Documents\MC-10_Tape_Drive.X\main.ASM
                   UFW_NB   0x00050b    program     static C:\Users\Administrator\Documents\MC-10_Tape_Drive.X\main.ASM
              UFW_ND_LOOP   0x0004ed    program     static C:\Users\Administrator\Documents\MC-10_Tape_Drive.X\main.ASM
                   UFW_NE   0x00051d    program     static C:\Users\Administrator\Documents\MC-10_Tape_Drive.X\main.ASM
              UFW_WR_LOOP   0x0004fe    program     static C:\Users\Administrator\Documents\MC-10_Tape_Drive.X\main.ASM
                 URD_LOOP   0x00038f    program     static C:\Users\Administrator\Documents\MC-10_Tape_Drive.X\main.ASM
            USB_BYTE_READ   0x000372    program     static C:\Users\Administrator\Documents\MC-10_Tape_Drive.X\main.ASM
         USB_BYTE_READ_GO   0x00037e    program     static C:\Users\Administrator\Documents\MC-10_Tape_Drive.X\main.ASM
           USB_BYTE_WRITE   0x0003be    program     static C:\Users\Administrator\Documents\MC-10_Tape_Drive.X\main.ASM
           USB_BYTE_WR_GO   0x0003ca    program     static C:\Users\Administrator\Documents\MC-10_Tape_Drive.X\main.ASM
         USB_CHECK_EXISTS   0x0003ab    program     static C:\Users\Administrator\Documents\MC-10_Tape_Drive.X\main.ASM
        USB_DISK_CAPACITY   0x000417    program     static C:\Users\Administrator\Documents\MC-10_Tape_Drive.X\main.ASM
         USB_DISK_CONNECT   0x0003de    program     static C:\Users\Administrator\Documents\MC-10_Tape_Drive.X\main.ASM
           USB_DISK_MOUNT   0x0003d8    program     static C:\Users\Administrator\Documents\MC-10_Tape_Drive.X\main.ASM
           USB_DISK_QUERY   0x00043c    program     static C:\Users\Administrator\Documents\MC-10_Tape_Drive.X\main.ASM
           USB_FILE_CLOSE   0x000369    program     static C:\Users\Administrator\Documents\MC-10_Tape_Drive.X\main.ASM
          USB_FILE_CREATE   0x0003b8    program     static C:\Users\Administrator\Documents\MC-10_Tape_Drive.X\main.ASM
            USB_FILE_OPEN   0x000363    program     static C:\Users\Administrator\Documents\MC-10_Tape_Drive.X\main.ASM
            USB_FILE_READ   0x000537    program     static C:\Users\Administrator\Documents\MC-10_Tape_Drive.X\main.ASM
           USB_FILE_WRITE   0x0004d0    program     static C:\Users\Administrator\Documents\MC-10_Tape_Drive.X\main.ASM
        USB_GET_FILE_SIZE   0x000396    program     static C:\Users\Administrator\Documents\MC-10_Tape_Drive.X\main.ASM
           USB_GET_STATUS   0x0003d0    program     static C:\Users\Administrator\Documents\MC-10_Tape_Drive.X\main.ASM
          USB_GET_VERSION   0x0003ff    program     static C:\Users\Administrator\Documents\MC-10_Tape_Drive.X\main.ASM
           USB_READ_DATA0   0x000384    program     static C:\Users\Administrator\Documents\MC-10_Tape_Drive.X\main.ASM
            USB_RESET_ALL   0x000347    program     static C:\Users\Administrator\Documents\MC-10_Tape_Drive.X\main.ASM
        USB_SET_FILE_NAME   0x00034d    program     static C:\Users\Administrator\Documents\MC-10_Tape_Drive.X\main.ASM
           USB_SET_MODE_5   0x0003e4    program     static C:\Users\Administrator\Documents\MC-10_Tape_Drive.X\main.ASM
           USB_SET_MODE_6   0x0003ed    program     static C:\Users\Administrator\Documents\MC-10_Tape_Drive.X\main.ASM
           USB_SET_MODE_7   0x0003f6    program     static C:\Users\Administrator\Documents\MC-10_Tape_Drive.X\main.ASM
          USB_WAIT_STATUS   0x000407    program     static C:\Users\Administrator\Documents\MC-10_Tape_Drive.X\main.ASM
      USB_WRITE_TEST_DATA   0x000473    program     static C:\Users\Administrator\Documents\MC-10_Tape_Drive.X\main.ASM
                USFN_LOOP   0x000359    program     static C:\Users\Administrator\Documents\MC-10_Tape_Drive.X\main.ASM
                 UWS_LOOP   0x000409    program     static C:\Users\Administrator\Documents\MC-10_Tape_Drive.X\main.ASM
               UWTD_BREAK   0x0004a4    program     static C:\Users\Administrator\Documents\MC-10_Tape_Drive.X\main.ASM
               UWTD_EQUAL   0x0004bd    program     static C:\Users\Administrator\Documents\MC-10_Tape_Drive.X\main.ASM
                  UWTD_L4   0x000480    program     static C:\Users\Administrator\Documents\MC-10_Tape_Drive.X\main.ASM
                  UWTD_NB   0x0004a2    program     static C:\Users\Administrator\Documents\MC-10_Tape_Drive.X\main.ASM
             UWTD_ND_LOOP   0x00048d    program     static C:\Users\Administrator\Documents\MC-10_Tape_Drive.X\main.ASM
                  UWTD_NE   0x0004b4    program     static C:\Users\Administrator\Documents\MC-10_Tape_Drive.X\main.ASM
             UWTD_WR_LOOP   0x000495    program     static C:\Users\Administrator\Documents\MC-10_Tape_Drive.X\main.ASM
                 WAIT_232   0x00092f    program     static C:\Users\Administrator\Documents\MC-10_Tape_Drive.X\main.ASM
               WAIT_START   0x00022b    program     static C:\Users\Administrator\Documents\MC-10_Tape_Drive.X\main.ASM
                WAIT_STOP   0x000230    program     static C:\Users\Administrator\Documents\MC-10_Tape_Drive.X\main.ASM
                BIT_COUNT   0x0000ba       data     static C:\Users\Administrator\Documents\MC-10_Tape_Drive.X\main.ASM
                 BUFFER_1   0x000020       data     static C:\Users\Administrator\Documents\MC-10_Tape_Drive.X\main.ASM
                 BUFFER_2   0x000190       data     static C:\Users\Administrator\Documents\MC-10_Tape_Drive.X\main.ASM
                 BUFFER_3   0x000110       data     static C:\Users\Administrator\Documents\MC-10_Tape_Drive.X\main.ASM
            DELAY_COUNTER   0x0000d1       data     static C:\Users\Administrator\Documents\MC-10_Tape_Drive.X\main.ASM
                     DREG   0x0000a0       data     static C:\Users\Administrator\Documents\MC-10_Tape_Drive.X\main.ASM
                 FLAG_REG   0x0000d4       data     static C:\Users\Administrator\Documents\MC-10_Tape_Drive.X\main.ASM
                GEN_COUNT   0x0000aa       data     static C:\Users\Administrator\Documents\MC-10_Tape_Drive.X\main.ASM
               GEN_COUNT2   0x0000ab       data     static C:\Users\Administrator\Documents\MC-10_Tape_Drive.X\main.ASM
               GEN_COUNT3   0x0000ac       data     static C:\Users\Administrator\Documents\MC-10_Tape_Drive.X\main.ASM
               GEN_COUNT4   0x0000ad       data     static C:\Users\Administrator\Documents\MC-10_Tape_Drive.X\main.ASM
               GEN_COUNT5   0x0000ae       data     static C:\Users\Administrator\Documents\MC-10_Tape_Drive.X\main.ASM
               GEN_COUNT6   0x0000af       data     static C:\Users\Administrator\Documents\MC-10_Tape_Drive.X\main.ASM
            HEX_CHAR_HIGH   0x0000bb       data     static C:\Users\Administrator\Documents\MC-10_Tape_Drive.X\main.ASM
             HEX_CHAR_LOW   0x0000bc       data     static C:\Users\Administrator\Documents\MC-10_Tape_Drive.X\main.ASM
               LDEL_COUNT   0x0000a9       data     static C:\Users\Administrator\Documents\MC-10_Tape_Drive.X\main.ASM
             PULSE_LENGTH   0x0000a5       data     static C:\Users\Administrator\Documents\MC-10_Tape_Drive.X\main.ASM
            RAM_ADDRESS_H   0x0000a6       data     static C:\Users\Administrator\Documents\MC-10_Tape_Drive.X\main.ASM
            RAM_ADDRESS_L   0x0000a7       data     static C:\Users\Administrator\Documents\MC-10_Tape_Drive.X\main.ASM
               SDEL_COUNT   0x0000a8       data     static C:\Users\Administrator\Documents\MC-10_Tape_Drive.X\main.ASM
                STRING_ID   0x0000d3       data     static C:\Users\Administrator\Documents\MC-10_Tape_Drive.X\main.ASM
             STRING_INDEX   0x0000d2       data     static C:\Users\Administrator\Documents\MC-10_Tape_Drive.X\main.ASM
               S_REG_HIGH   0x0000cd       data     static C:\Users\Administrator\Documents\MC-10_Tape_Drive.X\main.ASM
                S_REG_LOW   0x0000ce       data     static C:\Users\Administrator\Documents\MC-10_Tape_Drive.X\main.ASM
                TAPE_NAME   0x0000b0       data     static C:\Users\Administrator\Documents\MC-10_Tape_Drive.X\main.ASM
           TAPE_SIZE_HIGH   0x0000b8       data     static C:\Users\Administrator\Documents\MC-10_Tape_Drive.X\main.ASM
            TAPE_SIZE_LOW   0x0000b9       data     static C:\Users\Administrator\Documents\MC-10_Tape_Drive.X\main.ASM
                    TEMP1   0x0000a1       data     static C:\Users\Administrator\Documents\MC-10_Tape_Drive.X\main.ASM
                    TEMP2   0x0000a2       data     static C:\Users\Administrator\Documents\MC-10_Tape_Drive.X\main.ASM
                    TEMP3   0x0000a3       data     static C:\Users\Administrator\Documents\MC-10_Tape_Drive.X\main.ASM
                    TEMP4   0x0000a4       data     static C:\Users\Administrator\Documents\MC-10_Tape_Drive.X\main.ASM
             TIMEOUT_HIGH   0x0000d0       data     static C:\Users\Administrator\Documents\MC-10_Tape_Drive.X\main.ASM
              TIMEOUT_LOW   0x0000cf       data     static C:\Users\Administrator\Documents\MC-10_Tape_Drive.X\main.ASM
      USB_BYTES_READ_HIGH   0x0000c1       data     static C:\Users\Administrator\Documents\MC-10_Tape_Drive.X\main.ASM
       USB_BYTES_READ_LOW   0x0000c2       data     static C:\Users\Administrator\Documents\MC-10_Tape_Drive.X\main.ASM
      USB_BYTES_SENT_HIGH   0x0000bd       data     static C:\Users\Administrator\Documents\MC-10_Tape_Drive.X\main.ASM
       USB_BYTES_SENT_LOW   0x0000be       data     static C:\Users\Administrator\Documents\MC-10_Tape_Drive.X\main.ASM
          USB_DRIVE_SIZE1   0x0000c3       data     static C:\Users\Administrator\Documents\MC-10_Tape_Drive.X\main.ASM
          USB_DRIVE_SIZE2   0x0000c4       data     static C:\Users\Administrator\Documents\MC-10_Tape_Drive.X\main.ASM
          USB_DRIVE_SIZE3   0x0000c5       data     static C:\Users\Administrator\Documents\MC-10_Tape_Drive.X\main.ASM
       USB_FILE_SIZE_HIGH   0x0000bf       data     static C:\Users\Administrator\Documents\MC-10_Tape_Drive.X\main.ASM
        USB_FILE_SIZE_LOW   0x0000c0       data     static C:\Users\Administrator\Documents\MC-10_Tape_Drive.X\main.ASM
          USB_FREE_SPACE1   0x0000c6       data     static C:\Users\Administrator\Documents\MC-10_Tape_Drive.X\main.ASM
          USB_FREE_SPACE2   0x0000c7       data     static C:\Users\Administrator\Documents\MC-10_Tape_Drive.X\main.ASM
          USB_FREE_SPACE3   0x0000c8       data     static C:\Users\Administrator\Documents\MC-10_Tape_Drive.X\main.ASM
       USB_LOGICAL_BYTES1   0x0000c9       data     static C:\Users\Administrator\Documents\MC-10_Tape_Drive.X\main.ASM
       USB_LOGICAL_BYTES2   0x0000ca       data     static C:\Users\Administrator\Documents\MC-10_Tape_Drive.X\main.ASM
       USB_LOGICAL_BYTES3   0x0000cb       data     static C:\Users\Administrator\Documents\MC-10_Tape_Drive.X\main.ASM
        USB_TARGET_STATUS   0x0000cc       data     static C:\Users\Administrator\Documents\MC-10_Tape_Drive.X\main.ASM



                              Symbols - Sorted by Address
                     Name    Address   Location    Storage File                     
                ---------  ---------  ---------  --------- ---------                
               INITIALIZE   0x000005    program     static C:\Users\Administrator\Documents\MC-10_Tape_Drive.X\main.ASM
                     MAIN   0x00003e    program     static C:\Users\Administrator\Documents\MC-10_Tape_Drive.X\main.ASM
                   LISTEN   0x00006e    program     static C:\Users\Administrator\Documents\MC-10_Tape_Drive.X\main.ASM
                  LISTEN2   0x000076    program     static C:\Users\Administrator\Documents\MC-10_Tape_Drive.X\main.ASM
                SEND_TAPE   0x000084    program     static C:\Users\Administrator\Documents\MC-10_Tape_Drive.X\main.ASM
              CMD_SETHOME   0x000086    program     static C:\Users\Administrator\Documents\MC-10_Tape_Drive.X\main.ASM
                CMD_LINE2   0x000088    program     static C:\Users\Administrator\Documents\MC-10_Tape_Drive.X\main.ASM
           CMD_LCD_CLEAR1   0x00008a    program     static C:\Users\Administrator\Documents\MC-10_Tape_Drive.X\main.ASM
           CMD_LCD_CLEAR2   0x00008c    program     static C:\Users\Administrator\Documents\MC-10_Tape_Drive.X\main.ASM
         CMD_CLEARDISPLAY   0x00008e    program     static C:\Users\Administrator\Documents\MC-10_Tape_Drive.X\main.ASM
           CMD_PRINT_NAME   0x000090    program     static C:\Users\Administrator\Documents\MC-10_Tape_Drive.X\main.ASM
             CMD_MEM_DUMP   0x000092    program     static C:\Users\Administrator\Documents\MC-10_Tape_Drive.X\main.ASM
           CMD_PRINT_HOME   0x000094    program     static C:\Users\Administrator\Documents\MC-10_Tape_Drive.X\main.ASM
            CMD_MEM_CLEAR   0x000097    program     static C:\Users\Administrator\Documents\MC-10_Tape_Drive.X\main.ASM
                MEM_CLEAR   0x000099    program     static C:\Users\Administrator\Documents\MC-10_Tape_Drive.X\main.ASM
           MEM_CLEAR_LOOP   0x00009f    program     static C:\Users\Administrator\Documents\MC-10_Tape_Drive.X\main.ASM
                 MEM_DUMP   0x0000ab    program     static C:\Users\Administrator\Documents\MC-10_Tape_Drive.X\main.ASM
            MEM_DUMP_LOOP   0x0000af    program     static C:\Users\Administrator\Documents\MC-10_Tape_Drive.X\main.ASM
                UART_READ   0x0000ba    program     static C:\Users\Administrator\Documents\MC-10_Tape_Drive.X\main.ASM
                UART_SEND   0x0000bf    program     static C:\Users\Administrator\Documents\MC-10_Tape_Drive.X\main.ASM
            RAM_READ_AUTO   0x0000c4    program     static C:\Users\Administrator\Documents\MC-10_Tape_Drive.X\main.ASM
                 RAM_READ   0x0000c7    program     static C:\Users\Administrator\Documents\MC-10_Tape_Drive.X\main.ASM
              RAM_WAIT_AH   0x0000cd    program     static C:\Users\Administrator\Documents\MC-10_Tape_Drive.X\main.ASM
              RAM_WAIT_AL   0x0000d5    program     static C:\Users\Administrator\Documents\MC-10_Tape_Drive.X\main.ASM
               RAM_WAIT_D   0x0000dc    program     static C:\Users\Administrator\Documents\MC-10_Tape_Drive.X\main.ASM
               RAM_WAIT_R   0x0000e3    program     static C:\Users\Administrator\Documents\MC-10_Tape_Drive.X\main.ASM
           RAM_WRITE_AUTO   0x0000eb    program     static C:\Users\Administrator\Documents\MC-10_Tape_Drive.X\main.ASM
                RAM_WRITE   0x0000ee    program     static C:\Users\Administrator\Documents\MC-10_Tape_Drive.X\main.ASM
             RAM_WRITE_AH   0x0000f4    program     static C:\Users\Administrator\Documents\MC-10_Tape_Drive.X\main.ASM
             RAM_WRITE_AL   0x0000fc    program     static C:\Users\Administrator\Documents\MC-10_Tape_Drive.X\main.ASM
              RAM_WRITE_D   0x000104    program     static C:\Users\Administrator\Documents\MC-10_Tape_Drive.X\main.ASM
              RAM_WRITE_R   0x00010b    program     static C:\Users\Administrator\Documents\MC-10_Tape_Drive.X\main.ASM
               RAM_CONFIG   0x000112    program     static C:\Users\Administrator\Documents\MC-10_Tape_Drive.X\main.ASM
             RAM_CONFIG_C   0x000118    program     static C:\Users\Administrator\Documents\MC-10_Tape_Drive.X\main.ASM
             RAM_CONFIG_D   0x00011f    program     static C:\Users\Administrator\Documents\MC-10_Tape_Drive.X\main.ASM
                 LCD_SEND   0x000126    program     static C:\Users\Administrator\Documents\MC-10_Tape_Drive.X\main.ASM
            LCD_SEND_LOOP   0x000129    program     static C:\Users\Administrator\Documents\MC-10_Tape_Drive.X\main.ASM
          FUNCTIONSET_LCD   0x000135    program     static C:\Users\Administrator\Documents\MC-10_Tape_Drive.X\main.ASM
                DISPLAYON   0x00013f    program     static C:\Users\Administrator\Documents\MC-10_Tape_Drive.X\main.ASM
             CLEARDISPLAY   0x000147    program     static C:\Users\Administrator\Documents\MC-10_Tape_Drive.X\main.ASM
              SETHOME_LCD   0x00014f    program     static C:\Users\Administrator\Documents\MC-10_Tape_Drive.X\main.ASM
                LINE2_LCD   0x000157    program     static C:\Users\Administrator\Documents\MC-10_Tape_Drive.X\main.ASM
                 CLLOOP40   0x00015c    program     static C:\Users\Administrator\Documents\MC-10_Tape_Drive.X\main.ASM
               LCD_CLEAR1   0x000164    program     static C:\Users\Administrator\Documents\MC-10_Tape_Drive.X\main.ASM
              LCD_CLEAR12   0x00016a    program     static C:\Users\Administrator\Documents\MC-10_Tape_Drive.X\main.ASM
               LCD_CLEAR2   0x000172    program     static C:\Users\Administrator\Documents\MC-10_Tape_Drive.X\main.ASM
              LCD_CLEAR22   0x000178    program     static C:\Users\Administrator\Documents\MC-10_Tape_Drive.X\main.ASM
                  PULSE_E   0x000180    program     static C:\Users\Administrator\Documents\MC-10_Tape_Drive.X\main.ASM
               PRINT_NAME   0x00018b    program     static C:\Users\Administrator\Documents\MC-10_Tape_Drive.X\main.ASM
                  PN_LOOP   0x000191    program     static C:\Users\Administrator\Documents\MC-10_Tape_Drive.X\main.ASM
         PRINT_STRING_LCD   0x00019b    program     static C:\Users\Administrator\Documents\MC-10_Tape_Drive.X\main.ASM
                     PSL2   0x00019d    program     static C:\Users\Administrator\Documents\MC-10_Tape_Drive.X\main.ASM
      PRINT_STRING_SERIAL   0x0001ad    program     static C:\Users\Administrator\Documents\MC-10_Tape_Drive.X\main.ASM
                     PSS2   0x0001ae    program     static C:\Users\Administrator\Documents\MC-10_Tape_Drive.X\main.ASM
                  TAPE_IN   0x0001ba    program     static C:\Users\Administrator\Documents\MC-10_Tape_Drive.X\main.ASM
                NAME_COPY   0x0001d0    program     static C:\Users\Administrator\Documents\MC-10_Tape_Drive.X\main.ASM
               GET_LEADER   0x0001d7    program     static C:\Users\Administrator\Documents\MC-10_Tape_Drive.X\main.ASM
              LEADER_LOOP   0x0001d9    program     static C:\Users\Administrator\Documents\MC-10_Tape_Drive.X\main.ASM
                   GL_FIX   0x0001e1    program     static C:\Users\Administrator\Documents\MC-10_Tape_Drive.X\main.ASM
                  GL_FIX2   0x0001e4    program     static C:\Users\Administrator\Documents\MC-10_Tape_Drive.X\main.ASM
         SAVE_FIRST_BLOCK   0x0001ec    program     static C:\Users\Administrator\Documents\MC-10_Tape_Drive.X\main.ASM
         FIRST_BLOCK_LOOP   0x0001f8    program     static C:\Users\Administrator\Documents\MC-10_Tape_Drive.X\main.ASM
              SAVE_BLOCKS   0x000201    program     static C:\Users\Administrator\Documents\MC-10_Tape_Drive.X\main.ASM
            NOT_EOF_BLOCK   0x000210    program     static C:\Users\Administrator\Documents\MC-10_Tape_Drive.X\main.ASM
          BLOCK_DATA_LOOP   0x000215    program     static C:\Users\Administrator\Documents\MC-10_Tape_Drive.X\main.ASM
              BUILD_ALIGN   0x00021e    program     static C:\Users\Administrator\Documents\MC-10_Tape_Drive.X\main.ASM
               BUILD_BYTE   0x000224    program     static C:\Users\Administrator\Documents\MC-10_Tape_Drive.X\main.ASM
               BUILD_LOOP   0x000226    program     static C:\Users\Administrator\Documents\MC-10_Tape_Drive.X\main.ASM
               WAIT_START   0x00022b    program     static C:\Users\Administrator\Documents\MC-10_Tape_Drive.X\main.ASM
                WAIT_STOP   0x000230    program     static C:\Users\Administrator\Documents\MC-10_Tape_Drive.X\main.ASM
              BUILD_ERROR   0x000236    program     static C:\Users\Administrator\Documents\MC-10_Tape_Drive.X\main.ASM
           BUILD_NO_ERROR   0x000239    program     static C:\Users\Administrator\Documents\MC-10_Tape_Drive.X\main.ASM
              BUILD_PANIC   0x000249    program     static C:\Users\Administrator\Documents\MC-10_Tape_Drive.X\main.ASM
                  BP_HALT   0x00024c    program     static C:\Users\Administrator\Documents\MC-10_Tape_Drive.X\main.ASM
               TAPE_DELAY   0x00024d    program     static C:\Users\Administrator\Documents\MC-10_Tape_Drive.X\main.ASM
                 TAPE_OUT   0x000253    program     static C:\Users\Administrator\Documents\MC-10_Tape_Drive.X\main.ASM
               LEADER_OUT   0x000260    program     static C:\Users\Administrator\Documents\MC-10_Tape_Drive.X\main.ASM
              LEADER_WAIT   0x000262    program     static C:\Users\Administrator\Documents\MC-10_Tape_Drive.X\main.ASM
           TAPE_NAMEBLOCK   0x000268    program     static C:\Users\Administrator\Documents\MC-10_Tape_Drive.X\main.ASM
                  TAPE_W1   0x000269    program     static C:\Users\Administrator\Documents\MC-10_Tape_Drive.X\main.ASM
                  TAPE_W2   0x00026b    program     static C:\Users\Administrator\Documents\MC-10_Tape_Drive.X\main.ASM
              LEADER_OUT2   0x000278    program     static C:\Users\Administrator\Documents\MC-10_Tape_Drive.X\main.ASM
             LEADER_WAIT2   0x00027a    program     static C:\Users\Administrator\Documents\MC-10_Tape_Drive.X\main.ASM
                  TAPE_NE   0x00027e    program     static C:\Users\Administrator\Documents\MC-10_Tape_Drive.X\main.ASM
                  TAPE_W3   0x00027f    program     static C:\Users\Administrator\Documents\MC-10_Tape_Drive.X\main.ASM
                  TAPE_W4   0x000281    program     static C:\Users\Administrator\Documents\MC-10_Tape_Drive.X\main.ASM
                 TAPE_INT   0x000291    program     static C:\Users\Administrator\Documents\MC-10_Tape_Drive.X\main.ASM
                   PHASE1   0x0002a6    program     static C:\Users\Administrator\Documents\MC-10_Tape_Drive.X\main.ASM
                   PHASE2   0x0002ad    program     static C:\Users\Administrator\Documents\MC-10_Tape_Drive.X\main.ASM
                   PHASE3   0x0002b5    program     static C:\Users\Administrator\Documents\MC-10_Tape_Drive.X\main.ASM
                   PHASE4   0x0002b9    program     static C:\Users\Administrator\Documents\MC-10_Tape_Drive.X\main.ASM
              PHASE2_NEXT   0x0002bb    program     static C:\Users\Administrator\Documents\MC-10_Tape_Drive.X\main.ASM
               PHASE_DONE   0x0002c4    program     static C:\Users\Administrator\Documents\MC-10_Tape_Drive.X\main.ASM
               TAPE_PAUSE   0x0002c6    program     static C:\Users\Administrator\Documents\MC-10_Tape_Drive.X\main.ASM
                      TP1   0x0002c8    program     static C:\Users\Administrator\Documents\MC-10_Tape_Drive.X\main.ASM
                      TP2   0x0002ca    program     static C:\Users\Administrator\Documents\MC-10_Tape_Drive.X\main.ASM
                      TP3   0x0002cc    program     static C:\Users\Administrator\Documents\MC-10_Tape_Drive.X\main.ASM
             SPI_TRANSFER   0x0002d3    program     static C:\Users\Administrator\Documents\MC-10_Tape_Drive.X\main.ASM
                 SPI_WAIT   0x0002d7    program     static C:\Users\Administrator\Documents\MC-10_Tape_Drive.X\main.ASM
              BYTE_TO_HEX   0x0002de    program     static C:\Users\Administrator\Documents\MC-10_Tape_Drive.X\main.ASM
               BUILD_WORD   0x0002e9    program     static C:\Users\Administrator\Documents\MC-10_Tape_Drive.X\main.ASM
          BUILD_WORD_LOOP   0x0002eb    program     static C:\Users\Administrator\Documents\MC-10_Tape_Drive.X\main.ASM
            GET_TEST_BYTE   0x0002f7    program     static C:\Users\Administrator\Documents\MC-10_Tape_Drive.X\main.ASM
               GTB_UPDATE   0x0002fd    program     static C:\Users\Administrator\Documents\MC-10_Tape_Drive.X\main.ASM
             DELAY_MILLIS   0x000302    program     static C:\Users\Administrator\Documents\MC-10_Tape_Drive.X\main.ASM
                 DM_OUTER   0x000304    program     static C:\Users\Administrator\Documents\MC-10_Tape_Drive.X\main.ASM
                 DM_INNER   0x000306    program     static C:\Users\Administrator\Documents\MC-10_Tape_Drive.X\main.ASM
          PRINT_TEST_DATA   0x00030d    program     static C:\Users\Administrator\Documents\MC-10_Tape_Drive.X\main.ASM
                PTD_OUTER   0x00030e    program     static C:\Users\Administrator\Documents\MC-10_Tape_Drive.X\main.ASM
                PTD_INNER   0x00030f    program     static C:\Users\Administrator\Documents\MC-10_Tape_Drive.X\main.ASM
           PTD_NO_NEWLINE   0x000316    program     static C:\Users\Administrator\Documents\MC-10_Tape_Drive.X\main.ASM
         CHECK_FREE_SPACE   0x00032b    program     static C:\Users\Administrator\Documents\MC-10_Tape_Drive.X\main.ASM
                     CFS2   0x000333    program     static C:\Users\Administrator\Documents\MC-10_Tape_Drive.X\main.ASM
                     CFS3   0x00033a    program     static C:\Users\Administrator\Documents\MC-10_Tape_Drive.X\main.ASM
                     CFS4   0x000343    program     static C:\Users\Administrator\Documents\MC-10_Tape_Drive.X\main.ASM
            USB_RESET_ALL   0x000347    program     static C:\Users\Administrator\Documents\MC-10_Tape_Drive.X\main.ASM
        USB_SET_FILE_NAME   0x00034d    program     static C:\Users\Administrator\Documents\MC-10_Tape_Drive.X\main.ASM
                USFN_LOOP   0x000359    program     static C:\Users\Administrator\Documents\MC-10_Tape_Drive.X\main.ASM
            USB_FILE_OPEN   0x000363    program     static C:\Users\Administrator\Documents\MC-10_Tape_Drive.X\main.ASM
           USB_FILE_CLOSE   0x000369    program     static C:\Users\Administrator\Documents\MC-10_Tape_Drive.X\main.ASM
            USB_BYTE_READ   0x000372    program     static C:\Users\Administrator\Documents\MC-10_Tape_Drive.X\main.ASM
         USB_BYTE_READ_GO   0x00037e    program     static C:\Users\Administrator\Documents\MC-10_Tape_Drive.X\main.ASM
           USB_READ_DATA0   0x000384    program     static C:\Users\Administrator\Documents\MC-10_Tape_Drive.X\main.ASM
                 URD_LOOP   0x00038f    program     static C:\Users\Administrator\Documents\MC-10_Tape_Drive.X\main.ASM
        USB_GET_FILE_SIZE   0x000396    program     static C:\Users\Administrator\Documents\MC-10_Tape_Drive.X\main.ASM
         USB_CHECK_EXISTS   0x0003ab    program     static C:\Users\Administrator\Documents\MC-10_Tape_Drive.X\main.ASM
          USB_FILE_CREATE   0x0003b8    program     static C:\Users\Administrator\Documents\MC-10_Tape_Drive.X\main.ASM
           USB_BYTE_WRITE   0x0003be    program     static C:\Users\Administrator\Documents\MC-10_Tape_Drive.X\main.ASM
           USB_BYTE_WR_GO   0x0003ca    program     static C:\Users\Administrator\Documents\MC-10_Tape_Drive.X\main.ASM
           USB_GET_STATUS   0x0003d0    program     static C:\Users\Administrator\Documents\MC-10_Tape_Drive.X\main.ASM
           USB_DISK_MOUNT   0x0003d8    program     static C:\Users\Administrator\Documents\MC-10_Tape_Drive.X\main.ASM
         USB_DISK_CONNECT   0x0003de    program     static C:\Users\Administrator\Documents\MC-10_Tape_Drive.X\main.ASM
           USB_SET_MODE_5   0x0003e4    program     static C:\Users\Administrator\Documents\MC-10_Tape_Drive.X\main.ASM
           USB_SET_MODE_6   0x0003ed    program     static C:\Users\Administrator\Documents\MC-10_Tape_Drive.X\main.ASM
           USB_SET_MODE_7   0x0003f6    program     static C:\Users\Administrator\Documents\MC-10_Tape_Drive.X\main.ASM
          USB_GET_VERSION   0x0003ff    program     static C:\Users\Administrator\Documents\MC-10_Tape_Drive.X\main.ASM
          USB_WAIT_STATUS   0x000407    program     static C:\Users\Administrator\Documents\MC-10_Tape_Drive.X\main.ASM
                 UWS_LOOP   0x000409    program     static C:\Users\Administrator\Documents\MC-10_Tape_Drive.X\main.ASM
        USB_DISK_CAPACITY   0x000417    program     static C:\Users\Administrator\Documents\MC-10_Tape_Drive.X\main.ASM
           USB_DISK_QUERY   0x00043c    program     static C:\Users\Administrator\Documents\MC-10_Tape_Drive.X\main.ASM
      USB_WRITE_TEST_DATA   0x000473    program     static C:\Users\Administrator\Documents\MC-10_Tape_Drive.X\main.ASM
                  UWTD_L4   0x000480    program     static C:\Users\Administrator\Documents\MC-10_Tape_Drive.X\main.ASM
             UWTD_ND_LOOP   0x00048d    program     static C:\Users\Administrator\Documents\MC-10_Tape_Drive.X\main.ASM
             UWTD_WR_LOOP   0x000495    program     static C:\Users\Administrator\Documents\MC-10_Tape_Drive.X\main.ASM
                  UWTD_NB   0x0004a2    program     static C:\Users\Administrator\Documents\MC-10_Tape_Drive.X\main.ASM
               UWTD_BREAK   0x0004a4    program     static C:\Users\Administrator\Documents\MC-10_Tape_Drive.X\main.ASM
                  UWTD_NE   0x0004b4    program     static C:\Users\Administrator\Documents\MC-10_Tape_Drive.X\main.ASM
               UWTD_EQUAL   0x0004bd    program     static C:\Users\Administrator\Documents\MC-10_Tape_Drive.X\main.ASM
           USB_FILE_WRITE   0x0004d0    program     static C:\Users\Administrator\Documents\MC-10_Tape_Drive.X\main.ASM
              UFW_ND_LOOP   0x0004ed    program     static C:\Users\Administrator\Documents\MC-10_Tape_Drive.X\main.ASM
              UFW_WR_LOOP   0x0004fe    program     static C:\Users\Administrator\Documents\MC-10_Tape_Drive.X\main.ASM
                   UFW_NB   0x00050b    program     static C:\Users\Administrator\Documents\MC-10_Tape_Drive.X\main.ASM
                UFW_BREAK   0x00050d    program     static C:\Users\Administrator\Documents\MC-10_Tape_Drive.X\main.ASM
                   UFW_NE   0x00051d    program     static C:\Users\Administrator\Documents\MC-10_Tape_Drive.X\main.ASM
                UFW_EQUAL   0x000526    program     static C:\Users\Administrator\Documents\MC-10_Tape_Drive.X\main.ASM
            USB_FILE_READ   0x000537    program     static C:\Users\Administrator\Documents\MC-10_Tape_Drive.X\main.ASM
                 UFR_LOOP   0x000543    program     static C:\Users\Administrator\Documents\MC-10_Tape_Drive.X\main.ASM
                   UFR_GO   0x00054f    program     static C:\Users\Administrator\Documents\MC-10_Tape_Drive.X\main.ASM
                 UFR_DONE   0x000557    program     static C:\Users\Administrator\Documents\MC-10_Tape_Drive.X\main.ASM
            TIMEOUT_ERROR   0x000569    program     static C:\Users\Administrator\Documents\MC-10_Tape_Drive.X\main.ASM
                BUFF_INIT   0x000581    program     static C:\Users\Administrator\Documents\MC-10_Tape_Drive.X\main.ASM
                BUFF_FILL   0x000585    program     static C:\Users\Administrator\Documents\MC-10_Tape_Drive.X\main.ASM
           BUFF_FILL_LOOP   0x000586    program     static C:\Users\Administrator\Documents\MC-10_Tape_Drive.X\main.ASM
          BUFF_WRITE_AUTO   0x00058b    program     static C:\Users\Administrator\Documents\MC-10_Tape_Drive.X\main.ASM
           BUFF_READ_AUTO   0x00058e    program     static C:\Users\Administrator\Documents\MC-10_Tape_Drive.X\main.ASM
                 BUFR_INC   0x000590    program     static C:\Users\Administrator\Documents\MC-10_Tape_Drive.X\main.ASM
                BUFR_EVEN   0x000598    program     static C:\Users\Administrator\Documents\MC-10_Tape_Drive.X\main.ASM
                  BUFR_B0   0x00059a    program     static C:\Users\Administrator\Documents\MC-10_Tape_Drive.X\main.ASM
                  BUFR_B2   0x00059b    program     static C:\Users\Administrator\Documents\MC-10_Tape_Drive.X\main.ASM
                 BUFR_ODD   0x00059e    program     static C:\Users\Administrator\Documents\MC-10_Tape_Drive.X\main.ASM
                  BUFR_B1   0x0005a0    program     static C:\Users\Administrator\Documents\MC-10_Tape_Drive.X\main.ASM
                  BUFR_B3   0x0005a4    program     static C:\Users\Administrator\Documents\MC-10_Tape_Drive.X\main.ASM
             STRING_TABLE   0x000800    program     static C:\Users\Administrator\Documents\MC-10_Tape_Drive.X\main.ASM
              HOME_STRING   0x000809    program     static C:\Users\Administrator\Documents\MC-10_Tape_Drive.X\main.ASM
              LOAD_STRING   0x000817    program     static C:\Users\Administrator\Documents\MC-10_Tape_Drive.X\main.ASM
              SAVE_STRING   0x00081e    program     static C:\Users\Administrator\Documents\MC-10_Tape_Drive.X\main.ASM
              SEND_STRING   0x000825    program     static C:\Users\Administrator\Documents\MC-10_Tape_Drive.X\main.ASM
           TIMEOUT_STRING   0x00082c    program     static C:\Users\Administrator\Documents\MC-10_Tape_Drive.X\main.ASM
              NEXT_STRING   0x000837    program     static C:\Users\Administrator\Documents\MC-10_Tape_Drive.X\main.ASM
              BACK_STRING   0x00083e    program     static C:\Users\Administrator\Documents\MC-10_Tape_Drive.X\main.ASM
               HEX_STRING   0x000845    program     static C:\Users\Administrator\Documents\MC-10_Tape_Drive.X\main.ASM
                 SEND_232   0x000900    program     static C:\Users\Administrator\Documents\MC-10_Tape_Drive.X\main.ASM
                  RECEIVE   0x00092e    program     static C:\Users\Administrator\Documents\MC-10_Tape_Drive.X\main.ASM
                 WAIT_232   0x00092f    program     static C:\Users\Administrator\Documents\MC-10_Tape_Drive.X\main.ASM
            FULLDELAY_232   0x00094c    program     static C:\Users\Administrator\Documents\MC-10_Tape_Drive.X\main.ASM
           FULLDELAY_2322   0x00094e    program     static C:\Users\Administrator\Documents\MC-10_Tape_Drive.X\main.ASM
            HALFDELAY_232   0x000953    program     static C:\Users\Administrator\Documents\MC-10_Tape_Drive.X\main.ASM
           HALFDELAY_2322   0x000955    program     static C:\Users\Administrator\Documents\MC-10_Tape_Drive.X\main.ASM
              TXDELAY_232   0x00095c    program     static C:\Users\Administrator\Documents\MC-10_Tape_Drive.X\main.ASM
             TXDELAY_2322   0x00095e    program     static C:\Users\Administrator\Documents\MC-10_Tape_Drive.X\main.ASM
           INT_TEST_START   0x000962    program     static C:\Users\Administrator\Documents\MC-10_Tape_Drive.X\main.ASM
            INT_TEST_STOP   0x000967    program     static C:\Users\Administrator\Documents\MC-10_Tape_Drive.X\main.ASM
                 BUFFER_1   0x000020       data     static C:\Users\Administrator\Documents\MC-10_Tape_Drive.X\main.ASM
                     DREG   0x0000a0       data     static C:\Users\Administrator\Documents\MC-10_Tape_Drive.X\main.ASM
                    TEMP1   0x0000a1       data     static C:\Users\Administrator\Documents\MC-10_Tape_Drive.X\main.ASM
                    TEMP2   0x0000a2       data     static C:\Users\Administrator\Documents\MC-10_Tape_Drive.X\main.ASM
                    TEMP3   0x0000a3       data     static C:\Users\Administrator\Documents\MC-10_Tape_Drive.X\main.ASM
                    TEMP4   0x0000a4       data     static C:\Users\Administrator\Documents\MC-10_Tape_Drive.X\main.ASM
             PULSE_LENGTH   0x0000a5       data     static C:\Users\Administrator\Documents\MC-10_Tape_Drive.X\main.ASM
            RAM_ADDRESS_H   0x0000a6       data     static C:\Users\Administrator\Documents\MC-10_Tape_Drive.X\main.ASM
            RAM_ADDRESS_L   0x0000a7       data     static C:\Users\Administrator\Documents\MC-10_Tape_Drive.X\main.ASM
               SDEL_COUNT   0x0000a8       data     static C:\Users\Administrator\Documents\MC-10_Tape_Drive.X\main.ASM
               LDEL_COUNT   0x0000a9       data     static C:\Users\Administrator\Documents\MC-10_Tape_Drive.X\main.ASM
                GEN_COUNT   0x0000aa       data     static C:\Users\Administrator\Documents\MC-10_Tape_Drive.X\main.ASM
               GEN_COUNT2   0x0000ab       data     static C:\Users\Administrator\Documents\MC-10_Tape_Drive.X\main.ASM
               GEN_COUNT3   0x0000ac       data     static C:\Users\Administrator\Documents\MC-10_Tape_Drive.X\main.ASM
               GEN_COUNT4   0x0000ad       data     static C:\Users\Administrator\Documents\MC-10_Tape_Drive.X\main.ASM
               GEN_COUNT5   0x0000ae       data     static C:\Users\Administrator\Documents\MC-10_Tape_Drive.X\main.ASM
               GEN_COUNT6   0x0000af       data     static C:\Users\Administrator\Documents\MC-10_Tape_Drive.X\main.ASM
                TAPE_NAME   0x0000b0       data     static C:\Users\Administrator\Documents\MC-10_Tape_Drive.X\main.ASM
           TAPE_SIZE_HIGH   0x0000b8       data     static C:\Users\Administrator\Documents\MC-10_Tape_Drive.X\main.ASM
            TAPE_SIZE_LOW   0x0000b9       data     static C:\Users\Administrator\Documents\MC-10_Tape_Drive.X\main.ASM
                BIT_COUNT   0x0000ba       data     static C:\Users\Administrator\Documents\MC-10_Tape_Drive.X\main.ASM
            HEX_CHAR_HIGH   0x0000bb       data     static C:\Users\Administrator\Documents\MC-10_Tape_Drive.X\main.ASM
             HEX_CHAR_LOW   0x0000bc       data     static C:\Users\Administrator\Documents\MC-10_Tape_Drive.X\main.ASM
      USB_BYTES_SENT_HIGH   0x0000bd       data     static C:\Users\Administrator\Documents\MC-10_Tape_Drive.X\main.ASM
       USB_BYTES_SENT_LOW   0x0000be       data     static C:\Users\Administrator\Documents\MC-10_Tape_Drive.X\main.ASM
       USB_FILE_SIZE_HIGH   0x0000bf       data     static C:\Users\Administrator\Documents\MC-10_Tape_Drive.X\main.ASM
        USB_FILE_SIZE_LOW   0x0000c0       data     static C:\Users\Administrator\Documents\MC-10_Tape_Drive.X\main.ASM
      USB_BYTES_READ_HIGH   0x0000c1       data     static C:\Users\Administrator\Documents\MC-10_Tape_Drive.X\main.ASM
       USB_BYTES_READ_LOW   0x0000c2       data     static C:\Users\Administrator\Documents\MC-10_Tape_Drive.X\main.ASM
          USB_DRIVE_SIZE1   0x0000c3       data     static C:\Users\Administrator\Documents\MC-10_Tape_Drive.X\main.ASM
          USB_DRIVE_SIZE2   0x0000c4       data     static C:\Users\Administrator\Documents\MC-10_Tape_Drive.X\main.ASM
          USB_DRIVE_SIZE3   0x0000c5       data     static C:\Users\Administrator\Documents\MC-10_Tape_Drive.X\main.ASM
          USB_FREE_SPACE1   0x0000c6       data     static C:\Users\Administrator\Documents\MC-10_Tape_Drive.X\main.ASM
          USB_FREE_SPACE2   0x0000c7       data     static C:\Users\Administrator\Documents\MC-10_Tape_Drive.X\main.ASM
          USB_FREE_SPACE3   0x0000c8       data     static C:\Users\Administrator\Documents\MC-10_Tape_Drive.X\main.ASM
       USB_LOGICAL_BYTES1   0x0000c9       data     static C:\Users\Administrator\Documents\MC-10_Tape_Drive.X\main.ASM
       USB_LOGICAL_BYTES2   0x0000ca       data     static C:\Users\Administrator\Documents\MC-10_Tape_Drive.X\main.ASM
       USB_LOGICAL_BYTES3   0x0000cb       data     static C:\Users\Administrator\Documents\MC-10_Tape_Drive.X\main.ASM
        USB_TARGET_STATUS   0x0000cc       data     static C:\Users\Administrator\Documents\MC-10_Tape_Drive.X\main.ASM
               S_REG_HIGH   0x0000cd       data     static C:\Users\Administrator\Documents\MC-10_Tape_Drive.X\main.ASM
                S_REG_LOW   0x0000ce       data     static C:\Users\Administrator\Documents\MC-10_Tape_Drive.X\main.ASM
              TIMEOUT_LOW   0x0000cf       data     static C:\Users\Administrator\Documents\MC-10_Tape_Drive.X\main.ASM
             TIMEOUT_HIGH   0x0000d0       data     static C:\Users\Administrator\Documents\MC-10_Tape_Drive.X\main.ASM
            DELAY_COUNTER   0x0000d1       data     static C:\Users\Administrator\Documents\MC-10_Tape_Drive.X\main.ASM
             STRING_INDEX   0x0000d2       data     static C:\Users\Administrator\Documents\MC-10_Tape_Drive.X\main.ASM
                STRING_ID   0x0000d3       data     static C:\Users\Administrator\Documents\MC-10_Tape_Drive.X\main.ASM
                 FLAG_REG   0x0000d4       data     static C:\Users\Administrator\Documents\MC-10_Tape_Drive.X\main.ASM
                 BUFFER_3   0x000110       data     static C:\Users\Administrator\Documents\MC-10_Tape_Drive.X\main.ASM
                 BUFFER_2   0x000190       data     static C:\Users\Administrator\Documents\MC-10_Tape_Drive.X\main.ASM


